[single-agent] session: C:\Users\t-zhijjiang\Downloads\PhysCADResearcher\output\comfort_benchmark_v1_20260811\02_two_stage_9to1\design_this_as_an_open_demonstra_20260811_163253
[single-agent] iteration 0: authoring build_machine() ...
[single-agent] design_this_as_an_open_demonstra: 17 part(s), 2 mesh pair(s), relations=9, watch_links=6, STEP=yes
ARTIFACT_JSON:{"kind": "assembled_model", "iter": 0, "run_dir": "C:\\Users\\t-zhijjiang\\Downloads\\PhysCADResearcher\\output\\comfort_benchmark_v1_20260811\\02_two_stage_9to1\\design_this_as_an_open_demonstra_20260811_163253", "render_dir": "C:\\Users\\t-zhijjiang\\Downloads\\PhysCADResearcher\\output\\comfort_benchmark_v1_20260811\\02_two_stage_9to1\\design_this_as_an_open_demonstra_20260811_163253\\iter_0"}
[single-agent] 1 interpenetration(s) -> asking agent to fix (badness=1.00, best=1.00)
ARTIFACT_JSON:{"kind": "diagnosis", "iter": 0, "single_agent": true, "decision": {"root_cause": "1 interpenetration(s)", "evidence": ["- parts 'output_high_bearing' and 'output_gear' interpenetrate (31% of the smaller part's solid is inside the other)"]}}
[single-agent] iteration 1: authoring build_machine() ...
[single-agent] design_this_as_an_open_demonstra: 17 part(s), 2 mesh pair(s), relations=9, watch_links=6, STEP=yes
ARTIFACT_JSON:{"kind": "assembled_model", "iter": 1, "run_dir": "C:\\Users\\t-zhijjiang\\Downloads\\PhysCADResearcher\\output\\comfort_benchmark_v1_20260811\\02_two_stage_9to1\\design_this_as_an_open_demonstra_20260811_163253", "render_dir": "C:\\Users\\t-zhijjiang\\Downloads\\PhysCADResearcher\\output\\comfort_benchmark_v1_20260811\\02_two_stage_9to1\\design_this_as_an_open_demonstra_20260811_163253\\iter_1"}
[single-agent] iteration 1: simulating physics ...
[tool] read_mjcf_facts({'section': 'index', 'offset': 0, 'limit': 200})
[tool] read_mjcf_facts({'section': 'model', 'offset': 0, 'limit': 200})
[tool] read_mjcf_facts({'section': 'links', 'offset': 0, 'limit': 200})
[tool] read_mjcf_facts({'section': 'ports', 'offset': 0, 'limit': 200})
[tool] read_mjcf_facts({'section': 'entity_ids', 'offset': 0, 'limit': 200})
[tool] read_mjcf_facts({'section': 'simulation', 'offset': 0, 'limit': 200})
[tool] read_mjcf_facts({'section': 'relations', 'offset': 0, 'limit': 200})
[tool] read_mjcf_facts({'section': 'transmissions', 'offset': 0, 'limit': 200})
[tool] read_mjcf_facts({'section': 'motion_joints', 'offset': 0, 'limit': 200})
[tool] read_mjcf_facts({'section': 'poses', 'offset': 0, 'limit': 200})
[tool] read_mjcf_facts({'section': 'links', 'offset': 200, 'limit': 200})
[tool] read_mjcf_facts({'section': 'entity_ids', 'offset': 25, 'limit': 25})
[tool] read_mjcf_facts({'section': 'entity_ids', 'offset': 50, 'limit': 25})
[tool] query_port_fit({'a': 'input_shaft', 'port_a': 'shaft_axis', 'b': 'crank_arm', 'port_b': 'input_hub_bore'})
[tool] query_port_fit({'a': 'crank_arm', 'port_a': 'handle_bore', 'b': 'crank_handle_spindle', 'port_b': 'spindle_axis'})
[tool] query_port_fit({'a': 'crank_handle_spindle', 'port_a': 'spindle_axis', 'b': 'crank_grip', 'port_b': 'grip_bore'})
[tool] query_port_fit({'a': 'input_shaft', 'port_a': 'shaft_axis', 'b': 'input_pinion', 'port_b': 'shaft_bore'})
[tool] query_port_fit({'a': 'intermediate_shaft', 'port_a': 'shaft_axis', 'b': 'intermediate_driven_gear', 'port_b': 'shaft_bore'})
[tool] query_port_fit({'a': 'intermediate_shaft', 'port_a': 'shaft_axis', 'b': 'intermediate_stage2_pinion', 'port_b': 'shaft_bore'})
[tool] query_port_fit({'a': 'output_shaft', 'port_a': 'shaft_axis', 'b': 'output_gear', 'port_b': 'shaft_bore'})
[tool] query_port_fit({'a': 'input_pinion', 'port_a': 'stage1_mesh', 'b': 'intermediate_driven_gear', 'port_b': 'stage1_mesh'})
[tool] query_port_fit({'a': 'intermediate_stage2_pinion', 'port_a': 'stage2_mesh', 'b': 'output_gear', 'port_b': 'stage2_mesh'})
[tool] query_pair_geometry({'a': 'input_shaft', 'b': 'crank_arm'})
[tool] query_pair_geometry({'a': 'crank_arm', 'b': 'crank_handle_spindle'})
[tool] query_pair_geometry({'a': 'crank_handle_spindle', 'b': 'crank_grip'})
[tool] query_pair_geometry({'a': 'input_shaft', 'b': 'input_pinion'})
[tool] query_pair_geometry({'a': 'intermediate_shaft', 'b': 'intermediate_driven_gear'})
[tool] query_pair_geometry({'a': 'intermediate_shaft', 'b': 'intermediate_stage2_pinion'})
[tool] query_pair_geometry({'a': 'output_shaft', 'b': 'output_gear'})
[tool] query_pair_geometry({'a': 'input_pinion', 'b': 'intermediate_driven_gear'})
[tool] query_pair_geometry({'a': 'intermediate_stage2_pinion', 'b': 'output_gear'})
[tool] query_motion_path({'source': 'crank_arm', 'target': 'input_shaft'})
[tool] query_motion_path({'source': 'input_shaft', 'target': 'input_pinion'})
[tool] query_motion_path({'source': 'input_pinion', 'target': 'intermediate_driven_gear'})
[tool] query_motion_path({'source': 'intermediate_driven_gear', 'target': 'intermediate_stage2_pinion'})
[tool] query_motion_path({'source': 'intermediate_stage2_pinion', 'target': 'output_gear'})
[tool] query_motion_path({'source': 'output_gear', 'target': 'output_shaft'})
[tool] query_nearby_parts({'part': 'input_shaft', 'radius_mm': 1})
[tool] query_nearby_parts({'part': 'intermediate_shaft', 'radius_mm': 1})
[tool] query_nearby_parts({'part': 'output_shaft', 'radius_mm': 1})
[tool] query_nearby_parts({'part': 'input_pinion', 'radius_mm': 1})
[tool] query_nearby_parts({'part': 'intermediate_driven_gear', 'radius_mm': 1})
[tool] query_nearby_parts({'part': 'intermediate_stage2_pinion', 'radius_mm': 1})
[tool] query_nearby_parts({'part': 'output_gear', 'radius_mm': 1})
[tool] query_nearby_parts({'part': 'crank_arm', 'radius_mm': 1})
[tool] query_nearby_parts({'part': 'crank_handle_spindle', 'radius_mm': 1})
[tool] query_nearby_parts({'part': 'crank_grip', 'radius_mm': 1})
[tool] query_pair_geometry({'a': 'input_low_bearing', 'b': 'input_shaft'})
[tool] query_pair_geometry({'a': 'input_high_bearing', 'b': 'input_shaft'})
[tool] query_pair_geometry({'a': 'input_shaft', 'b': 'intermediate_driven_gear'})
[tool] query_pair_geometry({'a': 'input_shaft', 'b': 'crank_grip'})
[tool] query_pair_geometry({'a': 'input_shaft', 'b': 'intermediate_stage2_pinion'})
[tool] query_pair_geometry({'a': 'input_shaft', 'b': 'crank_handle_spindle'})
[tool] query_pair_geometry({'a': 'intermediate_low_bearing', 'b': 'intermediate_shaft'})
[tool] query_pair_geometry({'a': 'intermediate_high_bearing', 'b': 'intermediate_shaft'})
[tool] query_pair_geometry({'a': 'crank_arm', 'b': 'intermediate_shaft'})
[tool] query_pair_geometry({'a': 'crank_handle_spindle', 'b': 'intermediate_shaft'})
[tool] query_pair_geometry({'a': 'intermediate_shaft', 'b': 'output_gear'})
[tool] query_pair_geometry({'a': 'crank_grip', 'b': 'intermediate_shaft'})
[tool] query_pair_geometry({'a': 'output_low_bearing', 'b': 'output_shaft'})
[tool] query_pair_geometry({'a': 'output_high_bearing', 'b': 'output_shaft'})
[tool] query_pair_geometry({'a': 'intermediate_driven_gear', 'b': 'output_shaft'})
[tool] query_pair_geometry({'a': 'input_low_bearing', 'b': 'input_pinion'})
[tool] query_pair_geometry({'a': 'input_high_bearing', 'b': 'input_pinion'})
[tool] query_pair_geometry({'a': 'crank_arm', 'b': 'input_pinion'})
[tool] query_pair_geometry({'a': 'input_pinion', 'b': 'intermediate_stage2_pinion'})
[tool] query_pair_geometry({'a': 'base', 'b': 'intermediate_driven_gear'})
[tool] query_pair_geometry({'a': 'intermediate_driven_gear', 'b': 'output_gear'})
[tool] query_pair_geometry({'a': 'intermediate_driven_gear', 'b': 'intermediate_stage2_pinion'})
[tool] query_pair_geometry({'a': 'input_low_bearing', 'b': 'intermediate_driven_gear'})
[tool] query_pair_geometry({'a': 'intermediate_low_bearing', 'b': 'intermediate_driven_gear'})
[tool] query_pair_geometry({'a': 'output_low_bearing', 'b': 'intermediate_driven_gear'})
[tool] query_pair_geometry({'a': 'input_high_bearing', 'b': 'intermediate_driven_gear'})
[tool] query_pair_geometry({'a': 'intermediate_high_bearing', 'b': 'intermediate_driven_gear'})
[tool] query_pair_geometry({'a': 'output_high_bearing', 'b': 'intermediate_driven_gear'})
[tool] query_pair_geometry({'a': 'crank_arm', 'b': 'intermediate_driven_gear'})
[tool] query_pair_geometry({'a': 'crank_handle_spindle', 'b': 'intermediate_driven_gear'})
[tool] query_pair_geometry({'a': 'crank_grip', 'b': 'intermediate_driven_gear'})
[tool] query_pair_geometry({'a': 'intermediate_high_bearing', 'b': 'intermediate_stage2_pinion'})
[tool] query_pair_geometry({'a': 'intermediate_high_bearing', 'b': 'output_gear'})
[tool] query_pair_geometry({'a': 'base', 'b': 'output_gear'})
[tool] query_pair_geometry({'a': 'output_gear', 'b': 'output_high_bearing'})
[tool] query_pair_geometry({'a': 'intermediate_low_bearing', 'b': 'output_gear'})
[tool] query_pair_geometry({'a': 'output_low_bearing', 'b': 'output_gear'})
[tool] query_pair_geometry({'a': 'crank_arm', 'b': 'output_gear'})
[tool] query_pair_geometry({'a': 'crank_handle_spindle', 'b': 'output_gear'})
[tool] query_pair_geometry({'a': 'crank_arm', 'b': 'input_low_bearing'})
[tool] query_pair_geometry({'a': 'crank_arm', 'b': 'intermediate_low_bearing'})
[tool] query_pair_geometry({'a': 'crank_arm', 'b': 'crank_grip'})
[tool] query_pair_geometry({'a': 'base', 'b': 'crank_arm'})
[tool] query_pair_geometry({'a': 'crank_handle_spindle', 'b': 'intermediate_low_bearing'})
[tool] query_pair_geometry({'a': 'crank_grip', 'b': 'intermediate_low_bearing'})
[tool] query_pair_geometry({'a': 'crank_grip', 'b': 'output_gear'})
[tool] query_pair_geometry({'a': 'input_pinion', 'b': 'output_gear'})
[tool] query_pair_geometry({'a': 'input_high_bearing', 'b': 'output_gear'})
[tool] query_pair_geometry({'a': 'input_shaft', 'b': 'output_gear'})
[tool] query_pair_geometry({'a': 'input_low_bearing', 'b': 'output_gear'})
[tool] read_current_compiler({})
[tool] submit_compiler_source({'source': "def compile_mjcf(facts, out):\n    j = {'input_shaft':'input_spin','crank_arm':'input_spin','crank_handle_spindle':'input_spin','crank_grip':'input_spin','input_pinion':'input_spin','intermediate_shaft':'intermediate_spin','intermediate_driven_gear':'intermediate_spin','intermediate_stage2_pinion':'intermediate_spin','output_shaft':'output_spin','output_gear':'output_spin'}\n    fixed = ['base','input_low_bearing','input_high_bearing','intermediate_low_bearing','intermediate_high_bearing','output_low_bearing','output_high_bearing']\n    cmap = {'base':None,'input_low_bearing':None,'input_high_bearing':None,'intermediate_low_bearing':None,'intermediate_high_bearing':None,'output_low_bearing':None,'output_high_bearing':None}\n    cmap.update(j)\n    press = [\n      ('input_shaft','crank_arm','relation/crank_to_input_shaft_press_fit','fit/input_shaft/shaft_axis/crank_arm/input_hub_bore','pair/crank_arm/input_shaft'),\n      ('crank_arm','crank_handle_spindle','relation/handle_spindle_to_crank_press_fit','fit/crank_arm/handle_bore/crank_handle_spindle/spindle_axis','pair/crank_arm/crank_handle_spindle'),\n      ('crank_handle_spindle','crank_grip','relation/grip_to_spindle_press_fit','fit/crank_handle_spindle/spindle_axis/crank_grip/grip_bore','pair/crank_grip/crank_handle_spindle'),\n      ('input_shaft','input_pinion','relation/input_pinion_press_fit','fit/input_shaft/shaft_axis/input_pinion/shaft_bore','pair/input_pinion/input_shaft'),\n      ('intermediate_shaft','intermediate_driven_gear','relation/intermediate_driven_gear_press_fit','fit/intermediate_shaft/shaft_axis/intermediate_driven_gear/shaft_bore','pair/intermediate_driven_gear/intermediate_shaft'),\n      ('intermediate_shaft','intermediate_stage2_pinion','relation/intermediate_pinion_press_fit','fit/intermediate_shaft/shaft_axis/intermediate_stage2_pinion/shaft_bore','pair/intermediate_shaft/intermediate_stage2_pinion'),\n      ('output_shaft','output_gear','relation/output_gear_press_fit','fit/output_shaft/shaft_axis/output_gear/shaft_bore','pair/output_gear/output_shaft')]\n    meshes = [\n      ('input_pinion','intermediate_driven_gear','relation/stage1_physical_mesh','fit/input_pinion/stage1_mesh/intermediate_driven_gear/stage1_mesh','pair/input_pinion/intermediate_driven_gear'),\n      ('intermediate_stage2_pinion','output_gear','relation/stage2_physical_mesh','fit/intermediate_stage2_pinion/stage2_mesh/output_gear/stage2_mesh','pair/intermediate_stage2_pinion/output_gear')]\n    bearings = [\n      ('input_low_bearing','input_shaft','pair/input_low_bearing/input_shaft'),('input_high_bearing','input_shaft','pair/input_high_bearing/input_shaft'),\n      ('intermediate_low_bearing','intermediate_shaft','pair/intermediate_low_bearing/intermediate_shaft'),('intermediate_high_bearing','intermediate_shaft','pair/intermediate_high_bearing/intermediate_shaft'),\n      ('output_low_bearing','output_shaft','pair/output_low_bearing/output_shaft'),('output_high_bearing','output_shaft','pair/output_high_bearing/output_shaft')]\n    generic = [\n      ('input_shaft','intermediate_driven_gear'),('input_shaft','crank_grip'),('input_shaft','intermediate_stage2_pinion'),('input_shaft','crank_handle_spindle'),\n      ('crank_arm','intermediate_shaft'),('crank_handle_spindle','intermediate_shaft'),('intermediate_shaft','output_gear'),('crank_grip','intermediate_shaft'),('intermediate_driven_gear','output_shaft'),\n      ('input_low_bearing','input_pinion'),('input_high_bearing','input_pinion'),('crank_arm','input_pinion'),('input_pinion','intermediate_stage2_pinion'),\n      ('base','intermediate_driven_gear'),('intermediate_driven_gear','output_gear'),('intermediate_driven_gear','intermediate_stage2_pinion'),\n      ('input_low_bearing','intermediate_driven_gear'),('intermediate_low_bearing','intermediate_driven_gear'),('output_low_bearing','intermediate_driven_gear'),\n      ('input_high_bearing','intermediate_driven_gear'),('intermediate_high_bearing','intermediate_driven_gear'),('output_high_bearing','intermediate_driven_gear'),\n      ('crank_arm','intermediate_driven_gear'),('crank_handle_spindle','intermediate_driven_gear'),('crank_grip','intermediate_driven_gear'),\n      ('intermediate_high_bearing','intermediate_stage2_pinion'),('intermediate_high_bearing','output_gear'),('base','output_gear'),('output_high_bearing','output_gear'),\n      ('intermediate_low_bearing','output_gear'),('output_low_bearing','output_gear'),('crank_arm','output_gear'),('crank_handle_spindle','output_gear'),\n      ('crank_grip','output_gear'),('input_pinion','output_gear'),('input_high_bearing','output_gear'),('input_shaft','output_gear'),('input_low_bearing','output_gear'),\n      ('crank_arm','input_low_bearing'),('crank_arm','intermediate_low_bearing'),('crank_arm','crank_grip'),('base','crank_arm'),\n      ('crank_handle_spindle','intermediate_low_bearing'),('crank_grip','intermediate_low_bearing')]\n    cd = []\n    for a,b,r,f,p in press:\n        cd.append({'pair':[a,b],'action':'exclude','reason':'Measured negative diametral clearance is an authored press fit rigidly carried by one coordinate.','source_entity_ids':[r,'link/'+a,'link/'+b],'fact_ids':[f,p]})\n    for a,b,r,f,p in meshes:\n        cd.append({'pair':[a,b],'action':'exclude','reason':'Physical tooth mesh is replaced by an ideal gear joint equality.','source_entity_ids':[r,'link/'+a,'link/'+b],'fact_ids':[f,p]})\n    for a,b,p in bearings:\n        cd.append({'pair':[a,b],'action':'exclude','reason':'Shaft journal is represented by the emitted hinge; exact bearing contact must not resist spin.','source_entity_ids':['link/'+a,'link/'+b],'fact_ids':[p,'nearby/'+a+'/'+b]})\n    for a,b in generic:\n        x = a if a < b else b\n        y = b if a < b else a\n        cd.append({'pair':[a,b],'action':'exclude','reason':'Measured positive real-mesh separation or disjoint AABB extent shows no contact function; exclude exact SDF proxy false-contact risk.','source_entity_ids':['link/'+a,'link/'+b],'fact_ids':['pair/'+x+'/'+y,'nearby/'+x+'/'+y]})\n    out.topology_plan({'coordinate_map':cmap,'tree_edges':[['', 'base'],['base','input_low_bearing'],['base','input_high_bearing'],['base','intermediate_low_bearing'],['base','intermediate_high_bearing'],['base','output_low_bearing'],['base','output_high_bearing'],['input_low_bearing','input_shaft'],['input_shaft','input_pinion'],['input_shaft','crank_arm'],['crank_arm','crank_handle_spindle'],['crank_handle_spindle','crank_grip'],['intermediate_low_bearing','intermediate_shaft'],['intermediate_shaft','intermediate_driven_gear'],['intermediate_shaft','intermediate_stage2_pinion'],['output_low_bearing','output_shaft'],['output_shaft','output_gear']], 'closure_edges':[], 'rigid_carried':[['input_shaft','input_pinion'],['input_shaft','crank_arm'],['crank_arm','crank_handle_spindle'],['crank_handle_spindle','crank_grip'],['intermediate_shaft','intermediate_driven_gear'],['intermediate_shaft','intermediate_stage2_pinion'],['output_shaft','output_gear']], 'independent_coaxial':[], 'transmissions':[{'driving_joint':'input_spin','driven_joint':'intermediate_spin','ratio':-0.3333333333333333},{'driving_joint':'intermediate_spin','driven_joint':'output_spin','ratio':-0.3333333333333333}], 'contact_decisions':cd, 'support_ground':True, 'support_strategy':'Fixed base and fixed bearing housings support the three hinge coordinates; global ground remains enabled.'})\n    out.body('base')\n    for b in fixed[1:]: out.body(b,'base')\n    out.body('input_shaft','input_low_bearing')\n    out.joint('input_shaft','input_spin',kind='hinge',axis=(0,0,1),pos_mm=(0,0,0),frame='local')\n    out.body('input_pinion','input_shaft')\n    out.body('crank_arm','input_shaft')\n    out.body('crank_handle_spindle','crank_arm')\n    out.body('crank_grip','crank_handle_spindle')\n    out.body('intermediate_shaft','intermediate_low_bearing')\n    out.joint('intermediate_shaft','intermediate_spin',kind='hinge',axis=(0,0,1),pos_mm=(0,0,0),frame='local')\n    out.body('intermediate_driven_gear','intermediate_shaft')\n    out.body('intermediate_stage2_pinion','intermediate_shaft')\n    out.body('output_shaft','output_low_bearing')\n    out.joint('output_shaft','output_spin',kind='hinge',axis=(0,0,1),pos_mm=(0,0,0),frame='local')\n    out.body('output_gear','output_shaft')\n    out.joint_equality('stage1_gear','input_spin','intermediate_spin',-0.3333333333333333,reason='External 4.8 mm to 14.4 mm pitch-radius mesh.',sources=['transmission/stage1_three_to_one','relation/stage1_physical_mesh'],fact_ids=['fit/input_pinion/stage1_mesh/intermediate_driven_gear/stage1_mesh','pair/input_pinion/intermediate_driven_gear'])\n    out.joint_equality('stage2_gear','intermediate_spin','output_spin',-0.3333333333333333,reason='External 4.8 mm to 14.4 mm pitch-radius mesh.',sources=['transmission/stage2_three_to_one','relation/stage2_physical_mesh'],fact_ids=['fit/intermediate_stage2_pinion/stage2_mesh/output_gear/stage2_mesh','pair/intermediate_stage2_pinion/output_gear'])\n    for d in cd:\n        out.exclude(d['pair'][0],d['pair'][1],d['reason'],d['source_entity_ids'],d['fact_ids'])\n    for eid in facts['entity_ids']:\n        if eid.startswith('link/'):\n            out.decision(eid,action='emitted',generated_nodes=[eid[5:]],reason='Authored link emitted exactly once in the selected body tree.',fact_ids=[])\n        else:\n            out.decision(eid,action='represented_by',generated_nodes=['topology_plan'],reason='Authored placement, interface, transmission, port, or role is represented by the emitted topology and its documented constraints.',fact_ids=[])\n", 'expected_revision': 0})
[tool] run_mjcf_gate({})
[tool] read_current_compiler({})
[tool] submit_compiler_source({'source': "def compile_mjcf(facts, out):\n    j = {'input_shaft':'input_spin','crank_arm':'input_spin','crank_handle_spindle':'input_spin','crank_grip':'input_spin','input_pinion':'input_spin','intermediate_shaft':'intermediate_spin','intermediate_driven_gear':'intermediate_spin','intermediate_stage2_pinion':'intermediate_spin','output_shaft':'output_spin','output_gear':'output_spin'}\n    fixed = ['base','input_low_bearing','input_high_bearing','intermediate_low_bearing','intermediate_high_bearing','output_low_bearing','output_high_bearing']\n    cmap = {'base':None,'input_low_bearing':None,'input_high_bearing':None,'intermediate_low_bearing':None,'intermediate_high_bearing':None,'output_low_bearing':None,'output_high_bearing':None}\n    cmap.update(j)\n    press = [\n      ('input_shaft','crank_arm','relation/crank_to_input_shaft_press_fit','fit/input_shaft/shaft_axis/crank_arm/input_hub_bore','pair/crank_arm/input_shaft'),\n      ('crank_arm','crank_handle_spindle','relation/handle_spindle_to_crank_press_fit','fit/crank_arm/handle_bore/crank_handle_spindle/spindle_axis','pair/crank_arm/crank_handle_spindle'),\n      ('crank_handle_spindle','crank_grip','relation/grip_to_spindle_press_fit','fit/crank_handle_spindle/spindle_axis/crank_grip/grip_bore','pair/crank_grip/crank_handle_spindle'),\n      ('input_shaft','input_pinion','relation/input_pinion_press_fit','fit/input_shaft/shaft_axis/input_pinion/shaft_bore','pair/input_pinion/input_shaft'),\n      ('intermediate_shaft','intermediate_driven_gear','relation/intermediate_driven_gear_press_fit','fit/intermediate_shaft/shaft_axis/intermediate_driven_gear/shaft_bore','pair/intermediate_driven_gear/intermediate_shaft'),\n      ('intermediate_shaft','intermediate_stage2_pinion','relation/intermediate_pinion_press_fit','fit/intermediate_shaft/shaft_axis/intermediate_stage2_pinion/shaft_bore','pair/intermediate_shaft/intermediate_stage2_pinion'),\n      ('output_shaft','output_gear','relation/output_gear_press_fit','fit/output_shaft/shaft_axis/output_gear/shaft_bore','pair/output_gear/output_shaft')]\n    meshes = [\n      ('input_pinion','intermediate_driven_gear','relation/stage1_physical_mesh','fit/input_pinion/stage1_mesh/intermediate_driven_gear/stage1_mesh','pair/input_pinion/intermediate_driven_gear'),\n      ('intermediate_stage2_pinion','output_gear','relation/stage2_physical_mesh','fit/intermediate_stage2_pinion/stage2_mesh/output_gear/stage2_mesh','pair/intermediate_stage2_pinion/output_gear')]\n    bearings = [('input_low_bearing','input_shaft','pair/input_low_bearing/input_shaft'),('input_high_bearing','input_shaft','pair/input_high_bearing/input_shaft'),('intermediate_low_bearing','intermediate_shaft','pair/intermediate_low_bearing/intermediate_shaft'),('intermediate_high_bearing','intermediate_shaft','pair/intermediate_high_bearing/intermediate_shaft'),('output_low_bearing','output_shaft','pair/output_low_bearing/output_shaft'),('output_high_bearing','output_shaft','pair/output_high_bearing/output_shaft')]\n    generic = [('input_shaft','intermediate_driven_gear'),('input_shaft','crank_grip'),('input_shaft','intermediate_stage2_pinion'),('input_shaft','crank_handle_spindle'),('crank_arm','intermediate_shaft'),('crank_handle_spindle','intermediate_shaft'),('intermediate_shaft','output_gear'),('crank_grip','intermediate_shaft'),('intermediate_driven_gear','output_shaft'),('input_low_bearing','input_pinion'),('input_high_bearing','input_pinion'),('crank_arm','input_pinion'),('input_pinion','intermediate_stage2_pinion'),('base','intermediate_driven_gear'),('intermediate_driven_gear','output_gear'),('intermediate_driven_gear','intermediate_stage2_pinion'),('input_low_bearing','intermediate_driven_gear'),('intermediate_low_bearing','intermediate_driven_gear'),('output_low_bearing','intermediate_driven_gear'),('input_high_bearing','intermediate_driven_gear'),('intermediate_high_bearing','intermediate_driven_gear'),('output_high_bearing','intermediate_driven_gear'),('crank_arm','intermediate_driven_gear'),('crank_handle_spindle','intermediate_driven_gear'),('crank_grip','intermediate_driven_gear'),('intermediate_high_bearing','intermediate_stage2_pinion'),('intermediate_high_bearing','output_gear'),('base','output_gear'),('output_high_bearing','output_gear'),('intermediate_low_bearing','output_gear'),('output_low_bearing','output_gear'),('crank_arm','output_gear'),('crank_handle_spindle','output_gear'),('crank_grip','output_gear'),('input_pinion','output_gear'),('input_high_bearing','output_gear'),('input_shaft','output_gear'),('input_low_bearing','output_gear'),('crank_arm','input_low_bearing'),('crank_arm','intermediate_low_bearing'),('crank_arm','crank_grip'),('base','crank_arm'),('crank_handle_spindle','intermediate_low_bearing'),('crank_grip','intermediate_low_bearing')]\n    cd = []\n    for a,b,r,f,p in press: cd.append({'pair':[a,b],'action':'exclude','reason':'Measured interference press fit is rigidly carried by one coordinate.','source_entity_ids':[r,'link/'+a,'link/'+b],'fact_ids':[f,p]})\n    for a,b,r,f,p in meshes: cd.append({'pair':[a,b],'action':'exclude','reason':'Tooth contact is replaced by an ideal gear equality.','source_entity_ids':[r,'link/'+a,'link/'+b],'fact_ids':[f,p]})\n    for a,b,p in bearings: cd.append({'pair':[a,b],'action':'exclude','reason':'Journal support is represented by the emitted hinge and must not resist spin.','source_entity_ids':['link/'+a,'link/'+b],'fact_ids':[p,'nearby/'+a+'/'+b]})\n    for a,b in generic:\n        x = a if a < b else b; y = b if a < b else a\n        cd.append({'pair':[a,b],'action':'exclude','reason':'Positive real-mesh separation or disjoint AABB extent proves proxy false-contact risk without contact function.','source_entity_ids':['link/'+a,'link/'+b],'fact_ids':['pair/'+x+'/'+y,'nearby/'+x+'/'+y]})\n    out.topology_plan({'coordinate_map':cmap,'tree_edges':[['','base'],['base','input_low_bearing'],['base','input_high_bearing'],['base','intermediate_low_bearing'],['base','intermediate_high_bearing'],['base','output_low_bearing'],['base','output_high_bearing'],['input_low_bearing','input_shaft'],['input_shaft','input_pinion'],['input_shaft','crank_arm'],['crank_arm','crank_handle_spindle'],['crank_handle_spindle','crank_grip'],['intermediate_low_bearing','intermediate_shaft'],['intermediate_shaft','intermediate_driven_gear'],['intermediate_shaft','intermediate_stage2_pinion'],['output_low_bearing','output_shaft'],['output_shaft','output_gear']],'closure_edges':[],'rigid_carried':[['input_shaft','input_pinion'],['input_shaft','crank_arm'],['crank_arm','crank_handle_spindle'],['crank_handle_spindle','crank_grip'],['intermediate_shaft','intermediate_driven_gear'],['intermediate_shaft','intermediate_stage2_pinion'],['output_shaft','output_gear']],'independent_coaxial':[],'transmissions':[{'driving_joint':'input_spin','driven_joint':'intermediate_spin','ratio':-0.3333333333333333},{'driving_joint':'intermediate_spin','driven_joint':'output_spin','ratio':-0.3333333333333333}],'contact_decisions':cd,'support_ground':True,'support_strategy':'Fixed base and bearing housings support three hinge coordinates; global ground remains enabled.'})\n    out.body('base')\n    for b in fixed[1:]: out.body(b,'base')\n    out.body('input_shaft','input_low_bearing'); out.joint('input_shaft','input_spin',kind='hinge',axis=(0,0,1),pos_mm=(0,0,0),frame='local')\n    out.body('input_pinion','input_shaft'); out.body('crank_arm','input_shaft'); out.body('crank_handle_spindle','crank_arm'); out.body('crank_grip','crank_handle_spindle')\n    out.body('intermediate_shaft','intermediate_low_bearing'); out.joint('intermediate_shaft','intermediate_spin',kind='hinge',axis=(0,0,1),pos_mm=(0,0,0),frame='local')\n    out.body('intermediate_driven_gear','intermediate_shaft'); out.body('intermediate_stage2_pinion','intermediate_shaft')\n    out.body('output_shaft','output_low_bearing'); out.joint('output_shaft','output_spin',kind='hinge',axis=(0,0,1),pos_mm=(0,0,0),frame='local'); out.body('output_gear','output_shaft')\n    out.joint_equality('stage1_gear','input_spin','intermediate_spin',-0.3333333333333333,reason='External 4.8 to 14.4 mm pitch-radius mesh.',sources=['transmission/stage1_three_to_one','relation/stage1_physical_mesh'],fact_ids=['fit/input_pinion/stage1_mesh/intermediate_driven_gear/stage1_mesh','pair/input_pinion/intermediate_driven_gear'])\n    out.joint_equality('stage2_gear','intermediate_spin','output_spin',-0.3333333333333333,reason='External 4.8 to 14.4 mm pitch-radius mesh.',sources=['transmission/stage2_three_to_one','relation/stage2_physical_mesh'],fact_ids=['fit/intermediate_stage2_pinion/stage2_mesh/output_gear/stage2_mesh','pair/intermediate_stage2_pinion/output_gear'])\n    for d in cd: out.exclude(d['pair'][0],d['pair'][1],d['reason'],d['source_entity_ids'],d['fact_ids'])\n    for eid in facts['entity_ids']:\n        if eid.startswith('link/'):\n            out.decision(eid,action='emitted',generated_nodes=[eid[5:]],reason='Link mesh is emitted exactly once in the selected body tree.',fact_ids=[eid])\n        else:\n            out.decision(eid,action='represented_by',generated_nodes=['base'],reason='Authored placement, interface, port, transmission, or role is represented by the emitted machine topology.',fact_ids=[eid])\n", 'expected_revision': 1})
[tool] run_mjcf_gate({})
[mjcf-agent] accepted revision 2 after 2 candidate(s)
[support] could not build/load the support model (topology_plan must name a valid support_ground); skipping
[physics] mujoco scenario designed: watch 4 joints, output 'place_output_gear'
[physics] check 'overall_reduction': value=None expected=9:1 input-to-output angular travel -> FAILED (Insufficient transmitted motion to measure the reducer ratio.)
[physics] mujoco VLM verdict=fail cause=structure :: The required 9:1 function was not measurable because the commanded input joint input_spin swept only
ARTIFACT_JSON:{"kind": "physics", "iter": 1, "run_dir": "C:\\Users\\t-zhijjiang\\Downloads\\PhysCADResearcher\\output\\comfort_benchmark_v1_20260811\\02_two_stage_9to1\\design_this_as_an_open_demonstra_20260811_163253", "render_dir": "C:\\Users\\t-zhijjiang\\Downloads\\PhysCADResearcher\\output\\comfort_benchmark_v1_20260811\\02_two_stage_9to1\\design_this_as_an_open_demonstra_20260811_163253", "passed": false, "physics": {"passed": false, "verdict": "FAIL", "summary": "the machine runs (drive: FAIL \u2014 input moved 0.0036 rad, 0/6 downstream joints moved but output DEAD) but does NOT do its job: overall_reduction: None vs expected 9:1 input-to-output angular travel", "metrics": {"verdict": "FAIL", "test_kind": "driven_mechanism", "survive_s": 3.0, "input_joint": "input_spin", "input_part": "input_shaft", "input_travel": 0.0036, "input_unit": "rad", "moved_count": 0, "watched_count": 6, "output_reached": false, "exploded": false, "output_travel": 0.0002, "output_unit": "rad", "ratio_in_out": 20.9068, "displaced_parts": [], "end_z": 0.0, "max_tilt_deg": 0.0, "max_drift": 0.0015, "functional_checks": [{"name": "overall_reduction", "value": null, "expected": "9:1 input-to-output angular travel", "passed": false, "detail": "Insufficient transmitted motion to measure the reducer ratio."}], "functional_ok": false}, "stability": {"verdict": "PASS", "exploded": false, "max_disp_m": 0.0201, "end_z": 0.0, "displaced_parts": [{"part": "crank_grip", "disp_mm": 20.11}, {"part": "crank_handle_spindle", "disp_mm": 15.18}]}, "cause": "structure", "reason": "No fault domain survived deterministic verification.", "design": {"input_joint": "input_shaft", "output_joint": "place_output_gear", "watch_joints": ["place_output_shaft", "place_input_pinion", "place_output_gear", "place_crank_arm"], "propagation_path": ["place_input_shaft", "place_output_shaft", "place_input_pinion", "place_crank_arm", "place_output_gear"], "pass_criteria": null, "environment": "Bench-mounted and driven open-mechanism demonstration. The base is fixed while a locked three-quarter top-down camera observes the crank, all three supported shafts, both exposed gear meshes, and the output.", "camera": {"target_link": "base", "azimuth_deg": 45.0, "elevation_deg": -30.0, "distance_scale": 2.5, "locked": true}}, "diagnosis": {"verdict": "fail", "cause": "structure", "reason": "No fault domain survived deterministic verification.", "culprit_part": "input_spin", "culprit_sub": "input", "evidence": [], "fault_domain": "evaluator", "fault_code": "insufficient_verified_evidence", "verified": false, "confidence": 1.0, "culprit_entities": [], "routing": {"action": "halt_harness", "allow_agent_refinement": false}, "diagnosis_version": 2, "persistence": {}, "legacy": {"cause": "structure"}}, "frames_dir": "C:\\Users\\t-zhijjiang\\Downloads\\PhysCADResearcher\\output\\comfort_benchmark_v1_20260811\\02_two_stage_9to1\\design_this_as_an_open_demonstra_20260811_163253\\physics\\mujoco_1\\frames", "video": "physics/mujoco_1/model.mp4", "tests": [{"name": "drive", "strategy": "driven_mechanism", "verdict": "FAIL", "metrics": {"verdict": "FAIL", "test_kind": "driven_mechanism", "survive_s": 3.0, "input_joint": "input_spin", "input_part": "input_shaft", "input_travel": 0.0036, "input_unit": "rad", "moved_count": 0, "watched_count": 6, "output_reached": false, "exploded": false, "output_travel": 0.0002, "output_unit": "rad", "ratio_in_out": 20.9068, "displaced_parts": [], "end_z": 0.0, "max_tilt_deg": 0.0, "max_drift": 0.0015, "functional_checks": [{"name": "overall_reduction", "value": null, "expected": "9:1 input-to-output angular travel", "passed": false, "detail": "Insufficient transmitted motion to measure the reducer ratio."}], "functional_ok": false}, "stability": {"verdict": "PASS", "exploded": false, "max_disp_m": 0.0201, "end_z": 0.0, "displaced_parts": [{"part": "crank_grip", "disp_mm": 20.11}, {"part": "crank_handle_spindle", "disp_mm": 15.18}]}, "summary": "the machine runs (drive: FAIL \u2014 input moved 0.0036 rad, 0/6 downstream joints moved but output DEAD) but does NOT do its job: overall_reduction: None vs expected 9:1 input-to-output angular travel", "cause": "structure", "evidence": [], "reason": "No fault domain survived deterministic verification.", "design": {"input_joint": "input_shaft", "output_joint": "place_output_gear", "watch_joints": ["place_output_shaft", "place_input_pinion", "place_output_gear", "place_crank_arm"], "propagation_path": ["place_input_shaft", "place_output_shaft", "place_input_pinion", "place_crank_arm", "place_output_gear"], "pass_criteria": null, "environment": "Bench-mounted and driven open-mechanism demonstration. The base is fixed while a locked three-quarter top-down camera observes the crank, all three supported shafts, both exposed gear meshes, and the output.", "camera": {"target_link": "base", "azimuth_deg": 45.0, "elevation_deg": -30.0, "distance_scale": 2.5, "locked": true}}, "frames_dir": "C:\\Users\\t-zhijjiang\\Downloads\\PhysCADResearcher\\output\\comfort_benchmark_v1_20260811\\02_two_stage_9to1\\design_this_as_an_open_demonstra_20260811_163253\\physics\\mujoco_1\\frames", "video": "physics/mujoco_1/model.mp4"}]}}
[single-agent] physics fault belongs to harness domain 'evaluator' (insufficient_verified_evidence); refusing CAD regeneration
