Unable to resolve filename: meshes/base.stl
Unable to resolve filename: meshes/base.stl
Unable to resolve filename: meshes/lower_input_bearing.stl
Unable to resolve filename: meshes/lower_input_bearing.stl
Unable to resolve filename: meshes/upper_input_bearing.stl
Unable to resolve filename: meshes/upper_input_bearing.stl
Unable to resolve filename: meshes/carrier_bearing.stl
Unable to resolve filename: meshes/carrier_bearing.stl
Unable to resolve filename: meshes/input_shaft.stl
Unable to resolve filename: meshes/input_shaft.stl
Unable to resolve filename: meshes/ring_post_1.stl
Unable to resolve filename: meshes/ring_post_1.stl
Unable to resolve filename: meshes/ring_post_2.stl
Unable to resolve filename: meshes/ring_post_2.stl
Unable to resolve filename: meshes/ring_post_3.stl
Unable to resolve filename: meshes/ring_post_3.stl
Unable to resolve filename: meshes/carrier.stl
Unable to resolve filename: meshes/carrier.stl
Unable to resolve filename: meshes/planet_pin_3.stl
Unable to resolve filename: meshes/planet_pin_3.stl
Unable to resolve filename: meshes/fixed_ring.stl
Unable to resolve filename: meshes/fixed_ring.stl
Unable to resolve filename: meshes/sun_gear.stl
Unable to resolve filename: meshes/sun_gear.stl
Unable to resolve filename: meshes/planet_1.stl
Unable to resolve filename: meshes/planet_1.stl
Unable to resolve filename: meshes/planet_2.stl
Unable to resolve filename: meshes/planet_2.stl
Unable to resolve filename: meshes/planet_3.stl
Unable to resolve filename: meshes/planet_3.stl
Unable to resolve filename: meshes/input_crank.stl
Unable to resolve filename: meshes/input_crank.stl
Unable to resolve filename: meshes/crank_grip.stl
Unable to resolve filename: meshes/crank_grip.stl
[run] physics engine: mujoco
[single-agent] session: C:\Users\t-zhijjiang\Downloads\PhysCADResearcher\output\comfort_benchmark_v1_20260811\05_three_planet_4to1\design_this_as_an_open_demonstra_20260811_170424
[single-agent] iteration 0: authoring build_machine() ...
[single-agent] 'fixed_ring' meshes with another gear but was declared dof=fixed (welded to the world) — promoted to dof=spin
[single-agent] design_this_as_an_open_demonstra: 19 part(s), 1 mesh pair(s), relations=17, watch_links=6, STEP=yes
ARTIFACT_JSON:{"kind": "assembled_model", "iter": 0, "run_dir": "C:\\Users\\t-zhijjiang\\Downloads\\PhysCADResearcher\\output\\comfort_benchmark_v1_20260811\\05_three_planet_4to1\\design_this_as_an_open_demonstra_20260811_170424", "render_dir": "C:\\Users\\t-zhijjiang\\Downloads\\PhysCADResearcher\\output\\comfort_benchmark_v1_20260811\\05_three_planet_4to1\\design_this_as_an_open_demonstra_20260811_170424\\iter_0"}
[single-agent] iteration 0: simulating physics ...
[tool] read_mjcf_facts({'section': 'index', 'offset': 0, 'limit': 200})
[tool] read_mjcf_facts({'section': 'model', 'offset': 0, 'limit': 200})
[tool] read_mjcf_facts({'section': 'links', 'offset': 0, 'limit': 200})
[tool] read_mjcf_facts({'section': 'ports', 'offset': 0, 'limit': 200})
[tool] read_mjcf_facts({'section': 'entity_ids', 'offset': 0, 'limit': 200})
[tool] read_mjcf_facts({'section': 'simulation', 'offset': 0, 'limit': 200})
[tool] read_mjcf_facts({'section': 'relations', 'offset': 0, 'limit': 200})
[tool] read_mjcf_facts({'section': 'motion_joints', 'offset': 0, 'limit': 200})
[tool] read_mjcf_facts({'section': 'transmissions', 'offset': 0, 'limit': 200})
[tool] read_mjcf_facts({'section': 'planetary_stages', 'offset': 0, 'limit': 200})
[tool] read_mjcf_facts({'section': 'poses', 'offset': 0, 'limit': 200})
[tool] read_mjcf_facts({'section': 'links', 'offset': 200, 'limit': 200})
[tool] read_mjcf_facts({'section': 'entity_ids', 'offset': 25, 'limit': 100})
[tool] query_port_fit({'a': 'lower_input_bearing', 'port_a': 'journal', 'b': 'input_shaft', 'port_b': 'shaft_axis'})
[tool] query_port_fit({'a': 'upper_input_bearing', 'port_a': 'journal', 'b': 'input_shaft', 'port_b': 'shaft_axis'})
[tool] query_port_fit({'a': 'input_shaft', 'port_a': 'sun_seat', 'b': 'sun_gear', 'port_b': 'shaft_bore'})
[tool] query_port_fit({'a': 'input_shaft', 'port_a': 'crank_seat', 'b': 'input_crank', 'port_b': 'hub_bore'})
[tool] query_port_fit({'a': 'carrier_bearing', 'port_a': 'carrier_journal', 'b': 'carrier', 'port_b': 'output_axis'})
[tool] query_port_fit({'a': 'carrier', 'port_a': 'pin_seat_1', 'b': 'planet_pin_1', 'port_b': 'pin_axis'})
[tool] query_port_fit({'a': 'planet_pin_1', 'port_a': 'pin_axis', 'b': 'planet_1', 'port_b': 'pin_bore'})
[tool] query_port_fit({'a': 'sun_gear', 'port_a': 'sun_mesh', 'b': 'planet_1', 'port_b': 'planet_mesh'})
[tool] query_port_fit({'a': 'fixed_ring', 'port_a': 'internal_mesh', 'b': 'planet_1', 'port_b': 'planet_mesh'})
[tool] query_port_fit({'a': 'carrier', 'port_a': 'pin_seat_2', 'b': 'planet_pin_2', 'port_b': 'pin_axis'})
[tool] query_port_fit({'a': 'planet_pin_2', 'port_a': 'pin_axis', 'b': 'planet_2', 'port_b': 'pin_bore'})
[tool] query_port_fit({'a': 'sun_gear', 'port_a': 'sun_mesh', 'b': 'planet_2', 'port_b': 'planet_mesh'})
[tool] query_port_fit({'a': 'fixed_ring', 'port_a': 'internal_mesh', 'b': 'planet_2', 'port_b': 'planet_mesh'})
[tool] query_port_fit({'a': 'carrier', 'port_a': 'pin_seat_3', 'b': 'planet_pin_3', 'port_b': 'pin_axis'})
[tool] query_port_fit({'a': 'planet_pin_3', 'port_a': 'pin_axis', 'b': 'planet_3', 'port_b': 'pin_bore'})
[tool] query_port_fit({'a': 'sun_gear', 'port_a': 'sun_mesh', 'b': 'planet_3', 'port_b': 'planet_mesh'})
[tool] query_port_fit({'a': 'fixed_ring', 'port_a': 'internal_mesh', 'b': 'planet_3', 'port_b': 'planet_mesh'})
[tool] query_nearby_parts({'part': 'input_shaft', 'radius_mm': 1})
[tool] query_nearby_parts({'part': 'sun_gear', 'radius_mm': 1})
[tool] query_nearby_parts({'part': 'carrier', 'radius_mm': 1})
[tool] query_nearby_parts({'part': 'planet_1', 'radius_mm': 1})
[tool] query_nearby_parts({'part': 'planet_2', 'radius_mm': 1})
[tool] query_nearby_parts({'part': 'planet_3', 'radius_mm': 1})
[tool] query_nearby_parts({'part': 'input_crank', 'radius_mm': 1})
[tool] read_mjcf_facts({'section': 'entity_ids', 'offset': 50, 'limit': 100})
[tool] query_motion_path({'source': 'input_shaft', 'target': 'sun_gear'})
[tool] query_motion_path({'source': 'input_shaft', 'target': 'input_crank'})
[tool] query_motion_path({'source': 'carrier', 'target': 'planet_pin_1'})
[tool] query_motion_path({'source': 'carrier', 'target': 'planet_pin_2'})
[tool] query_motion_path({'source': 'carrier', 'target': 'planet_pin_3'})
[tool] query_motion_path({'source': 'sun_gear', 'target': 'planet_1'})
[tool] query_motion_path({'source': 'fixed_ring', 'target': 'planet_1'})
[tool] query_motion_path({'source': 'sun_gear', 'target': 'planet_2'})
[tool] query_motion_path({'source': 'fixed_ring', 'target': 'planet_2'})
[tool] query_motion_path({'source': 'sun_gear', 'target': 'planet_3'})
[tool] query_motion_path({'source': 'fixed_ring', 'target': 'planet_3'})
[tool] query_pair_geometry({'a': 'input_shaft', 'b': 'base'})
[tool] query_pair_geometry({'a': 'input_shaft', 'b': 'lower_input_bearing'})
[tool] query_pair_geometry({'a': 'input_shaft', 'b': 'upper_input_bearing'})
[tool] query_pair_geometry({'a': 'input_shaft', 'b': 'carrier_bearing'})
[tool] query_pair_geometry({'a': 'input_shaft', 'b': 'carrier'})
[tool] query_pair_geometry({'a': 'input_shaft', 'b': 'fixed_ring'})
[tool] query_pair_geometry({'a': 'input_shaft', 'b': 'sun_gear'})
[tool] query_pair_geometry({'a': 'input_shaft', 'b': 'planet_1'})
[tool] query_pair_geometry({'a': 'input_shaft', 'b': 'planet_2'})
[tool] query_pair_geometry({'a': 'input_shaft', 'b': 'planet_3'})
[tool] query_pair_geometry({'a': 'input_shaft', 'b': 'input_crank'})
[tool] query_pair_geometry({'a': 'input_shaft', 'b': 'crank_grip'})
[tool] query_pair_geometry({'a': 'input_shaft', 'b': 'planet_pin_1'})
[tool] query_pair_geometry({'a': 'input_shaft', 'b': 'planet_pin_2'})
[tool] query_pair_geometry({'a': 'input_shaft', 'b': 'planet_pin_3'})
[tool] read_mjcf_facts({'section': 'entity_ids', 'offset': 75, 'limit': 100})
[tool] query_pair_geometry({'a': 'fixed_ring', 'b': 'sun_gear'})
[tool] query_pair_geometry({'a': 'sun_gear', 'b': 'planet_1'})
[tool] query_pair_geometry({'a': 'sun_gear', 'b': 'planet_2'})
[tool] query_pair_geometry({'a': 'sun_gear', 'b': 'planet_3'})
[tool] query_pair_geometry({'a': 'carrier', 'b': 'sun_gear'})
[tool] query_pair_geometry({'a': 'input_crank', 'b': 'sun_gear'})
[tool] query_pair_geometry({'a': 'planet_pin_1', 'b': 'sun_gear'})
[tool] query_pair_geometry({'a': 'planet_pin_2', 'b': 'sun_gear'})
[tool] query_pair_geometry({'a': 'planet_pin_3', 'b': 'sun_gear'})
[tool] query_pair_geometry({'a': 'carrier_bearing', 'b': 'sun_gear'})
[tool] query_pair_geometry({'a': 'upper_input_bearing', 'b': 'sun_gear'})
[tool] query_pair_geometry({'a': 'crank_grip', 'b': 'sun_gear'})
[tool] query_pair_geometry({'a': 'lower_input_bearing', 'b': 'sun_gear'})
[tool] query_pair_geometry({'a': 'base', 'b': 'sun_gear'})
[tool] query_pair_geometry({'a': 'carrier', 'b': 'carrier_bearing'})
[tool] query_pair_geometry({'a': 'carrier', 'b': 'planet_pin_1'})
[tool] query_pair_geometry({'a': 'carrier', 'b': 'planet_pin_2'})
[tool] query_pair_geometry({'a': 'carrier', 'b': 'planet_pin_3'})
[tool] query_pair_geometry({'a': 'carrier', 'b': 'fixed_ring'})
[tool] query_pair_geometry({'a': 'carrier', 'b': 'planet_1'})
[tool] query_pair_geometry({'a': 'carrier', 'b': 'planet_2'})
[tool] query_pair_geometry({'a': 'carrier', 'b': 'planet_3'})
[tool] query_pair_geometry({'a': 'carrier', 'b': 'upper_input_bearing'})
[tool] query_pair_geometry({'a': 'carrier', 'b': 'lower_input_bearing'})
[tool] query_pair_geometry({'a': 'carrier', 'b': 'ring_post_1'})
[tool] query_pair_geometry({'a': 'carrier', 'b': 'ring_post_2'})
[tool] query_pair_geometry({'a': 'carrier', 'b': 'ring_post_3'})
[tool] query_pair_geometry({'a': 'base', 'b': 'carrier'})
[tool] query_pair_geometry({'a': 'carrier', 'b': 'input_crank'})
[tool] query_pair_geometry({'a': 'carrier', 'b': 'crank_grip'})
[tool] read_mjcf_facts({'section': 'entity_ids', 'offset': 100, 'limit': 20})
[tool] query_pair_geometry({'a': 'planet_pin_1', 'b': 'planet_1'})
[tool] query_pair_geometry({'a': 'fixed_ring', 'b': 'planet_1'})
[tool] query_pair_geometry({'a': 'fixed_ring', 'b': 'planet_2'})
[tool] query_pair_geometry({'a': 'fixed_ring', 'b': 'planet_3'})
[tool] query_pair_geometry({'a': 'planet_1', 'b': 'planet_2'})
[tool] query_pair_geometry({'a': 'planet_1', 'b': 'planet_3'})
[tool] query_pair_geometry({'a': 'planet_2', 'b': 'planet_3'})
[tool] query_pair_geometry({'a': 'input_crank', 'b': 'planet_1'})
[tool] query_pair_geometry({'a': 'input_crank', 'b': 'planet_2'})
[tool] query_pair_geometry({'a': 'input_crank', 'b': 'planet_3'})
[tool] query_pair_geometry({'a': 'carrier_bearing', 'b': 'planet_1'})
[tool] query_pair_geometry({'a': 'carrier_bearing', 'b': 'planet_2'})
[tool] query_pair_geometry({'a': 'carrier_bearing', 'b': 'planet_3'})
[tool] query_pair_geometry({'a': 'upper_input_bearing', 'b': 'planet_1'})
[tool] query_pair_geometry({'a': 'upper_input_bearing', 'b': 'planet_2'})
[tool] query_pair_geometry({'a': 'upper_input_bearing', 'b': 'planet_3'})
[tool] query_pair_geometry({'a': 'crank_grip', 'b': 'planet_1'})
[tool] query_pair_geometry({'a': 'crank_grip', 'b': 'planet_2'})
[tool] query_pair_geometry({'a': 'crank_grip', 'b': 'planet_3'})
[tool] query_pair_geometry({'a': 'lower_input_bearing', 'b': 'planet_1'})
[tool] query_pair_geometry({'a': 'lower_input_bearing', 'b': 'planet_2'})
[tool] query_pair_geometry({'a': 'lower_input_bearing', 'b': 'planet_3'})
[tool] query_pair_geometry({'a': 'base', 'b': 'planet_1'})
[tool] query_pair_geometry({'a': 'base', 'b': 'planet_2'})
[tool] query_pair_geometry({'a': 'base', 'b': 'planet_3'})
[tool] query_pair_geometry({'a': 'planet_1', 'b': 'planet_pin_2'})
[tool] query_pair_geometry({'a': 'planet_1', 'b': 'planet_pin_3'})
[tool] query_pair_geometry({'a': 'planet_2', 'b': 'planet_pin_1'})
[tool] query_pair_geometry({'a': 'planet_3', 'b': 'planet_pin_1'})
[tool] query_pair_geometry({'a': 'planet_2', 'b': 'planet_pin_2'})
[tool] query_pair_geometry({'a': 'planet_3', 'b': 'planet_pin_3'})
[tool] read_current_compiler({})
[tool] query_pair_geometry({'a': 'input_crank', 'b': 'crank_grip'})
[tool] query_pair_geometry({'a': 'input_crank', 'b': 'planet_pin_1'})
[tool] query_pair_geometry({'a': 'input_crank', 'b': 'planet_pin_2'})
[tool] query_pair_geometry({'a': 'input_crank', 'b': 'planet_pin_3'})
[tool] query_pair_geometry({'a': 'input_crank', 'b': 'fixed_ring'})
[tool] query_pair_geometry({'a': 'input_crank', 'b': 'carrier_bearing'})
[tool] query_pair_geometry({'a': 'input_crank', 'b': 'upper_input_bearing'})
[tool] query_pair_geometry({'a': 'planet_1', 'b': 'ring_post_1'})
[tool] query_pair_geometry({'a': 'planet_1', 'b': 'ring_post_3'})
[tool] query_pair_geometry({'a': 'planet_2', 'b': 'ring_post_1'})
[tool] query_pair_geometry({'a': 'planet_2', 'b': 'ring_post_2'})
[tool] query_pair_geometry({'a': 'planet_3', 'b': 'ring_post_2'})
[tool] query_pair_geometry({'a': 'planet_3', 'b': 'ring_post_3'})
[tool] query_pair_geometry({'a': 'planet_2', 'b': 'planet_pin_1'})
[tool] query_pair_geometry({'a': 'planet_3', 'b': 'planet_pin_1'})
[tool] submit_compiler_source({'source': "def compile_mjcf(facts, out):\n    links = facts['links']\n    rels = facts['relations']\n    pairs = [\n      ('input_shaft','base'),('input_shaft','lower_input_bearing'),('input_shaft','upper_input_bearing'),('input_shaft','carrier_bearing'),('input_shaft','carrier'),('input_shaft','fixed_ring'),('input_shaft','sun_gear'),('input_shaft','planet_1'),('input_shaft','planet_2'),('input_shaft','planet_3'),('input_shaft','input_crank'),('input_shaft','crank_grip'),('input_shaft','planet_pin_1'),('input_shaft','planet_pin_2'),('input_shaft','planet_pin_3'),\n      ('sun_gear','fixed_ring'),('sun_gear','planet_1'),('sun_gear','planet_2'),('sun_gear','planet_3'),('sun_gear','carrier'),('sun_gear','input_crank'),('sun_gear','planet_pin_1'),('sun_gear','planet_pin_2'),('sun_gear','planet_pin_3'),('sun_gear','carrier_bearing'),('sun_gear','upper_input_bearing'),('sun_gear','crank_grip'),('sun_gear','lower_input_bearing'),('sun_gear','base'),\n      ('carrier','carrier_bearing'),('carrier','planet_pin_1'),('carrier','planet_pin_2'),('carrier','planet_pin_3'),('carrier','fixed_ring'),('carrier','planet_1'),('carrier','planet_2'),('carrier','planet_3'),('carrier','upper_input_bearing'),('carrier','lower_input_bearing'),('carrier','ring_post_1'),('carrier','ring_post_2'),('carrier','ring_post_3'),('carrier','base'),('carrier','input_crank'),('carrier','crank_grip'),\n      ('planet_1','planet_pin_1'),('planet_1','fixed_ring'),('planet_1','planet_2'),('planet_1','planet_3'),('planet_1','input_crank'),('planet_1','carrier_bearing'),('planet_1','upper_input_bearing'),('planet_1','crank_grip'),('planet_1','lower_input_bearing'),('planet_1','base'),('planet_1','planet_pin_2'),('planet_1','planet_pin_3'),('planet_1','ring_post_1'),('planet_1','ring_post_3'),\n      ('planet_2','planet_pin_2'),('planet_2','fixed_ring'),('planet_2','planet_3'),('planet_2','input_crank'),('planet_2','carrier_bearing'),('planet_2','upper_input_bearing'),('planet_2','crank_grip'),('planet_2','lower_input_bearing'),('planet_2','base'),('planet_2','planet_pin_1'),('planet_2','ring_post_1'),('planet_2','ring_post_2'),\n      ('planet_3','planet_pin_3'),('planet_3','fixed_ring'),('planet_3','input_crank'),('planet_3','carrier_bearing'),('planet_3','upper_input_bearing'),('planet_3','crank_grip'),('planet_3','lower_input_bearing'),('planet_3','base'),('planet_3','planet_pin_1'),('planet_3','ring_post_2'),('planet_3','ring_post_3'),\n      ('input_crank','crank_grip'),('input_crank','planet_pin_1'),('input_crank','planet_pin_2'),('input_crank','planet_pin_3'),('input_crank','fixed_ring'),('input_crank','carrier_bearing'),('input_crank','upper_input_bearing')]\n    unique = []\n    seen = []\n    for a,b in pairs:\n        p = sorted([a,b])\n        k = p[0]+'|'+p[1]\n        if k not in seen:\n            seen.append(k)\n            unique.append(p)\n    rp = {}\n    for r in rels:\n        p = sorted([r['base_part'],r['incoming_part']])\n        rp[p[0]+'|'+p[1]] = r\n    keeps = ['base|input_shaft','crank_grip|input_crank']\n    contacts = []\n    for p in unique:\n        k = p[0]+'|'+p[1]\n        src = ['link/'+p[0],'link/'+p[1]]\n        fids = ['nearby/'+p[0]+'/'+p[1], 'pair/'+p[0]+'/'+p[1]]\n        if k in rp:\n            r = rp[k]\n            src.append('relation/'+r['name'])\n            fids.append('relation/'+r['name'])\n            fids.append('fit/'+r['base_part']+'/'+r['base_port']+'/'+r['incoming_part']+'/'+r['incoming_port'])\n            reason = 'Exact authored '+r['mate_type']+' interface is represented by rigid carrying, a hinge, or an ideal gear equality; contact would fight it.'\n            action = 'exclude'\n        elif k in keeps:\n            reason = 'Measured surfaces touch or overlap is unavailable; preserve contact rather than hide uncertain real contact.'\n            action = 'keep'\n        else:\n            reason = 'Measured real meshes have positive surface separation and no contact-dependent function; exclude this collision-proxy false-contact risk.'\n            action = 'exclude'\n        contacts.append({'pair':p,'action':action,'reason':reason,'source_entity_ids':src,'fact_ids':fids})\n    cm = {'input_shaft':'sun_input_hinge','sun_gear':'sun_input_hinge','input_crank':'sun_input_hinge','crank_grip':'sun_input_hinge','carrier':'carrier_output_hinge','planet_pin_1':'carrier_output_hinge','planet_pin_2':'carrier_output_hinge','planet_pin_3':'carrier_output_hinge','planet_1':'planet_1_carrier_hinge','planet_2':'planet_2_carrier_hinge','planet_3':'planet_3_carrier_hinge','fixed_ring':None}\n    for n in ['base','lower_input_bearing','upper_input_bearing','carrier_bearing','ring_post_1','ring_post_2','ring_post_3']:\n        cm[n] = None\n    plan = {'coordinate_map':cm,\n      'tree_edges':[['base','lower_input_bearing'],['base','upper_input_bearing'],['base','carrier_bearing'],['base','ring_post_1'],['base','ring_post_2'],['base','ring_post_3'],['base','fixed_ring'],['base','input_shaft'],['input_shaft','sun_gear'],['input_shaft','input_crank'],['input_crank','crank_grip'],['base','carrier'],['carrier','planet_pin_1'],['carrier','planet_pin_2'],['carrier','planet_pin_3'],['carrier','planet_1'],['carrier','planet_2'],['carrier','planet_3']],\n      'closure_edges':[['sun_gear','carrier'],['sun_gear','planet_1'],['fixed_ring','planet_1'],['sun_gear','planet_2'],['fixed_ring','planet_2'],['sun_gear','planet_3'],['fixed_ring','planet_3']],\n      'rigid_carried':[['input_shaft','sun_gear'],['input_shaft','input_crank'],['input_crank','crank_grip'],['carrier','planet_pin_1'],['carrier','planet_pin_2'],['carrier','planet_pin_3']],\n      'independent_coaxial':[['input_shaft','carrier'],['sun_gear','carrier'],['sun_gear','fixed_ring']],\n      'transmissions':[['sun_input_hinge','carrier_output_hinge',0.25],['sun_input_hinge','planet_1_carrier_hinge',-0.75],['sun_input_hinge','planet_2_carrier_hinge',-0.75],['sun_input_hinge','planet_3_carrier_hinge',-0.75]],\n      'contact_decisions':contacts,'support_ground':['base'],'support_strategy':'The fixed base and its structural supports remain ground-collidable; no support-probe alteration is needed.'}\n    out.topology_plan(plan)\n    out.body('base')\n    for n in ['lower_input_bearing','upper_input_bearing','carrier_bearing','ring_post_1','ring_post_2','ring_post_3','fixed_ring']:\n        out.body(n,'base')\n    out.body('input_shaft','base')\n    out.joint('input_shaft','sun_input_hinge',kind='hinge',axis=(0,0,1),pos_mm=(0,0,18.2),frame='world')\n    out.body('sun_gear','input_shaft')\n    out.body('input_crank','input_shaft')\n    out.body('crank_grip','input_crank')\n    out.body('carrier','base')\n    out.joint('carrier','carrier_output_hinge',kind='hinge',axis=(0,0,1),pos_mm=(0,0,13.5),frame='world')\n    for i in [1,2,3]:\n        out.body('planet_pin_'+str(i),'carrier')\n    anchors = [(18.0,0.0,18.2),(-9.0,15.588457268119896,18.2),(-9.0,-15.588457268119893,18.2)]\n    for i in [1,2,3]:\n        n = 'planet_'+str(i)\n        j = n+'_carrier_hinge'\n        out.body(n,'carrier')\n        out.joint(n,j,kind='hinge',axis=(0,0,1),pos_mm=anchors[i-1],frame='world')\n    eqsrc = ['planetary_stage/four_to_one_planetary_stage']\n    out.joint_equality('planetary_carrier_ratio','sun_input_hinge','carrier_output_hinge',0.25,reason='Fixed 54-tooth ring and 18-tooth sun give carrier speed sun/(1+54/18).',sources=eqsrc,fact_ids=eqsrc)\n    for i in [1,2,3]:\n        s = ['transmission/sun_to_planet_'+str(i),'transmission/planet_to_internal_ring_'+str(i),'planetary_stage/four_to_one_planetary_stage']\n        out.joint_equality('planetary_planet_ratio_'+str(i),'sun_input_hinge','planet_'+str(i)+'_carrier_hinge',-0.75,reason='Equal-tooth external mesh plus fixed internal ring gives local planet spin -3/4 sun.',sources=s,fact_ids=s)\n    for c in contacts:\n        if c['action'] == 'exclude':\n            out.exclude(c['pair'][0],c['pair'][1],c['reason'],c['source_entity_ids'],c['fact_ids'])\n    allids = facts['entity_ids']\n    for e in allids:\n        if e.startswith('link/'):\n            nodes = [e[5:]]\n            act = 'emitted'\n        elif e.startswith('motion_joint/'):\n            nodes = [e[13:]]\n            act = 'emitted'\n        elif e.startswith('transmission/'):\n            t = e[13:]\n            if t.startswith('sun_to_planet_'):\n                nodes = ['planetary_planet_ratio_'+t[-1]]\n            else:\n                nodes = ['planetary_planet_ratio_'+t[-1]]\n            act = 'represented_by'\n        elif e.startswith('planetary_stage/'):\n            nodes = ['planetary_carrier_ratio','planetary_planet_ratio_1','planetary_planet_ratio_2','planetary_planet_ratio_3']\n            act = 'represented_by'\n        elif e == 'role/driver/input_shaft' or e == 'role/watch/sun_gear' or e == 'role/watch/input_crank':\n            nodes = ['sun_input_hinge']\n            act = 'represented_by'\n        elif e == 'role/output/carrier' or e == 'role/watch/carrier':\n            nodes = ['carrier_output_hinge']\n            act = 'represented_by'\n        elif e.startswith('role/watch/planet_'):\n            nodes = [e[11:]+'_carrier_hinge']\n            act = 'represented_by'\n        elif e.startswith('relation/'):\n            r = rp.get('')\n            nodes = []\n            for q in rels:\n                if 'relation/'+q['name'] == e:\n                    if q['name'].startswith('sun_planet_mesh_') or q['name'].startswith('ring_planet_mesh_'):\n                        nodes = ['planetary_planet_ratio_'+q['name'][-1]]\n                    elif q['name'] == 'carrier_on_support_bearing':\n                        nodes = ['carrier_output_hinge']\n                    elif q['name'].startswith('planet_pin_journal_'):\n                        nodes = ['planet_'+q['name'][-1]+'_carrier_hinge']\n                    elif q['name'] in ['shaft_in_lower_bearing','shaft_in_upper_bearing','sun_press_fit','crank_press_fit']:\n                        nodes = ['sun_input_hinge']\n                    else:\n                        nodes = ['carrier_output_hinge']\n            act = 'represented_by'\n        elif e.startswith('pose/place_'):\n            nodes = [e[11:]]\n            act = 'represented_by'\n        elif e.startswith('port/'):\n            nodes = [e.split('/')[1]]\n            act = 'represented_by'\n        else:\n            nodes = []\n            act = 'represented_by'\n        out.decision(e,action=act,generated_nodes=nodes,reason='Authored fact is represented in the emitted body tree, coordinates, ideal constraints, or pair-specific contact classification.',fact_ids=[e])\n", 'expected_revision': 0})
[tool] submit_compiler_source({'source': "def compile_mjcf(facts, out):\n    L = facts['links']\n    R = facts['relations']\n    near = {\n      'input_shaft':['base','lower_input_bearing','upper_input_bearing','carrier_bearing','carrier','fixed_ring','sun_gear','planet_2','planet_3','input_crank','planet_1','crank_grip','planet_pin_2','planet_pin_3','planet_pin_1'],\n      'sun_gear':['input_shaft','fixed_ring','planet_1','planet_2','planet_3','carrier','input_crank','planet_pin_3','planet_pin_2','carrier_bearing','upper_input_bearing','crank_grip','planet_pin_1','lower_input_bearing','base'],\n      'carrier':['carrier_bearing','input_shaft','planet_pin_1','planet_pin_2','planet_pin_3','fixed_ring','sun_gear','planet_1','planet_2','planet_3','upper_input_bearing','lower_input_bearing','ring_post_1','ring_post_3','base','input_crank','crank_grip','ring_post_2'],\n      'planet_1':['planet_pin_1','fixed_ring','sun_gear','carrier','planet_2','input_crank','planet_3','carrier_bearing','input_shaft','upper_input_bearing','crank_grip','lower_input_bearing','base','planet_pin_2','planet_pin_3','ring_post_1','ring_post_3'],\n      'planet_2':['input_shaft','planet_pin_2','fixed_ring','sun_gear','carrier','planet_1','input_crank','carrier_bearing','upper_input_bearing','planet_3','ring_post_2','lower_input_bearing','ring_post_1','crank_grip','base','planet_pin_1'],\n      'planet_3':['input_shaft','planet_pin_3','fixed_ring','sun_gear','carrier','input_crank','planet_1','carrier_bearing','upper_input_bearing','planet_2','ring_post_2','lower_input_bearing','crank_grip','ring_post_3','base','planet_pin_1'],\n      'input_crank':['input_shaft','crank_grip','planet_pin_1','planet_1','planet_2','planet_3','fixed_ring','sun_gear','carrier','planet_pin_3','planet_pin_2','carrier_bearing','upper_input_bearing']}\n    relation_pairs = {}\n    for r in R:\n        p = sorted([r['base_part'],r['incoming_part']])\n        relation_pairs[p[0]+'|'+p[1]] = r\n    seen = []\n    contacts = []\n    for a in near:\n        for b in near[a]:\n            p = sorted([a,b])\n            k = p[0]+'|'+p[1]\n            if k not in seen:\n                seen.append(k)\n                src = ['link/'+p[0],'link/'+p[1]]\n                fids = ['nearby/'+p[0]+'/'+p[1],'pair/'+p[0]+'/'+p[1]]\n                if k in relation_pairs:\n                    r = relation_pairs[k]\n                    src.append('relation/'+r['name'])\n                    fids.append('fit/'+r['base_part']+'/'+r['base_port']+'/'+r['incoming_part']+'/'+r['incoming_port'])\n                    action = 'exclude'\n                    reason = 'Exact authored '+r['mate_type']+' interface is replaced by rigid carrying, a hinge, or an ideal gear equality, so contact would fight the ideal representation.'\n                elif k == 'base|input_shaft' or k == 'crank_grip|input_crank':\n                    action = 'keep'\n                    reason = 'Measured surfaces touch and solid overlap is unavailable; preserve uncertain real contact.'\n                else:\n                    action = 'exclude'\n                    reason = 'Measured real meshes have positive surface separation or disjoint AABB overlap and no contact-dependent function; exclude this exact collision-proxy false-contact risk.'\n                contacts.append({'pair':p,'action':action,'reason':reason,'source_entity_ids':src,'fact_ids':fids})\n    cm = {'base':None,'lower_input_bearing':None,'upper_input_bearing':None,'carrier_bearing':None,'ring_post_1':None,'ring_post_2':None,'ring_post_3':None,'fixed_ring':None,'input_shaft':'sun_input_hinge','sun_gear':'sun_input_hinge','input_crank':'sun_input_hinge','crank_grip':'sun_input_hinge','carrier':'carrier_output_hinge','planet_pin_1':'carrier_output_hinge','planet_pin_2':'carrier_output_hinge','planet_pin_3':'carrier_output_hinge','planet_1':'planet_1_carrier_hinge','planet_2':'planet_2_carrier_hinge','planet_3':'planet_3_carrier_hinge'}\n    plan = {'coordinate_map':cm,\n      'tree_edges':[['base','lower_input_bearing'],['base','upper_input_bearing'],['base','carrier_bearing'],['base','ring_post_1'],['base','ring_post_2'],['base','ring_post_3'],['base','fixed_ring'],['base','input_shaft'],['input_shaft','sun_gear'],['input_shaft','input_crank'],['input_crank','crank_grip'],['base','carrier'],['carrier','planet_pin_1'],['carrier','planet_pin_2'],['carrier','planet_pin_3'],['carrier','planet_1'],['carrier','planet_2'],['carrier','planet_3']],\n      'closure_edges':[['sun_gear','carrier'],['sun_gear','planet_1'],['fixed_ring','planet_1'],['sun_gear','planet_2'],['fixed_ring','planet_2'],['sun_gear','planet_3'],['fixed_ring','planet_3']],\n      'rigid_carried':[['input_shaft','sun_gear'],['input_shaft','input_crank'],['input_crank','crank_grip'],['carrier','planet_pin_1'],['carrier','planet_pin_2'],['carrier','planet_pin_3']],\n      'independent_coaxial':[['input_shaft','carrier'],['sun_gear','carrier'],['sun_gear','fixed_ring']],\n      'transmissions':[['sun_input_hinge','carrier_output_hinge',0.25],['sun_input_hinge','planet_1_carrier_hinge',-0.75],['sun_input_hinge','planet_2_carrier_hinge',-0.75],['sun_input_hinge','planet_3_carrier_hinge',-0.75]],\n      'contact_decisions':contacts,'support_ground':['base'],'support_strategy':'Fixed base and structural supports remain ground-collidable; normal topology needs no support patch.'}\n    out.topology_plan(plan)\n    out.body('base')\n    for n in ['lower_input_bearing','upper_input_bearing','carrier_bearing','ring_post_1','ring_post_2','ring_post_3','fixed_ring']:\n        out.body(n,'base')\n    out.body('input_shaft','base')\n    out.joint('input_shaft','sun_input_hinge',kind='hinge',axis=(0,0,1),pos_mm=(0,0,18.2),frame='world')\n    out.body('sun_gear','input_shaft')\n    out.body('input_crank','input_shaft')\n    out.body('crank_grip','input_crank')\n    out.body('carrier','base')\n    out.joint('carrier','carrier_output_hinge',kind='hinge',axis=(0,0,1),pos_mm=(0,0,13.5),frame='world')\n    for i in [1,2,3]:\n        out.body('planet_pin_'+str(i),'carrier')\n    A = [(18.0,0.0,18.2),(-9.0,15.588457268119896,18.2),(-9.0,-15.588457268119893,18.2)]\n    for i in [1,2,3]:\n        b = 'planet_'+str(i)\n        j = b+'_carrier_hinge'\n        out.body(b,'carrier')\n        out.joint(b,j,kind='hinge',axis=(0,0,1),pos_mm=A[i-1],frame='world')\n    stage = ['planetary_stage/four_to_one_planetary_stage']\n    out.joint_equality('planetary_carrier_ratio','sun_input_hinge','carrier_output_hinge',0.25,reason='Fixed 54-tooth ring and 18-tooth sun give carrier speed sun/(1+54/18).',sources=stage,fact_ids=stage)\n    for i in [1,2,3]:\n        q = str(i)\n        s = ['transmission/sun_to_planet_'+q,'transmission/planet_to_internal_ring_'+q,'planetary_stage/four_to_one_planetary_stage']\n        out.joint_equality('planetary_planet_ratio_'+q,'sun_input_hinge','planet_'+q+'_carrier_hinge',-0.75,reason='Equal-tooth external mesh with fixed 54-tooth internal ring gives local planet spin minus three quarters sun speed.',sources=s,fact_ids=s)\n    for c in contacts:\n        if c['action'] == 'exclude':\n            out.exclude(c['pair'][0],c['pair'][1],c['reason'],c['source_entity_ids'],c['fact_ids'])\n    for e in facts['entity_ids']:\n        nodes = []\n        action = 'represented_by'\n        if e.startswith('link/'):\n            nodes = [e[5:]]\n            action = 'emitted'\n        elif e.startswith('motion_joint/'):\n            nodes = [e[13:]]\n            action = 'emitted'\n        elif e.startswith('transmission/sun_to_planet_'):\n            nodes = ['planetary_planet_ratio_'+e[-1]]\n        elif e.startswith('transmission/planet_to_internal_ring_'):\n            nodes = ['planetary_planet_ratio_'+e[-1]]\n        elif e.startswith('planetary_stage/'):\n            nodes = ['planetary_carrier_ratio','planetary_planet_ratio_1','planetary_planet_ratio_2','planetary_planet_ratio_3']\n        elif e == 'role/driver/input_shaft' or e == 'role/watch/sun_gear' or e == 'role/watch/input_crank':\n            nodes = ['sun_input_hinge']\n        elif e == 'role/output/carrier' or e == 'role/watch/carrier':\n            nodes = ['carrier_output_hinge']\n        elif e.startswith('role/watch/planet_'):\n            nodes = ['planet_'+e[-1]+'_carrier_hinge']\n        elif e.startswith('relation/sun_planet_mesh_') or e.startswith('relation/ring_planet_mesh_'):\n            nodes = ['planetary_planet_ratio_'+e[-1]]\n        elif e == 'relation/carrier_on_support_bearing' or e.startswith('relation/carrier_pin_press_fit_'):\n            nodes = ['carrier_output_hinge']\n        elif e.startswith('relation/planet_pin_journal_'):\n            nodes = ['planet_'+e[-1]+'_carrier_hinge']\n        elif e.startswith('relation/'):\n            nodes = ['sun_input_hinge']\n        out.decision(e,action=action,generated_nodes=nodes,reason='Authored entity is represented by the emitted body tree, coordinate, ideal transmission, or pair-specific contact classification.',fact_ids=[e])\n", 'expected_revision': 0})
[tool] run_mjcf_gate({})
[tool] read_current_compiler({})
[tool] read_mjcf_gate_report({})
[tool] submit_compiler_source({'source': "def compile_mjcf(facts, out):\n    links = ['base','lower_input_bearing','upper_input_bearing','carrier_bearing','input_shaft','ring_post_1','ring_post_2','ring_post_3','carrier','planet_pin_1','planet_pin_2','planet_pin_3','fixed_ring','sun_gear','planet_1','planet_2','planet_3','input_crank','crank_grip']\n    rel = [\n      ('shaft_in_lower_bearing','journal_bearing','lower_input_bearing','journal','input_shaft','shaft_axis'),('shaft_in_upper_bearing','journal_bearing','upper_input_bearing','journal','input_shaft','shaft_axis'),('sun_press_fit','press_fit','input_shaft','sun_seat','sun_gear','shaft_bore'),('crank_press_fit','press_fit','input_shaft','crank_seat','input_crank','hub_bore'),('carrier_on_support_bearing','journal_bearing','carrier_bearing','carrier_journal','carrier','output_axis'),\n      ('carrier_pin_press_fit_1','press_fit','carrier','pin_seat_1','planet_pin_1','pin_axis'),('planet_pin_journal_1','journal_bearing','planet_pin_1','pin_axis','planet_1','pin_bore'),('sun_planet_mesh_1','gear_spur_external','sun_gear','sun_mesh','planet_1','planet_mesh'),('ring_planet_mesh_1','gear_spur_external','fixed_ring','internal_mesh','planet_1','planet_mesh'),\n      ('carrier_pin_press_fit_2','press_fit','carrier','pin_seat_2','planet_pin_2','pin_axis'),('planet_pin_journal_2','journal_bearing','planet_pin_2','pin_axis','planet_2','pin_bore'),('sun_planet_mesh_2','gear_spur_external','sun_gear','sun_mesh','planet_2','planet_mesh'),('ring_planet_mesh_2','gear_spur_external','fixed_ring','internal_mesh','planet_2','planet_mesh'),\n      ('carrier_pin_press_fit_3','press_fit','carrier','pin_seat_3','planet_pin_3','pin_axis'),('planet_pin_journal_3','journal_bearing','planet_pin_3','pin_axis','planet_3','pin_bore'),('sun_planet_mesh_3','gear_spur_external','sun_gear','sun_mesh','planet_3','planet_mesh'),('ring_planet_mesh_3','gear_spur_external','fixed_ring','internal_mesh','planet_3','planet_mesh')]\n    near = {'input_shaft':['base','lower_input_bearing','upper_input_bearing','carrier_bearing','carrier','fixed_ring','sun_gear','planet_2','planet_3','input_crank','planet_1','crank_grip','planet_pin_2','planet_pin_3','planet_pin_1'],'sun_gear':['input_shaft','fixed_ring','planet_1','planet_2','planet_3','carrier','input_crank','planet_pin_3','planet_pin_2','carrier_bearing','upper_input_bearing','crank_grip','planet_pin_1','lower_input_bearing','base'],'carrier':['carrier_bearing','input_shaft','planet_pin_1','planet_pin_2','planet_pin_3','fixed_ring','sun_gear','planet_1','planet_2','planet_3','upper_input_bearing','lower_input_bearing','ring_post_1','ring_post_3','base','input_crank','crank_grip','ring_post_2'],'planet_1':['planet_pin_1','fixed_ring','sun_gear','carrier','planet_2','input_crank','planet_3','carrier_bearing','input_shaft','upper_input_bearing','crank_grip','lower_input_bearing','base','planet_pin_2','planet_pin_3','ring_post_1','ring_post_3'],'planet_2':['input_shaft','planet_pin_2','fixed_ring','sun_gear','carrier','planet_1','input_crank','carrier_bearing','upper_input_bearing','planet_3','ring_post_2','lower_input_bearing','ring_post_1','crank_grip','base','planet_pin_1'],'planet_3':['input_shaft','planet_pin_3','fixed_ring','sun_gear','carrier','input_crank','planet_1','carrier_bearing','upper_input_bearing','planet_2','ring_post_2','lower_input_bearing','crank_grip','ring_post_3','base','planet_pin_1'],'input_crank':['input_shaft','crank_grip','planet_pin_1','planet_1','planet_2','planet_3','fixed_ring','sun_gear','carrier','planet_pin_3','planet_pin_2','carrier_bearing','upper_input_bearing']}\n    rp = {}\n    for r in rel:\n        p = sorted([r[2],r[4]])\n        rp[p[0]+'|'+p[1]] = r\n    seen = []\n    contacts = []\n    for a in near:\n        for b in near[a]:\n            p = sorted([a,b]); k = p[0]+'|'+p[1]\n            if k not in seen:\n                seen.append(k); src = ['link/'+p[0],'link/'+p[1]]; fids = ['nearby/'+p[0]+'/'+p[1],'pair/'+p[0]+'/'+p[1]]\n                if k in rp:\n                    r = rp[k]; src.append('relation/'+r[0]); fids.append('fit/'+r[2]+'/'+r[3]+'/'+r[4]+'/'+r[5]); action='exclude'; reason='Exact authored '+r[1]+' interface is replaced by rigid carrying, a hinge, or ideal gear equality, so contact would fight it.'\n                elif k == 'base|input_shaft' or k == 'crank_grip|input_crank':\n                    action='keep'; reason='Measured surfaces touch and overlap is unavailable; preserve uncertain real contact.'\n                else:\n                    action='exclude'; reason='Positive real-mesh separation or disjoint AABB and no contact function identifies an exact collision-proxy false-contact risk.'\n                contacts.append({'pair':p,'action':action,'reason':reason,'source_entity_ids':src,'fact_ids':fids})\n    cm = {'base':None,'lower_input_bearing':None,'upper_input_bearing':None,'carrier_bearing':None,'ring_post_1':None,'ring_post_2':None,'ring_post_3':None,'fixed_ring':None,'input_shaft':'sun_input_hinge','sun_gear':'sun_input_hinge','input_crank':'sun_input_hinge','crank_grip':'sun_input_hinge','carrier':'carrier_output_hinge','planet_pin_1':'carrier_output_hinge','planet_pin_2':'carrier_output_hinge','planet_pin_3':'carrier_output_hinge','planet_1':'planet_1_carrier_hinge','planet_2':'planet_2_carrier_hinge','planet_3':'planet_3_carrier_hinge'}\n    tree = [['base','lower_input_bearing'],['base','upper_input_bearing'],['base','carrier_bearing'],['base','ring_post_1'],['base','ring_post_2'],['base','ring_post_3'],['base','fixed_ring'],['base','input_shaft'],['input_shaft','sun_gear'],['input_shaft','input_crank'],['input_crank','crank_grip'],['base','carrier'],['carrier','planet_pin_1'],['carrier','planet_pin_2'],['carrier','planet_pin_3'],['carrier','planet_1'],['carrier','planet_2'],['carrier','planet_3']]\n    out.topology_plan({'coordinate_map':cm,'tree_edges':tree,'closure_edges':[['sun_gear','carrier'],['sun_gear','planet_1'],['fixed_ring','planet_1'],['sun_gear','planet_2'],['fixed_ring','planet_2'],['sun_gear','planet_3'],['fixed_ring','planet_3']],'rigid_carried':[['input_shaft','sun_gear'],['input_shaft','input_crank'],['input_crank','crank_grip'],['carrier','planet_pin_1'],['carrier','planet_pin_2'],['carrier','planet_pin_3']],'independent_coaxial':[['input_shaft','carrier'],['sun_gear','carrier'],['sun_gear','fixed_ring']],'transmissions':[['sun_input_hinge','carrier_output_hinge',0.25],['sun_input_hinge','planet_1_carrier_hinge',-0.75],['sun_input_hinge','planet_2_carrier_hinge',-0.75],['sun_input_hinge','planet_3_carrier_hinge',-0.75]],'contact_decisions':contacts,'support_ground':['base'],'support_strategy':'Fixed base and structural supports remain ground-collidable; no support patch.'})\n    out.body('base')\n    for n in ['lower_input_bearing','upper_input_bearing','carrier_bearing','ring_post_1','ring_post_2','ring_post_3','fixed_ring']: out.body(n,'base')\n    out.body('input_shaft','base'); out.joint('input_shaft','sun_input_hinge',axis=(0,0,1),pos_mm=(0,0,18.2),frame='world')\n    out.body('sun_gear','input_shaft'); out.body('input_crank','input_shaft'); out.body('crank_grip','input_crank')\n    out.body('carrier','base'); out.joint('carrier','carrier_output_hinge',axis=(0,0,1),pos_mm=(0,0,13.5),frame='world')\n    for i in [1,2,3]: out.body('planet_pin_'+str(i),'carrier')\n    A=[(18,0,18.2),(-9,15.588457268119896,18.2),(-9,-15.588457268119893,18.2)]\n    for i in [1,2,3]:\n        q=str(i); out.body('planet_'+q,'carrier'); out.joint('planet_'+q,'planet_'+q+'_carrier_hinge',axis=(0,0,1),pos_mm=A[i-1],frame='world')\n    stage=['planetary_stage/four_to_one_planetary_stage']\n    out.joint_equality('planetary_carrier_ratio','sun_input_hinge','carrier_output_hinge',0.25,reason='Fixed 54-tooth ring and 18-tooth sun give 4:1 reduction.',sources=stage,fact_ids=stage)\n    for i in [1,2,3]:\n        q=str(i); s=['transmission/sun_to_planet_'+q,'transmission/planet_to_internal_ring_'+q,'planetary_stage/four_to_one_planetary_stage']; out.joint_equality('planetary_planet_ratio_'+q,'sun_input_hinge','planet_'+q+'_carrier_hinge',-0.75,reason='Planet local spin from the fixed-ring planetary kinematics.',sources=s,fact_ids=s)\n    for c in contacts:\n        if c['action']=='exclude': out.exclude(c['pair'][0],c['pair'][1],c['reason'],c['source_entity_ids'],c['fact_ids'])\n    ids=[]\n    for n in links: ids.append('link/'+n); ids.append('pose/place_'+n)\n    ports=[('base','top'),('lower_input_bearing','journal'),('upper_input_bearing','journal'),('carrier_bearing','carrier_journal'),('input_shaft','shaft_axis'),('input_shaft','sun_seat'),('input_shaft','crank_seat'),('sun_gear','shaft_bore'),('sun_gear','sun_mesh'),('carrier','output_axis'),('carrier','pin_seat_1'),('carrier','pin_seat_2'),('carrier','pin_seat_3'),('fixed_ring','internal_mesh'),('input_crank','hub_bore'),('crank_grip','grip_axis'),('planet_1','pin_bore'),('planet_1','planet_mesh'),('planet_pin_1','pin_axis'),('planet_2','pin_bore'),('planet_2','planet_mesh'),('planet_pin_2','pin_axis'),('planet_3','pin_bore'),('planet_3','planet_mesh'),('planet_pin_3','pin_axis'),('ring_post_1','support_axis'),('ring_post_2','support_axis'),('ring_post_3','support_axis')]\n    for p in ports: ids.append('port/'+p[0]+'/'+p[1])\n    for r in rel: ids.append('relation/'+r[0])\n    joints=['sun_input_hinge','carrier_output_hinge','planet_1_carrier_hinge','planet_2_carrier_hinge','planet_3_carrier_hinge']\n    for j in joints: ids.append('motion_joint/'+j)\n    ts=['sun_to_planet_1','planet_to_internal_ring_1','sun_to_planet_2','planet_to_internal_ring_2','sun_to_planet_3','planet_to_internal_ring_3']\n    for t in ts: ids.append('transmission/'+t)\n    ids.append('planetary_stage/four_to_one_planetary_stage'); ids.append('role/driver/input_shaft'); ids.append('role/output/carrier')\n    for n in ['sun_gear','planet_1','planet_2','planet_3','carrier','input_crank']: ids.append('role/watch/'+n)\n    for e in ids:\n        nodes=[]; action='represented_by'\n        if e.startswith('link/'): nodes=[e[5:]]; action='emitted'\n        elif e.startswith('motion_joint/'): nodes=[e[13:]]; action='emitted'\n        elif e.startswith('transmission/'): nodes=['planetary_planet_ratio_'+e[-1]]\n        elif e.startswith('planetary_stage/'): nodes=['planetary_carrier_ratio','planetary_planet_ratio_1','planetary_planet_ratio_2','planetary_planet_ratio_3']\n        elif e=='role/driver/input_shaft' or e=='role/watch/sun_gear' or e=='role/watch/input_crank': nodes=['sun_input_hinge']\n        elif e=='role/output/carrier' or e=='role/watch/carrier': nodes=['carrier_output_hinge']\n        elif e.startswith('role/watch/planet_'): nodes=['planet_'+e[-1]+'_carrier_hinge']\n        elif e.startswith('relation/sun_planet_mesh_') or e.startswith('relation/ring_planet_mesh_'): nodes=['planetary_planet_ratio_'+e[-1]]\n        elif e=='relation/carrier_on_support_bearing' or e.startswith('relation/carrier_pin_press_fit_'): nodes=['carrier_output_hinge']\n        elif e.startswith('relation/planet_pin_journal_'): nodes=['planet_'+e[-1]+'_carrier_hinge']\n        elif e.startswith('relation/'): nodes=['sun_input_hinge']\n        out.decision(e,action=action,generated_nodes=nodes,reason='Represented by emitted topology, ideal coordinate, transmission, or contact classification.',fact_ids=[e])\n", 'expected_revision': 1})
[tool] run_mjcf_gate({})
[tool] read_current_compiler({})
[tool] submit_compiler_source({'source': "def compile_mjcf(facts,out):\n L=['base','lower_input_bearing','upper_input_bearing','carrier_bearing','input_shaft','ring_post_1','ring_post_2','ring_post_3','carrier','planet_pin_1','planet_pin_2','planet_pin_3','fixed_ring','sun_gear','planet_1','planet_2','planet_3','input_crank','crank_grip']\n R=[('shaft_in_lower_bearing','lower_input_bearing','journal','input_shaft','shaft_axis'),('shaft_in_upper_bearing','upper_input_bearing','journal','input_shaft','shaft_axis'),('sun_press_fit','input_shaft','sun_seat','sun_gear','shaft_bore'),('crank_press_fit','input_shaft','crank_seat','input_crank','hub_bore'),('carrier_on_support_bearing','carrier_bearing','carrier_journal','carrier','output_axis'),('carrier_pin_press_fit_1','carrier','pin_seat_1','planet_pin_1','pin_axis'),('planet_pin_journal_1','planet_pin_1','pin_axis','planet_1','pin_bore'),('sun_planet_mesh_1','sun_gear','sun_mesh','planet_1','planet_mesh'),('ring_planet_mesh_1','fixed_ring','internal_mesh','planet_1','planet_mesh'),('carrier_pin_press_fit_2','carrier','pin_seat_2','planet_pin_2','pin_axis'),('planet_pin_journal_2','planet_pin_2','pin_axis','planet_2','pin_bore'),('sun_planet_mesh_2','sun_gear','sun_mesh','planet_2','planet_mesh'),('ring_planet_mesh_2','fixed_ring','internal_mesh','planet_2','planet_mesh'),('carrier_pin_press_fit_3','carrier','pin_seat_3','planet_pin_3','pin_axis'),('planet_pin_journal_3','planet_pin_3','pin_axis','planet_3','pin_bore'),('sun_planet_mesh_3','sun_gear','sun_mesh','planet_3','planet_mesh'),('ring_planet_mesh_3','fixed_ring','internal_mesh','planet_3','planet_mesh')]\n N={'input_shaft':['base','lower_input_bearing','upper_input_bearing','carrier_bearing','carrier','fixed_ring','sun_gear','planet_2','planet_3','input_crank','planet_1','crank_grip','planet_pin_2','planet_pin_3','planet_pin_1'],'sun_gear':['input_shaft','fixed_ring','planet_1','planet_2','planet_3','carrier','input_crank','planet_pin_3','planet_pin_2','carrier_bearing','upper_input_bearing','crank_grip','planet_pin_1','lower_input_bearing','base'],'carrier':['carrier_bearing','input_shaft','planet_pin_1','planet_pin_2','planet_pin_3','fixed_ring','sun_gear','planet_1','planet_2','planet_3','upper_input_bearing','lower_input_bearing','ring_post_1','ring_post_3','base','input_crank','crank_grip','ring_post_2'],'planet_1':['planet_pin_1','fixed_ring','sun_gear','carrier','planet_2','input_crank','planet_3','carrier_bearing','input_shaft','upper_input_bearing','crank_grip','lower_input_bearing','base','planet_pin_2','planet_pin_3','ring_post_1','ring_post_3'],'planet_2':['input_shaft','planet_pin_2','fixed_ring','sun_gear','carrier','planet_1','input_crank','carrier_bearing','upper_input_bearing','planet_3','ring_post_2','lower_input_bearing','ring_post_1','crank_grip','base','planet_pin_1'],'planet_3':['input_shaft','planet_pin_3','fixed_ring','sun_gear','carrier','input_crank','planet_1','carrier_bearing','upper_input_bearing','planet_2','ring_post_2','lower_input_bearing','crank_grip','ring_post_3','base','planet_pin_1'],'input_crank':['input_shaft','crank_grip','planet_pin_1','planet_1','planet_2','planet_3','fixed_ring','sun_gear','carrier','planet_pin_3','planet_pin_2','carrier_bearing','upper_input_bearing']}\n rp={}\n for r in R:\n  p=sorted([r[1],r[3]]);rp[p[0]+'|'+p[1]]=r\n C=[];seen=[]\n for a in N:\n  for b in N[a]:\n   p=sorted([a,b]);k=p[0]+'|'+p[1]\n   if k not in seen:\n    seen.append(k);s=['link/'+p[0],'link/'+p[1]];f=['nearby/'+p[0]+'/'+p[1],'pair/'+p[0]+'/'+p[1]]\n    if k in rp:\n     r=rp[k];s.append('relation/'+r[0]);f.append('fit/'+r[1]+'/'+r[2]+'/'+r[3]+'/'+r[4]);act='exclude';why='Authored fit, bearing, or gear interface is replaced by rigid carrying, hinge, or ideal equality; exact-pair contact would fight it.'\n    elif k in ['base|input_shaft','crank_grip|input_crank']:\n     act='keep';why='Measured touching geometry has unavailable overlap; preserve uncertain real contact.'\n    else:\n     act='exclude';why='Positive measured separation or disjoint AABB with no contact function is an exact collision-proxy false-contact risk.'\n    C.append({'pair':p,'action':act,'reason':why,'source_entity_ids':s,'fact_ids':f})\n cm={}\n for n in L:cm[n]=None\n for n in ['input_shaft','sun_gear','input_crank','crank_grip']:cm[n]='sun_input_hinge'\n for n in ['carrier','planet_pin_1','planet_pin_2','planet_pin_3']:cm[n]='carrier_output_hinge'\n for i in [1,2,3]:cm['planet_'+str(i)]='planet_'+str(i)+'_carrier_hinge'\n tree=[['base','lower_input_bearing'],['base','upper_input_bearing'],['base','carrier_bearing'],['base','ring_post_1'],['base','ring_post_2'],['base','ring_post_3'],['base','fixed_ring'],['base','input_shaft'],['input_shaft','sun_gear'],['input_shaft','input_crank'],['input_crank','crank_grip'],['base','carrier'],['carrier','planet_pin_1'],['carrier','planet_pin_2'],['carrier','planet_pin_3'],['carrier','planet_1'],['carrier','planet_2'],['carrier','planet_3']]\n out.topology_plan({'coordinate_map':cm,'tree_edges':tree,'closure_edges':[['sun_gear','carrier'],['sun_gear','planet_1'],['fixed_ring','planet_1'],['sun_gear','planet_2'],['fixed_ring','planet_2'],['sun_gear','planet_3'],['fixed_ring','planet_3']],'rigid_carried':[['input_shaft','sun_gear'],['input_shaft','input_crank'],['input_crank','crank_grip'],['carrier','planet_pin_1'],['carrier','planet_pin_2'],['carrier','planet_pin_3']],'independent_coaxial':[['input_shaft','carrier'],['sun_gear','carrier'],['sun_gear','fixed_ring']],'transmissions':[['sun_input_hinge','carrier_output_hinge',.25],['sun_input_hinge','planet_1_carrier_hinge',-.75],['sun_input_hinge','planet_2_carrier_hinge',-.75],['sun_input_hinge','planet_3_carrier_hinge',-.75]],'contact_decisions':C,'support_ground':['base'],'support_strategy':'Fixed base and structural supports remain ground-collidable; no support patch.'})\n out.body('base')\n for n in ['lower_input_bearing','upper_input_bearing','carrier_bearing','ring_post_1','ring_post_2','ring_post_3','fixed_ring']:out.body(n,'base')\n out.body('input_shaft','base');out.joint('input_shaft','sun_input_hinge',axis=(0,0,1),pos_mm=(0,0,18.2),frame='world')\n out.body('sun_gear','input_shaft');out.body('input_crank','input_shaft');out.body('crank_grip','input_crank')\n out.body('carrier','base');out.joint('carrier','carrier_output_hinge',axis=(0,0,1),pos_mm=(0,0,13.5),frame='world')\n for i in [1,2,3]:out.body('planet_pin_'+str(i),'carrier')\n A=[(18,0,18.2),(-9,15.588457268119896,18.2),(-9,-15.588457268119893,18.2)]\n for i in [1,2,3]:\n  q=str(i);out.body('planet_'+q,'carrier');out.joint('planet_'+q,'planet_'+q+'_carrier_hinge',axis=(0,0,1),pos_mm=A[i-1],frame='world')\n st=['planetary_stage/four_to_one_planetary_stage']\n out.joint_equality('planetary_carrier_ratio','sun_input_hinge','carrier_output_hinge',.25,reason='Fixed 54 tooth ring with 18 tooth sun gives four to one reduction.',sources=st,fact_ids=st)\n for i in [1,2,3]:\n  q=str(i);s=['transmission/sun_to_planet_'+q,'transmission/planet_to_internal_ring_'+q,'planetary_stage/four_to_one_planetary_stage'];out.joint_equality('planetary_planet_ratio_'+q,'sun_input_hinge','planet_'+q+'_carrier_hinge',-.75,reason='Fixed-ring planetary local planet spin.',sources=s,fact_ids=s)\n for c in C:\n  if c['action']=='exclude':out.exclude(c['pair'][0],c['pair'][1],c['reason'],c['source_entity_ids'],c['fact_ids'])\n P=[('base','top'),('lower_input_bearing','journal'),('upper_input_bearing','journal'),('carrier_bearing','carrier_journal'),('input_shaft','shaft_axis'),('input_shaft','sun_seat'),('input_shaft','crank_seat'),('sun_gear','shaft_bore'),('sun_gear','sun_mesh'),('carrier','output_axis'),('carrier','pin_seat_1'),('carrier','pin_seat_2'),('carrier','pin_seat_3'),('fixed_ring','internal_mesh'),('input_crank','hub_bore'),('crank_grip','grip_axis'),('planet_1','pin_bore'),('planet_1','planet_mesh'),('planet_pin_1','pin_axis'),('planet_2','pin_bore'),('planet_2','planet_mesh'),('planet_pin_2','pin_axis'),('planet_3','pin_bore'),('planet_3','planet_mesh'),('planet_pin_3','pin_axis'),('ring_post_1','support_axis'),('ring_post_2','support_axis'),('ring_post_3','support_axis')]\n D=[]\n for n in L:D.append(('link/'+n,n,'emitted'));D.append(('pose/place_'+n,n,'represented_by'))\n for p in P:D.append(('port/'+p[0]+'/'+p[1],p[0],'represented_by'))\n for r in R:\n  n='sun_input_hinge'\n  if r[0]=='carrier_on_support_bearing' or r[0].startswith('carrier_pin_press_fit_'):n='carrier_output_hinge'\n  if r[0].startswith('planet_pin_journal_') or r[0].startswith('sun_planet_mesh_') or r[0].startswith('ring_planet_mesh_'):n='planetary_planet_ratio_'+r[0][-1]\n  D.append(('relation/'+r[0],n,'represented_by'))\n J=['sun_input_hinge','carrier_output_hinge','planet_1_carrier_hinge','planet_2_carrier_hinge','planet_3_carrier_hinge']\n for j in J:D.append(('motion_joint/'+j,j,'emitted'))\n for i in [1,2,3]:\n  q=str(i);D.append(('transmission/sun_to_planet_'+q,'planetary_planet_ratio_'+q,'represented_by'));D.append(('transmission/planet_to_internal_ring_'+q,'planetary_planet_ratio_'+q,'represented_by'))\n D.append(('planetary_stage/four_to_one_planetary_stage','planetary_carrier_ratio','represented_by'));D.append(('role/driver/input_shaft','sun_input_hinge','represented_by'));D.append(('role/output/carrier','carrier_output_hinge','represented_by'))\n for n in ['sun_gear','planet_1','planet_2','planet_3','carrier','input_crank']:\n  j='sun_input_hinge'\n  if n=='carrier':j='carrier_output_hinge'\n  if n.startswith('planet_'):j=n+'_carrier_hinge'\n  D.append(('role/watch/'+n,j,'represented_by'))\n for d in D:out.decision(d[0],action=d[2],generated_nodes=[d[1]],reason='Represented by emitted topology, ideal coordinate, transmission, or contact classification.',fact_ids=[d[0]])\n", 'expected_revision': 2})
[tool] run_mjcf_gate({})
[tool] read_current_compiler({})
[tool] submit_compiler_source({'source': "def compile_mjcf(facts,out):\n L=['base','lower_input_bearing','upper_input_bearing','carrier_bearing','input_shaft','ring_post_1','ring_post_2','ring_post_3','carrier','planet_pin_1','planet_pin_2','planet_pin_3','fixed_ring','sun_gear','planet_1','planet_2','planet_3','input_crank','crank_grip']\n R=[('shaft_in_lower_bearing','lower_input_bearing','journal','input_shaft','shaft_axis'),('shaft_in_upper_bearing','upper_input_bearing','journal','input_shaft','shaft_axis'),('sun_press_fit','input_shaft','sun_seat','sun_gear','shaft_bore'),('crank_press_fit','input_shaft','crank_seat','input_crank','hub_bore'),('carrier_on_support_bearing','carrier_bearing','carrier_journal','carrier','output_axis')]\n for i in [1,2,3]:\n  q=str(i);R.append(('carrier_pin_press_fit_'+q,'carrier','pin_seat_'+q,'planet_pin_'+q,'pin_axis'));R.append(('planet_pin_journal_'+q,'planet_pin_'+q,'pin_axis','planet_'+q,'pin_bore'));R.append(('sun_planet_mesh_'+q,'sun_gear','sun_mesh','planet_'+q,'planet_mesh'));R.append(('ring_planet_mesh_'+q,'fixed_ring','internal_mesh','planet_'+q,'planet_mesh'))\n N={'input_shaft':['base','lower_input_bearing','upper_input_bearing','carrier_bearing','carrier','fixed_ring','sun_gear','planet_2','planet_3','input_crank','planet_1','crank_grip','planet_pin_2','planet_pin_3','planet_pin_1'],'sun_gear':['input_shaft','fixed_ring','planet_1','planet_2','planet_3','carrier','input_crank','planet_pin_3','planet_pin_2','carrier_bearing','upper_input_bearing','crank_grip','planet_pin_1','lower_input_bearing','base'],'carrier':['carrier_bearing','input_shaft','planet_pin_1','planet_pin_2','planet_pin_3','fixed_ring','sun_gear','planet_1','planet_2','planet_3','upper_input_bearing','lower_input_bearing','ring_post_1','ring_post_3','base','input_crank','crank_grip','ring_post_2'],'planet_1':['planet_pin_1','fixed_ring','sun_gear','carrier','planet_2','input_crank','planet_3','carrier_bearing','input_shaft','upper_input_bearing','crank_grip','lower_input_bearing','base','planet_pin_2','planet_pin_3','ring_post_1','ring_post_3'],'planet_2':['input_shaft','planet_pin_2','fixed_ring','sun_gear','carrier','planet_1','input_crank','carrier_bearing','upper_input_bearing','planet_3','ring_post_2','lower_input_bearing','ring_post_1','crank_grip','base','planet_pin_1'],'planet_3':['input_shaft','planet_pin_3','fixed_ring','sun_gear','carrier','input_crank','planet_1','carrier_bearing','upper_input_bearing','planet_2','ring_post_2','lower_input_bearing','crank_grip','ring_post_3','base','planet_pin_1'],'input_crank':['input_shaft','crank_grip','planet_pin_1','planet_1','planet_2','planet_3','fixed_ring','sun_gear','carrier','planet_pin_3','planet_pin_2','carrier_bearing','upper_input_bearing']}\n rp={}\n for r in R:\n  p=sorted([r[1],r[3]]);rp[p[0]+'|'+p[1]]=r\n C=[];seen=[]\n for a in N:\n  for b in N[a]:\n   p=sorted([a,b]);k=p[0]+'|'+p[1]\n   if k not in seen:\n    seen.append(k);s=['link/'+p[0],'link/'+p[1]];f=['nearby/'+p[0]+'/'+p[1],'pair/'+p[0]+'/'+p[1]]\n    if k in rp:\n     r=rp[k];s.append('relation/'+r[0]);f.append('fit/'+r[1]+'/'+r[2]+'/'+r[3]+'/'+r[4]);act='exclude';why='Authored fit, bearing, or gear interface is idealized; exact-pair contact would fight its coordinate or equality.'\n    elif k in ['base|input_shaft','crank_grip|input_crank']:act='keep';why='Touching geometry has unavailable overlap; preserve uncertain real contact.'\n    else:act='exclude';why='Positive mesh separation or disjoint AABB and no contact function identifies exact proxy false-contact risk.'\n    C.append({'pair':p,'action':act,'reason':why,'source_entity_ids':s,'fact_ids':f})\n cm={}\n for n in L:cm[n]=None\n for n in ['input_shaft','sun_gear','input_crank','crank_grip']:cm[n]='sun_input_hinge'\n for n in ['carrier','planet_pin_1','planet_pin_2','planet_pin_3']:cm[n]='carrier_output_hinge'\n for i in [1,2,3]:cm['planet_'+str(i)]='planet_'+str(i)+'_carrier_hinge'\n tree=[['base','lower_input_bearing'],['base','upper_input_bearing'],['base','carrier_bearing'],['base','ring_post_1'],['base','ring_post_2'],['base','ring_post_3'],['base','fixed_ring'],['base','input_shaft'],['input_shaft','sun_gear'],['input_shaft','input_crank'],['input_crank','crank_grip'],['base','carrier'],['carrier','planet_pin_1'],['carrier','planet_pin_2'],['carrier','planet_pin_3'],['carrier','planet_1'],['carrier','planet_2'],['carrier','planet_3']]\n T=[{'name':'planetary_carrier_ratio','driving_joint':'sun_input_hinge','driven_joint':'carrier_output_hinge','ratio':.25}]\n for i in [1,2,3]:\n  q=str(i);T.append({'name':'planetary_planet_ratio_'+q,'driving_joint':'sun_input_hinge','driven_joint':'planet_'+q+'_carrier_hinge','ratio':-.75})\n out.topology_plan({'coordinate_map':cm,'tree_edges':tree,'closure_edges':[['sun_gear','carrier'],['sun_gear','planet_1'],['fixed_ring','planet_1'],['sun_gear','planet_2'],['fixed_ring','planet_2'],['sun_gear','planet_3'],['fixed_ring','planet_3']],'rigid_carried':[['input_shaft','sun_gear'],['input_shaft','input_crank'],['input_crank','crank_grip'],['carrier','planet_pin_1'],['carrier','planet_pin_2'],['carrier','planet_pin_3']],'independent_coaxial':[['input_shaft','carrier'],['sun_gear','carrier'],['sun_gear','fixed_ring']],'transmissions':T,'contact_decisions':C,'support_ground':['base'],'support_strategy':'Fixed base and supports remain ground-collidable; no support patch.'})\n out.body('base')\n for n in ['lower_input_bearing','upper_input_bearing','carrier_bearing','ring_post_1','ring_post_2','ring_post_3','fixed_ring']:out.body(n,'base')\n out.body('input_shaft','base');out.joint('input_shaft','sun_input_hinge',axis=(0,0,1),pos_mm=(0,0,18.2),frame='world');out.body('sun_gear','input_shaft');out.body('input_crank','input_shaft');out.body('crank_grip','input_crank');out.body('carrier','base');out.joint('carrier','carrier_output_hinge',axis=(0,0,1),pos_mm=(0,0,13.5),frame='world')\n for i in [1,2,3]:out.body('planet_pin_'+str(i),'carrier')\n A=[(18,0,18.2),(-9,15.588457268119896,18.2),(-9,-15.588457268119893,18.2)]\n for i in [1,2,3]:\n  q=str(i);out.body('planet_'+q,'carrier');out.joint('planet_'+q,'planet_'+q+'_carrier_hinge',axis=(0,0,1),pos_mm=A[i-1],frame='world')\n st=['planetary_stage/four_to_one_planetary_stage'];out.joint_equality('planetary_carrier_ratio','sun_input_hinge','carrier_output_hinge',.25,reason='Fixed 54 tooth ring and 18 tooth sun give four to one reduction.',sources=st,fact_ids=st)\n for i in [1,2,3]:\n  q=str(i);s=['transmission/sun_to_planet_'+q,'transmission/planet_to_internal_ring_'+q,'planetary_stage/four_to_one_planetary_stage'];out.joint_equality('planetary_planet_ratio_'+q,'sun_input_hinge','planet_'+q+'_carrier_hinge',-.75,reason='Fixed-ring planetary local planet spin.',sources=s,fact_ids=s)\n for c in C:\n  if c['action']=='exclude':out.exclude(c['pair'][0],c['pair'][1],c['reason'],c['source_entity_ids'],c['fact_ids'])\n P=[('base','top'),('lower_input_bearing','journal'),('upper_input_bearing','journal'),('carrier_bearing','carrier_journal'),('input_shaft','shaft_axis'),('input_shaft','sun_seat'),('input_shaft','crank_seat'),('sun_gear','shaft_bore'),('sun_gear','sun_mesh'),('carrier','output_axis'),('carrier','pin_seat_1'),('carrier','pin_seat_2'),('carrier','pin_seat_3'),('fixed_ring','internal_mesh'),('input_crank','hub_bore'),('crank_grip','grip_axis'),('planet_1','pin_bore'),('planet_1','planet_mesh'),('planet_pin_1','pin_axis'),('planet_2','pin_bore'),('planet_2','planet_mesh'),('planet_pin_2','pin_axis'),('planet_3','pin_bore'),('planet_3','planet_mesh'),('planet_pin_3','pin_axis'),('ring_post_1','support_axis'),('ring_post_2','support_axis'),('ring_post_3','support_axis')]\n D=[]\n for n in L:D.append(('link/'+n,n,'emitted'));D.append(('pose/place_'+n,n,'represented_by'))\n for p in P:D.append(('port/'+p[0]+'/'+p[1],p[0],'represented_by'))\n for r in R:\n  n='sun_input_hinge'\n  if r[0]=='carrier_on_support_bearing' or r[0].startswith('carrier_pin_press_fit_'):n='carrier_output_hinge'\n  if r[0].startswith('planet_pin_journal_') or r[0].startswith('sun_planet_mesh_') or r[0].startswith('ring_planet_mesh_'):n='planetary_planet_ratio_'+r[0][-1]\n  D.append(('relation/'+r[0],n,'represented_by'))\n for j in ['sun_input_hinge','carrier_output_hinge','planet_1_carrier_hinge','planet_2_carrier_hinge','planet_3_carrier_hinge']:D.append(('motion_joint/'+j,j,'emitted'))\n for i in [1,2,3]:\n  q=str(i);D.append(('transmission/sun_to_planet_'+q,'planetary_planet_ratio_'+q,'represented_by'));D.append(('transmission/planet_to_internal_ring_'+q,'planetary_planet_ratio_'+q,'represented_by'))\n D.append(('planetary_stage/four_to_one_planetary_stage','planetary_carrier_ratio','represented_by'));D.append(('role/driver/input_shaft','sun_input_hinge','represented_by'));D.append(('role/output/carrier','carrier_output_hinge','represented_by'))\n for n in ['sun_gear','planet_1','planet_2','planet_3','carrier','input_crank']:\n  j='sun_input_hinge'\n  if n=='carrier':j='carrier_output_hinge'\n  if n.startswith('planet_'):j=n+'_carrier_hinge'\n  D.append(('role/watch/'+n,j,'represented_by'))\n for d in D:out.decision(d[0],action=d[2],generated_nodes=[d[1]],reason='Represented by emitted topology, ideal coordinate, transmission, or contact classification.',fact_ids=[d[0]])\n", 'expected_revision': 3})
[tool] run_mjcf_gate({})
[mjcf-agent] accepted revision 4 after 4 candidate(s)
[support] could not build/load the support model (topology_plan must name a valid support_ground); skipping
Loading weights:   0%|          | 0/103 [00:00<?, ?it/s]Loading weights: 100%|██████████| 103/103 [00:00<00:00, 7884.17it/s]
[physics] corrected input joint 'place_input_shaft' -> 'input_shaft' (role: driver_input)
[physics] driving 'input_shaft' -> output 'place_planet_1', watching 6 transmission joints
[physics] mujoco scenario designed: watch 6 joints, output 'place_planet_1'
[physics] check 'planetary_4_to_1_semantics': value={'sun_to_carrier_ratio': 4.0, 'carrier_gain': 0.25, 'planet_relative_gains': [-0.75, -0.75, -0.75]} expected={'sun_to_carrier_ratio': 4.0, 'carrier_gain': 0.25, 'each_planet_relative_gain': -0.75} -> OK (Carrier must rotate with the sun at one quarter speed; all three dedicated planet hinges must spin consistently relative to the carrier.)
[physics] mujoco VLM verdict=pass cause=none :: The stable open planetary reducer transmits the full 12.0 rad sun input to 3.0 rad of carrier output
[single-agent] iter 0 score=-inf (best=-inf)
ARTIFACT_JSON:{"kind": "physics", "iter": 0, "run_dir": "C:\\Users\\t-zhijjiang\\Downloads\\PhysCADResearcher\\output\\comfort_benchmark_v1_20260811\\05_three_planet_4to1\\design_this_as_an_open_demonstra_20260811_170424", "render_dir": "C:\\Users\\t-zhijjiang\\Downloads\\PhysCADResearcher\\output\\comfort_benchmark_v1_20260811\\05_three_planet_4to1\\design_this_as_an_open_demonstra_20260811_170424", "passed": true, "score": -Infinity, "physics": {"passed": true, "verdict": "PASS", "summary": "drive: PASS \u2014 input moved 12.0 rad, 6/6 downstream joints moved reached output", "metrics": {"verdict": "PASS", "test_kind": "driven_mechanism", "survive_s": 3.0, "input_joint": "sun_input_hinge", "input_part": "input_shaft", "input_travel": 12.0, "input_unit": "rad", "moved_count": 6, "watched_count": 6, "output_reached": true, "exploded": false, "output_travel": 3.0, "output_unit": "rad", "ratio_in_out": 4.0, "displaced_parts": [{"part": "planet_pin_1", "disp_mm": 35.91}, {"part": "planet_pin_2", "disp_mm": 35.91}, {"part": "planet_pin_3", "disp_mm": 35.91}, {"part": "planet_1", "disp_mm": 35.91}, {"part": "planet_2", "disp_mm": 35.91}, {"part": "planet_3", "disp_mm": 35.91}, {"part": "crank_grip", "disp_mm": 30.0}], "end_z": 0.0, "max_tilt_deg": 0.0, "max_drift": 0.0359, "functional_checks": [{"name": "planetary_4_to_1_semantics", "value": "{'sun_to_carrier_ratio': 4.0, 'carrier_gain': 0.25, 'planet_relative_gains': [-0.75, -0.75, -0.75]}", "expected": "{'sun_to_carrier_ratio': 4.0, 'carrier_gain': 0.25, 'each_planet_relative_gain': -0.75}", "passed": true, "detail": "Carrier must rotate with the sun at one quarter speed; all three dedicated planet hinges must spin consistently relative to the carrier."}], "functional_ok": true}, "stability": {"verdict": "PASS", "exploded": false, "max_disp_m": 0.0, "end_z": 0.0, "displaced_parts": []}, "cause": "none", "reason": "No fault domain survived deterministic verification.", "design": {"input_joint": "input_shaft", "output_joint": "place_planet_1", "watch_joints": ["place_carrier", "place_fixed_ring", "place_sun_gear", "place_planet_1", "place_planet_2", "place_planet_3"], "propagation_path": ["place_input_shaft", "place_carrier", "place_fixed_ring", "place_sun_gear", "place_planet_2", "place_planet_3", "place_planet_1"], "pass_criteria": null, "environment": "Bench-mounted and driven open-frame demonstration with the base fixed and the complete planetary stage exposed to the camera. The sun input is driven steadily while the fixed ring, three planets, carrier, crank, pins, and output remain visible.", "camera": {"target_link": "carrier", "azimuth_deg": 45.0, "elevation_deg": -30.0, "distance_scale": 2.6, "locked": true}}, "diagnosis": {"verdict": "pass", "cause": "none", "reason": "No fault domain survived deterministic verification.", "culprit_part": "", "culprit_sub": "", "evidence": [], "fault_domain": "evaluator", "fault_code": "insufficient_verified_evidence", "verified": false, "confidence": 1.0, "culprit_entities": [], "routing": {"action": "halt_harness", "allow_agent_refinement": false}, "diagnosis_version": 2, "persistence": {}, "legacy": {"cause": "structure"}}, "frames_dir": "C:\\Users\\t-zhijjiang\\Downloads\\PhysCADResearcher\\output\\comfort_benchmark_v1_20260811\\05_three_planet_4to1\\design_this_as_an_open_demonstra_20260811_170424\\physics\\mujoco_0\\frames", "video": "physics/mujoco_0/model.mp4", "tests": [{"name": "drive", "strategy": "driven_mechanism", "verdict": "PASS", "metrics": {"verdict": "PASS", "test_kind": "driven_mechanism", "survive_s": 3.0, "input_joint": "sun_input_hinge", "input_part": "input_shaft", "input_travel": 12.0, "input_unit": "rad", "moved_count": 6, "watched_count": 6, "output_reached": true, "exploded": false, "output_travel": 3.0, "output_unit": "rad", "ratio_in_out": 4.0, "displaced_parts": [{"part": "planet_pin_1", "disp_mm": 35.91}, {"part": "planet_pin_2", "disp_mm": 35.91}, {"part": "planet_pin_3", "disp_mm": 35.91}, {"part": "planet_1", "disp_mm": 35.91}, {"part": "planet_2", "disp_mm": 35.91}, {"part": "planet_3", "disp_mm": 35.91}, {"part": "crank_grip", "disp_mm": 30.0}], "end_z": 0.0, "max_tilt_deg": 0.0, "max_drift": 0.0359, "functional_checks": [{"name": "planetary_4_to_1_semantics", "value": "{'sun_to_carrier_ratio': 4.0, 'carrier_gain': 0.25, 'planet_relative_gains': [-0.75, -0.75, -0.75]}", "expected": "{'sun_to_carrier_ratio': 4.0, 'carrier_gain': 0.25, 'each_planet_relative_gain': -0.75}", "passed": true, "detail": "Carrier must rotate with the sun at one quarter speed; all three dedicated planet hinges must spin consistently relative to the carrier."}], "functional_ok": true}, "stability": {"verdict": "PASS", "exploded": false, "max_disp_m": 0.0, "end_z": 0.0, "displaced_parts": []}, "summary": "drive: PASS \u2014 input moved 12.0 rad, 6/6 downstream joints moved reached output", "cause": "none", "evidence": [], "reason": "No fault domain survived deterministic verification.", "design": {"input_joint": "input_shaft", "output_joint": "place_planet_1", "watch_joints": ["place_carrier", "place_fixed_ring", "place_sun_gear", "place_planet_1", "place_planet_2", "place_planet_3"], "propagation_path": ["place_input_shaft", "place_carrier", "place_fixed_ring", "place_sun_gear", "place_planet_2", "place_planet_3", "place_planet_1"], "pass_criteria": null, "environment": "Bench-mounted and driven open-frame demonstration with the base fixed and the complete planetary stage exposed to the camera. The sun input is driven steadily while the fixed ring, three planets, carrier, crank, pins, and output remain visible.", "camera": {"target_link": "carrier", "azimuth_deg": 45.0, "elevation_deg": -30.0, "distance_scale": 2.6, "locked": true}}, "frames_dir": "C:\\Users\\t-zhijjiang\\Downloads\\PhysCADResearcher\\output\\comfort_benchmark_v1_20260811\\05_three_planet_4to1\\design_this_as_an_open_demonstra_20260811_170424\\physics\\mujoco_0\\frames", "video": "physics/mujoco_0/model.mp4"}]}}
[single-agent] PASS on iteration 0: mechanism transmits
RESULT_JSON:{"ok": true, "run_dir": "C:\\Users\\t-zhijjiang\\Downloads\\PhysCADResearcher\\output\\comfort_benchmark_v1_20260811\\05_three_planet_4to1\\design_this_as_an_open_demonstra_20260811_170424", "render_dir": "C:\\Users\\t-zhijjiang\\Downloads\\PhysCADResearcher\\output\\comfort_benchmark_v1_20260811\\05_three_planet_4to1\\design_this_as_an_open_demonstra_20260811_170424", "iterations": 1, "hierarchy": false, "single_agent": true, "physics": {"passed": true, "verdict": "PASS", "summary": "drive: PASS \u2014 input moved 12.0 rad, 6/6 downstream joints moved reached output", "metrics": {"verdict": "PASS", "test_kind": "driven_mechanism", "survive_s": 3.0, "input_joint": "sun_input_hinge", "input_part": "input_shaft", "input_travel": 12.0, "input_unit": "rad", "moved_count": 6, "watched_count": 6, "output_reached": true, "exploded": false, "output_travel": 3.0, "output_unit": "rad", "ratio_in_out": 4.0, "displaced_parts": [{"part": "planet_pin_1", "disp_mm": 35.91}, {"part": "planet_pin_2", "disp_mm": 35.91}, {"part": "planet_pin_3", "disp_mm": 35.91}, {"part": "planet_1", "disp_mm": 35.91}, {"part": "planet_2", "disp_mm": 35.91}, {"part": "planet_3", "disp_mm": 35.91}, {"part": "crank_grip", "disp_mm": 30.0}], "end_z": 0.0, "max_tilt_deg": 0.0, "max_drift": 0.0359, "functional_checks": [{"name": "planetary_4_to_1_semantics", "value": "{'sun_to_carrier_ratio': 4.0, 'carrier_gain': 0.25, 'planet_relative_gains': [-0.75, -0.75, -0.75]}", "expected": "{'sun_to_carrier_ratio': 4.0, 'carrier_gain': 0.25, 'each_planet_relative_gain': -0.75}", "passed": true, "detail": "Carrier must rotate with the sun at one quarter speed; all three dedicated planet hinges must spin consistently relative to the carrier."}], "functional_ok": true}, "stability": {"verdict": "PASS", "exploded": false, "max_disp_m": 0.0, "end_z": 0.0, "displaced_parts": []}, "cause": "none", "reason": "No fault domain survived deterministic verification.", "design": {"input_joint": "input_shaft", "output_joint": "place_planet_1", "watch_joints": ["place_carrier", "place_fixed_ring", "place_sun_gear", "place_planet_1", "place_planet_2", "place_planet_3"], "propagation_path": ["place_input_shaft", "place_carrier", "place_fixed_ring", "place_sun_gear", "place_planet_2", "place_planet_3", "place_planet_1"], "pass_criteria": null, "environment": "Bench-mounted and driven open-frame demonstration with the base fixed and the complete planetary stage exposed to the camera. The sun input is driven steadily while the fixed ring, three planets, carrier, crank, pins, and output remain visible.", "camera": {"target_link": "carrier", "azimuth_deg": 45.0, "elevation_deg": -30.0, "distance_scale": 2.6, "locked": true}}, "diagnosis": {"verdict": "pass", "cause": "none", "reason": "No fault domain survived deterministic verification.", "culprit_part": "", "culprit_sub": "", "evidence": [], "fault_domain": "evaluator", "fault_code": "insufficient_verified_evidence", "verified": false, "confidence": 1.0, "culprit_entities": [], "routing": {"action": "halt_harness", "allow_agent_refinement": false}, "diagnosis_version": 2, "persistence": {}, "legacy": {"cause": "structure"}}, "frames_dir": "C:\\Users\\t-zhijjiang\\Downloads\\PhysCADResearcher\\output\\comfort_benchmark_v1_20260811\\05_three_planet_4to1\\design_this_as_an_open_demonstra_20260811_170424\\physics\\mujoco_0\\frames", "video": "physics/mujoco_0/model.mp4", "tests": [{"name": "drive", "strategy": "driven_mechanism", "verdict": "PASS", "metrics": {"verdict": "PASS", "test_kind": "driven_mechanism", "survive_s": 3.0, "input_joint": "sun_input_hinge", "input_part": "input_shaft", "input_travel": 12.0, "input_unit": "rad", "moved_count": 6, "watched_count": 6, "output_reached": true, "exploded": false, "output_travel": 3.0, "output_unit": "rad", "ratio_in_out": 4.0, "displaced_parts": [{"part": "planet_pin_1", "disp_mm": 35.91}, {"part": "planet_pin_2", "disp_mm": 35.91}, {"part": "planet_pin_3", "disp_mm": 35.91}, {"part": "planet_1", "disp_mm": 35.91}, {"part": "planet_2", "disp_mm": 35.91}, {"part": "planet_3", "disp_mm": 35.91}, {"part": "crank_grip", "disp_mm": 30.0}], "end_z": 0.0, "max_tilt_deg": 0.0, "max_drift": 0.0359, "functional_checks": [{"name": "planetary_4_to_1_semantics", "value": "{'sun_to_carrier_ratio': 4.0, 'carrier_gain': 0.25, 'planet_relative_gains': [-0.75, -0.75, -0.75]}", "expected": "{'sun_to_carrier_ratio': 4.0, 'carrier_gain': 0.25, 'each_planet_relative_gain': -0.75}", "passed": true, "detail": "Carrier must rotate with the sun at one quarter speed; all three dedicated planet hinges must spin consistently relative to the carrier."}], "functional_ok": true}, "stability": {"verdict": "PASS", "exploded": false, "max_disp_m": 0.0, "end_z": 0.0, "displaced_parts": []}, "summary": "drive: PASS \u2014 input moved 12.0 rad, 6/6 downstream joints moved reached output", "cause": "none", "evidence": [], "reason": "No fault domain survived deterministic verification.", "design": {"input_joint": "input_shaft", "output_joint": "place_planet_1", "watch_joints": ["place_carrier", "place_fixed_ring", "place_sun_gear", "place_planet_1", "place_planet_2", "place_planet_3"], "propagation_path": ["place_input_shaft", "place_carrier", "place_fixed_ring", "place_sun_gear", "place_planet_2", "place_planet_3", "place_planet_1"], "pass_criteria": null, "environment": "Bench-mounted and driven open-frame demonstration with the base fixed and the complete planetary stage exposed to the camera. The sun input is driven steadily while the fixed ring, three planets, carrier, crank, pins, and output remain visible.", "camera": {"target_link": "carrier", "azimuth_deg": 45.0, "elevation_deg": -30.0, "distance_scale": 2.6, "locked": true}}, "frames_dir": "C:\\Users\\t-zhijjiang\\Downloads\\PhysCADResearcher\\output\\comfort_benchmark_v1_20260811\\05_three_planet_4to1\\design_this_as_an_open_demonstra_20260811_170424\\physics\\mujoco_0\\frames", "video": "physics/mujoco_0/model.mp4"}]}}
