Unable to resolve filename: meshes/base.stl
Unable to resolve filename: meshes/base.stl
Unable to resolve filename: meshes/input_bearing.stl
Unable to resolve filename: meshes/input_bearing.stl
Unable to resolve filename: meshes/output_bearing.stl
Unable to resolve filename: meshes/output_bearing.stl
Unable to resolve filename: meshes/output_sleeve.stl
Unable to resolve filename: meshes/output_sleeve.stl
Unable to resolve filename: meshes/input_shaft.stl
Unable to resolve filename: meshes/input_shaft.stl
Unable to resolve filename: meshes/carrier.stl
Unable to resolve filename: meshes/carrier.stl
Unable to resolve filename: meshes/planet_pin_3.stl
Unable to resolve filename: meshes/planet_pin_3.stl
Unable to resolve filename: meshes/planet_pin_4.stl
Unable to resolve filename: meshes/planet_pin_4.stl
Unable to resolve filename: meshes/ring_post_1.stl
Unable to resolve filename: meshes/ring_post_1.stl
Unable to resolve filename: meshes/ring_post_2.stl
Unable to resolve filename: meshes/ring_post_2.stl
Unable to resolve filename: meshes/ring_post_3.stl
Unable to resolve filename: meshes/ring_post_3.stl
Unable to resolve filename: meshes/ring_post_4.stl
Unable to resolve filename: meshes/ring_post_4.stl
Unable to resolve filename: meshes/fixed_ring_gear.stl
Unable to resolve filename: meshes/fixed_ring_gear.stl
Unable to resolve filename: meshes/sun_gear.stl
Unable to resolve filename: meshes/sun_gear.stl
Unable to resolve filename: meshes/planet_1.stl
Unable to resolve filename: meshes/planet_1.stl
Unable to resolve filename: meshes/planet_2.stl
Unable to resolve filename: meshes/planet_2.stl
Unable to resolve filename: meshes/planet_3.stl
Unable to resolve filename: meshes/planet_3.stl
Unable to resolve filename: meshes/planet_4.stl
Unable to resolve filename: meshes/planet_4.stl
Unable to resolve filename: meshes/crank_arm.stl
Unable to resolve filename: meshes/crank_arm.stl
Unable to resolve filename: meshes/crank_handle.stl
Unable to resolve filename: meshes/crank_handle.stl
[run] physics engine: mujoco
[single-agent] session: C:\Users\t-zhijjiang\Downloads\PhysCADResearcher\output\comfort_benchmark_v1_20260811\06_four_planet_4to1\design_this_as_an_open_demonstra_20260811_171638
[single-agent] iteration 0: authoring build_machine() ...
[single-agent] design_this_as_an_open_demonstra: 22 part(s), 0 mesh pair(s), relations=8, watch_links=8, STEP=yes
ARTIFACT_JSON:{"kind": "assembled_model", "iter": 0, "run_dir": "C:\\Users\\t-zhijjiang\\Downloads\\PhysCADResearcher\\output\\comfort_benchmark_v1_20260811\\06_four_planet_4to1\\design_this_as_an_open_demonstra_20260811_171638", "render_dir": "C:\\Users\\t-zhijjiang\\Downloads\\PhysCADResearcher\\output\\comfort_benchmark_v1_20260811\\06_four_planet_4to1\\design_this_as_an_open_demonstra_20260811_171638\\iter_0"}
[single-agent] iteration 0: simulating physics ...
[tool] read_mjcf_facts({'section': 'model', 'offset': 0, 'limit': 200})
[tool] read_mjcf_facts({'section': 'links', 'offset': 0, 'limit': 200})
[tool] read_mjcf_facts({'section': 'ports', 'offset': 0, 'limit': 200})
[tool] read_mjcf_facts({'section': 'entity_ids', 'offset': 0, 'limit': 200})
[tool] read_mjcf_facts({'section': 'simulation', 'offset': 0, 'limit': 200})
[tool] read_mjcf_facts({'section': 'relations', 'offset': 0, 'limit': 200})
[tool] read_mjcf_facts({'section': 'motion_joints', 'offset': 0, 'limit': 200})
[tool] read_mjcf_facts({'section': 'transmissions', 'offset': 0, 'limit': 200})
[tool] read_mjcf_facts({'section': 'planetary_stages', 'offset': 0, 'limit': 200})
[tool] read_mjcf_facts({'section': 'poses', 'offset': 0, 'limit': 200})
[tool] read_mjcf_facts({'section': 'index', 'offset': 0, 'limit': 200})
[tool] read_mjcf_facts({'section': 'entity_ids', 'offset': 25, 'limit': 100})
[tool] query_port_fit({'a': 'input_bearing', 'port_a': 'input_bore', 'b': 'input_shaft', 'port_b': 'shaft_axis'})
[tool] query_port_fit({'a': 'output_bearing', 'port_a': 'output_bore', 'b': 'output_sleeve', 'port_b': 'outer_journal'})
[tool] query_port_fit({'a': 'input_shaft', 'port_a': 'sun_seat', 'b': 'sun_gear', 'port_b': 'shaft_bore'})
[tool] query_port_fit({'a': 'output_sleeve', 'port_a': 'carrier_seat', 'b': 'carrier', 'port_b': 'output_bore'})
[tool] query_port_fit({'a': 'planet_pin_1', 'port_a': 'pin_shaft', 'b': 'planet_1', 'port_b': 'pin_bore'})
[tool] query_port_fit({'a': 'planet_pin_2', 'port_a': 'pin_shaft', 'b': 'planet_2', 'port_b': 'pin_bore'})
[tool] query_port_fit({'a': 'planet_pin_3', 'port_a': 'pin_shaft', 'b': 'planet_3', 'port_b': 'pin_bore'})
[tool] query_port_fit({'a': 'planet_pin_4', 'port_a': 'pin_shaft', 'b': 'planet_4', 'port_b': 'pin_bore'})
[tool] query_motion_path({'source': 'input_shaft', 'target': 'sun_gear'})
[tool] query_motion_path({'source': 'carrier', 'target': 'output_sleeve'})
[tool] query_motion_path({'source': 'sun_gear', 'target': 'planet_1'})
[tool] query_motion_path({'source': 'planet_1', 'target': 'fixed_ring_gear'})
[tool] query_nearby_parts({'part': 'input_shaft', 'radius_mm': 1})
[tool] query_nearby_parts({'part': 'sun_gear', 'radius_mm': 1})
[tool] query_nearby_parts({'part': 'carrier', 'radius_mm': 1})
[tool] query_nearby_parts({'part': 'output_sleeve', 'radius_mm': 1})
[tool] query_nearby_parts({'part': 'planet_1', 'radius_mm': 1})
[tool] query_nearby_parts({'part': 'planet_2', 'radius_mm': 1})
[tool] query_nearby_parts({'part': 'planet_3', 'radius_mm': 1})
[tool] query_nearby_parts({'part': 'planet_4', 'radius_mm': 1})
[tool] read_mjcf_facts({'section': 'entity_ids', 'offset': 50, 'limit': 100})
[tool] query_nearby_parts({'part': 'planet_pin_1', 'radius_mm': 1})
[tool] query_nearby_parts({'part': 'planet_pin_2', 'radius_mm': 1})
[tool] query_nearby_parts({'part': 'planet_pin_3', 'radius_mm': 1})
[tool] query_nearby_parts({'part': 'planet_pin_4', 'radius_mm': 1})
[tool] query_nearby_parts({'part': 'crank_arm', 'radius_mm': 1})
[tool] query_nearby_parts({'part': 'crank_handle', 'radius_mm': 1})
[tool] query_port_fit({'a': 'sun_gear', 'port_a': 'pitch_axis', 'b': 'planet_1', 'port_b': 'pitch_axis'})
[tool] query_port_fit({'a': 'sun_gear', 'port_a': 'pitch_axis', 'b': 'planet_2', 'port_b': 'pitch_axis'})
[tool] query_port_fit({'a': 'sun_gear', 'port_a': 'pitch_axis', 'b': 'planet_3', 'port_b': 'pitch_axis'})
[tool] query_port_fit({'a': 'sun_gear', 'port_a': 'pitch_axis', 'b': 'planet_4', 'port_b': 'pitch_axis'})
[tool] query_port_fit({'a': 'fixed_ring_gear', 'port_a': 'ring_pitch_axis', 'b': 'planet_1', 'port_b': 'pitch_axis'})
[tool] query_port_fit({'a': 'fixed_ring_gear', 'port_a': 'ring_pitch_axis', 'b': 'planet_2', 'port_b': 'pitch_axis'})
[tool] query_port_fit({'a': 'fixed_ring_gear', 'port_a': 'ring_pitch_axis', 'b': 'planet_3', 'port_b': 'pitch_axis'})
[tool] query_port_fit({'a': 'fixed_ring_gear', 'port_a': 'ring_pitch_axis', 'b': 'planet_4', 'port_b': 'pitch_axis'})
[tool] query_motion_path({'source': 'sun_gear', 'target': 'planet_2'})
[tool] query_motion_path({'source': 'sun_gear', 'target': 'planet_3'})
[tool] query_motion_path({'source': 'sun_gear', 'target': 'planet_4'})
[tool] query_motion_path({'source': 'planet_2', 'target': 'fixed_ring_gear'})
[tool] query_motion_path({'source': 'planet_3', 'target': 'fixed_ring_gear'})
[tool] query_motion_path({'source': 'planet_4', 'target': 'fixed_ring_gear'})
[tool] read_mjcf_facts({'section': 'entity_ids', 'offset': 75, 'limit': 100})
[tool] query_pair_geometry({'a': 'input_shaft', 'b': 'base'})
[tool] query_pair_geometry({'a': 'input_shaft', 'b': 'input_bearing'})
[tool] query_pair_geometry({'a': 'input_shaft', 'b': 'output_bearing'})
[tool] query_pair_geometry({'a': 'input_shaft', 'b': 'output_sleeve'})
[tool] query_pair_geometry({'a': 'input_shaft', 'b': 'carrier'})
[tool] query_pair_geometry({'a': 'input_shaft', 'b': 'fixed_ring_gear'})
[tool] query_pair_geometry({'a': 'input_shaft', 'b': 'sun_gear'})
[tool] query_pair_geometry({'a': 'input_shaft', 'b': 'crank_arm'})
[tool] query_pair_geometry({'a': 'input_shaft', 'b': 'planet_1'})
[tool] query_pair_geometry({'a': 'input_shaft', 'b': 'planet_2'})
[tool] query_pair_geometry({'a': 'input_shaft', 'b': 'planet_3'})
[tool] query_pair_geometry({'a': 'input_shaft', 'b': 'planet_4'})
[tool] query_pair_geometry({'a': 'input_shaft', 'b': 'planet_pin_1'})
[tool] query_pair_geometry({'a': 'input_shaft', 'b': 'planet_pin_2'})
[tool] query_pair_geometry({'a': 'input_shaft', 'b': 'planet_pin_3'})
[tool] query_pair_geometry({'a': 'input_shaft', 'b': 'planet_pin_4'})
[tool] query_pair_geometry({'a': 'input_shaft', 'b': 'crank_handle'})
[tool] query_pair_geometry({'a': 'sun_gear', 'b': 'fixed_ring_gear'})
[tool] query_pair_geometry({'a': 'sun_gear', 'b': 'planet_1'})
[tool] query_pair_geometry({'a': 'sun_gear', 'b': 'planet_2'})
[tool] query_pair_geometry({'a': 'sun_gear', 'b': 'planet_3'})
[tool] query_pair_geometry({'a': 'sun_gear', 'b': 'planet_4'})
[tool] query_pair_geometry({'a': 'sun_gear', 'b': 'output_sleeve'})
[tool] query_pair_geometry({'a': 'sun_gear', 'b': 'carrier'})
[tool] query_pair_geometry({'a': 'sun_gear', 'b': 'input_bearing'})
[tool] query_pair_geometry({'a': 'sun_gear', 'b': 'planet_pin_1'})
[tool] query_pair_geometry({'a': 'sun_gear', 'b': 'planet_pin_2'})
[tool] query_pair_geometry({'a': 'sun_gear', 'b': 'planet_pin_3'})
[tool] query_pair_geometry({'a': 'sun_gear', 'b': 'planet_pin_4'})
[tool] query_pair_geometry({'a': 'sun_gear', 'b': 'output_bearing'})
[tool] query_pair_geometry({'a': 'sun_gear', 'b': 'crank_arm'})
[tool] query_pair_geometry({'a': 'sun_gear', 'b': 'crank_handle'})
[tool] query_pair_geometry({'a': 'sun_gear', 'b': 'base'})
[tool] query_pair_geometry({'a': 'sun_gear', 'b': 'ring_post_1'})
[tool] query_pair_geometry({'a': 'sun_gear', 'b': 'ring_post_2'})
[tool] query_pair_geometry({'a': 'sun_gear', 'b': 'ring_post_3'})
[tool] query_pair_geometry({'a': 'sun_gear', 'b': 'ring_post_4'})
[tool] read_mjcf_facts({'section': 'entity_ids', 'offset': 100, 'limit': 100})
[tool] query_pair_geometry({'a': 'carrier', 'b': 'input_bearing'})
[tool] query_pair_geometry({'a': 'carrier', 'b': 'output_sleeve'})
[tool] query_pair_geometry({'a': 'carrier', 'b': 'planet_pin_1'})
[tool] query_pair_geometry({'a': 'carrier', 'b': 'planet_pin_2'})
[tool] query_pair_geometry({'a': 'carrier', 'b': 'planet_pin_3'})
[tool] query_pair_geometry({'a': 'carrier', 'b': 'planet_pin_4'})
[tool] query_pair_geometry({'a': 'carrier', 'b': 'ring_post_1'})
[tool] query_pair_geometry({'a': 'carrier', 'b': 'ring_post_2'})
[tool] query_pair_geometry({'a': 'carrier', 'b': 'ring_post_3'})
[tool] query_pair_geometry({'a': 'carrier', 'b': 'ring_post_4'})
[tool] query_pair_geometry({'a': 'carrier', 'b': 'output_bearing'})
[tool] query_pair_geometry({'a': 'carrier', 'b': 'fixed_ring_gear'})
[tool] query_pair_geometry({'a': 'carrier', 'b': 'planet_1'})
[tool] query_pair_geometry({'a': 'carrier', 'b': 'planet_2'})
[tool] query_pair_geometry({'a': 'carrier', 'b': 'planet_3'})
[tool] query_pair_geometry({'a': 'carrier', 'b': 'planet_4'})
[tool] query_pair_geometry({'a': 'carrier', 'b': 'base'})
[tool] query_pair_geometry({'a': 'carrier', 'b': 'crank_arm'})
[tool] query_pair_geometry({'a': 'carrier', 'b': 'crank_handle'})
[tool] query_pair_geometry({'a': 'output_sleeve', 'b': 'base'})
[tool] query_pair_geometry({'a': 'output_sleeve', 'b': 'input_bearing'})
[tool] query_pair_geometry({'a': 'output_sleeve', 'b': 'output_bearing'})
[tool] query_pair_geometry({'a': 'output_sleeve', 'b': 'fixed_ring_gear'})
[tool] query_pair_geometry({'a': 'output_sleeve', 'b': 'planet_1'})
[tool] query_pair_geometry({'a': 'output_sleeve', 'b': 'planet_2'})
[tool] query_pair_geometry({'a': 'output_sleeve', 'b': 'planet_3'})
[tool] query_pair_geometry({'a': 'output_sleeve', 'b': 'planet_4'})
[tool] query_pair_geometry({'a': 'planet_1', 'b': 'planet_pin_1'})
[tool] query_pair_geometry({'a': 'planet_2', 'b': 'planet_pin_2'})
[tool] query_pair_geometry({'a': 'planet_3', 'b': 'planet_pin_3'})
[tool] query_pair_geometry({'a': 'planet_4', 'b': 'planet_pin_4'})
[tool] query_pair_geometry({'a': 'planet_1', 'b': 'fixed_ring_gear'})
[tool] query_pair_geometry({'a': 'planet_2', 'b': 'fixed_ring_gear'})
[tool] query_pair_geometry({'a': 'planet_3', 'b': 'fixed_ring_gear'})
[tool] query_pair_geometry({'a': 'planet_4', 'b': 'fixed_ring_gear'})
[tool] query_pair_geometry({'a': 'planet_1', 'b': 'planet_2'})
[tool] query_pair_geometry({'a': 'planet_1', 'b': 'planet_4'})
[tool] query_pair_geometry({'a': 'planet_2', 'b': 'planet_3'})
[tool] query_pair_geometry({'a': 'planet_3', 'b': 'planet_4'})
[tool] query_pair_geometry({'a': 'planet_1', 'b': 'planet_3'})
[tool] query_pair_geometry({'a': 'planet_2', 'b': 'planet_4'})
[tool] query_pair_geometry({'a': 'planet_1', 'b': 'planet_pin_2'})
[tool] query_pair_geometry({'a': 'planet_1', 'b': 'planet_pin_4'})
[tool] query_pair_geometry({'a': 'planet_1', 'b': 'input_bearing'})
[tool] query_pair_geometry({'a': 'planet_1', 'b': 'crank_arm'})
[tool] query_pair_geometry({'a': 'planet_1', 'b': 'output_bearing'})
[tool] query_pair_geometry({'a': 'planet_1', 'b': 'ring_post_1'})
[tool] query_pair_geometry({'a': 'planet_1', 'b': 'ring_post_4'})
[tool] query_pair_geometry({'a': 'planet_1', 'b': 'crank_handle'})
[tool] query_pair_geometry({'a': 'planet_1', 'b': 'base'})
[tool] query_pair_geometry({'a': 'planet_2', 'b': 'planet_pin_1'})
[tool] query_pair_geometry({'a': 'planet_2', 'b': 'planet_pin_3'})
[tool] query_pair_geometry({'a': 'planet_2', 'b': 'input_bearing'})
[tool] query_pair_geometry({'a': 'planet_2', 'b': 'output_bearing'})
[tool] query_pair_geometry({'a': 'planet_2', 'b': 'crank_arm'})
[tool] query_pair_geometry({'a': 'planet_2', 'b': 'ring_post_1'})
[tool] query_pair_geometry({'a': 'planet_2', 'b': 'ring_post_2'})
[tool] query_pair_geometry({'a': 'planet_2', 'b': 'crank_handle'})
[tool] query_pair_geometry({'a': 'planet_2', 'b': 'base'})
[tool] query_pair_geometry({'a': 'planet_3', 'b': 'planet_pin_2'})
[tool] query_pair_geometry({'a': 'planet_3', 'b': 'planet_pin_4'})
[tool] query_pair_geometry({'a': 'planet_3', 'b': 'input_bearing'})
[tool] query_pair_geometry({'a': 'planet_3', 'b': 'output_bearing'})
[tool] query_pair_geometry({'a': 'planet_3', 'b': 'crank_arm'})
[tool] query_pair_geometry({'a': 'planet_3', 'b': 'ring_post_2'})
[tool] query_pair_geometry({'a': 'planet_3', 'b': 'ring_post_3'})
[tool] query_pair_geometry({'a': 'planet_3', 'b': 'base'})
[tool] query_pair_geometry({'a': 'planet_4', 'b': 'planet_pin_3'})
[tool] query_pair_geometry({'a': 'planet_4', 'b': 'planet_pin_1'})
[tool] query_pair_geometry({'a': 'planet_4', 'b': 'input_bearing'})
[tool] query_pair_geometry({'a': 'planet_4', 'b': 'output_bearing'})
[tool] query_pair_geometry({'a': 'planet_4', 'b': 'crank_arm'})
[tool] query_pair_geometry({'a': 'planet_4', 'b': 'ring_post_3'})
[tool] query_pair_geometry({'a': 'planet_4', 'b': 'ring_post_4'})
[tool] query_pair_geometry({'a': 'planet_4', 'b': 'crank_handle'})
[tool] query_pair_geometry({'a': 'planet_4', 'b': 'base'})
[tool] query_pair_geometry({'a': 'planet_pin_1', 'b': 'fixed_ring_gear'})
[tool] query_pair_geometry({'a': 'planet_pin_1', 'b': 'crank_arm'})
[tool] query_pair_geometry({'a': 'planet_pin_2', 'b': 'fixed_ring_gear'})
[tool] query_pair_geometry({'a': 'planet_pin_3', 'b': 'fixed_ring_gear'})
[tool] query_pair_geometry({'a': 'planet_pin_4', 'b': 'fixed_ring_gear'})
[tool] query_pair_geometry({'a': 'crank_arm', 'b': 'crank_handle'})
[tool] query_pair_geometry({'a': 'crank_arm', 'b': 'fixed_ring_gear'})
[tool] query_pair_geometry({'a': 'crank_arm', 'b': 'planet_pin_2'})
[tool] query_pair_geometry({'a': 'crank_arm', 'b': 'planet_pin_3'})
[tool] query_pair_geometry({'a': 'crank_arm', 'b': 'planet_pin_4'})
[tool] query_pair_geometry({'a': 'crank_arm', 'b': 'output_sleeve'})
[tool] query_pair_geometry({'a': 'crank_handle', 'b': 'planet_pin_1'})
[tool] query_port_fit({'a': 'input_shaft', 'port_a': 'crank_seat', 'b': 'crank_arm', 'port_b': 'drive_bore'})
[tool] query_port_fit({'a': 'carrier', 'port_a': 'pin_seat_1', 'b': 'planet_pin_1', 'port_b': 'pin_shaft'})
[tool] query_port_fit({'a': 'carrier', 'port_a': 'pin_seat_2', 'b': 'planet_pin_2', 'port_b': 'pin_shaft'})
[tool] query_port_fit({'a': 'carrier', 'port_a': 'pin_seat_3', 'b': 'planet_pin_3', 'port_b': 'pin_shaft'})
[tool] query_port_fit({'a': 'carrier', 'port_a': 'pin_seat_4', 'b': 'planet_pin_4', 'port_b': 'pin_shaft'})
[tool] query_motion_path({'source': 'input_shaft', 'target': 'crank_arm'})
[tool] query_motion_path({'source': 'crank_arm', 'target': 'crank_handle'})
[tool] query_motion_path({'source': 'carrier', 'target': 'planet_pin_1'})
[tool] query_motion_path({'source': 'carrier', 'target': 'planet_pin_2'})
[tool] query_motion_path({'source': 'carrier', 'target': 'planet_pin_3'})
[tool] query_motion_path({'source': 'carrier', 'target': 'planet_pin_4'})
[tool] query_motion_path({'source': 'base', 'target': 'fixed_ring_gear'})
[tool] read_current_compiler({})
[tool] submit_compiler_source({'source': "def compile_mjcf(facts, out):\n    raw = '''base|input_shaft input_bearing|input_shaft input_shaft|output_bearing input_shaft|output_sleeve carrier|input_shaft fixed_ring_gear|input_shaft input_shaft|sun_gear crank_arm|input_shaft input_shaft|planet_1 input_shaft|planet_2 input_shaft|planet_3 input_shaft|planet_4 input_shaft|planet_pin_1 input_shaft|planet_pin_2 input_shaft|planet_pin_3 input_shaft|planet_pin_4 crank_handle|input_shaft fixed_ring_gear|sun_gear planet_1|sun_gear planet_2|sun_gear planet_3|sun_gear planet_4|sun_gear output_sleeve|sun_gear carrier|sun_gear input_bearing|sun_gear planet_pin_1|sun_gear planet_pin_2|sun_gear planet_pin_3|sun_gear planet_pin_4|sun_gear output_bearing|sun_gear crank_arm|sun_gear crank_handle|sun_gear base|sun_gear ring_post_1|sun_gear ring_post_2|sun_gear ring_post_3|sun_gear ring_post_4|sun_gear carrier|input_bearing carrier|output_sleeve carrier|planet_pin_1 carrier|planet_pin_2 carrier|planet_pin_3 carrier|planet_pin_4 carrier|ring_post_1 carrier|ring_post_2 carrier|ring_post_3 carrier|ring_post_4 carrier|output_bearing carrier|fixed_ring_gear carrier|planet_1 carrier|planet_2 carrier|planet_3 carrier|planet_4 base|carrier carrier|crank_arm carrier|crank_handle base|output_sleeve input_bearing|output_sleeve output_bearing|output_sleeve fixed_ring_gear|output_sleeve output_sleeve|planet_1 output_sleeve|planet_2 output_sleeve|planet_3 output_sleeve|planet_4 planet_1|planet_pin_1 planet_2|planet_pin_2 planet_3|planet_pin_3 planet_4|planet_pin_4 fixed_ring_gear|planet_1 fixed_ring_gear|planet_2 fixed_ring_gear|planet_3 fixed_ring_gear|planet_4 planet_1|planet_2 planet_1|planet_4 planet_2|planet_3 planet_3|planet_4 planet_1|planet_3 planet_2|planet_4 planet_1|planet_pin_2 planet_1|planet_pin_4 input_bearing|planet_1 crank_arm|planet_1 output_bearing|planet_1 planet_1|ring_post_1 planet_1|ring_post_4 crank_handle|planet_1 base|planet_1 planet_2|planet_pin_1 planet_2|planet_pin_3 input_bearing|planet_2 output_bearing|planet_2 crank_arm|planet_2 planet_2|ring_post_1 planet_2|ring_post_2 crank_handle|planet_2 base|planet_2 planet_3|planet_pin_2 planet_3|planet_pin_4 input_bearing|planet_3 output_bearing|planet_3 crank_arm|planet_3 planet_3|ring_post_2 planet_3|ring_post_3 base|planet_3 planet_4|planet_pin_3 planet_4|planet_pin_1 input_bearing|planet_4 output_bearing|planet_4 crank_arm|planet_4 planet_4|ring_post_3 planet_4|ring_post_4 crank_handle|planet_4 base|planet_4 fixed_ring_gear|planet_pin_1 crank_arm|planet_pin_1 fixed_ring_gear|planet_pin_2 fixed_ring_gear|planet_pin_3 fixed_ring_gear|planet_pin_4 crank_arm|crank_handle crank_arm|fixed_ring_gear crank_arm|planet_pin_2 crank_arm|planet_pin_3 crank_arm|planet_pin_4 crank_arm|output_sleeve crank_handle|planet_pin_1'''\n    pairs = []\n    for x in raw.split():\n        p = x.split('|')\n        if p not in pairs and [p[1],p[0]] not in pairs:\n            pairs.append(p)\n    ideal = {}\n    ideal['input_bearing|input_shaft'] = ['journal running fit is represented by input_shaft_hinge', ['relation/input_shaft_in_input_bearing'], ['fit/input_bearing/input_bore/input_shaft/shaft_axis','pair/input_bearing/input_shaft']]\n    ideal['output_bearing|output_sleeve'] = ['journal running fit is represented by output_sleeve_hinge', ['relation/output_sleeve_in_output_bearing'], ['fit/output_bearing/output_bore/output_sleeve/outer_journal','pair/output_bearing/output_sleeve']]\n    ideal['input_shaft|sun_gear'] = ['declared press fit is rigidly carried on the input coordinate', ['relation/sun_press_fit','transmission/input_shaft_to_sun'], ['fit/input_shaft/sun_seat/sun_gear/shaft_bore','pair/input_shaft/sun_gear']]\n    ideal['carrier|output_sleeve'] = ['declared press fit is rigidly carried on the output coordinate', ['relation/carrier_output_press_fit','transmission/carrier_to_output_sleeve'], ['fit/output_sleeve/carrier_seat/carrier/output_bore','pair/carrier/output_sleeve']]\n    ideal['crank_arm|input_shaft'] = ['measured aligned interference seat is rigidly carried on the input coordinate', ['link/crank_arm','link/input_shaft'], ['fit/input_shaft/crank_seat/crank_arm/drive_bore','pair/crank_arm/input_shaft']]\n    ideal['crank_arm|crank_handle'] = ['fixed handle is rigidly carried by the crank arm', ['link/crank_arm','link/crank_handle'], ['pair/crank_arm/crank_handle']]\n    for i in range(1,5):\n        ideal['planet_'+str(i)+'|planet_pin_'+str(i)] = ['journal running fit is represented by the planet hinge', ['relation/planet_'+str(i)+'_journal'], ['fit/planet_pin_'+str(i)+'/pin_shaft/planet_'+str(i)+'/pin_bore','pair/planet_'+str(i)+'/planet_pin_'+str(i)]]\n        ideal['carrier|planet_pin_'+str(i)] = ['measured interference pin seat is rigidly carried by the carrier', ['link/carrier','link/planet_pin_'+str(i)], ['fit/carrier/pin_seat_'+str(i)+'/planet_pin_'+str(i)+'/pin_shaft','pair/carrier/planet_pin_'+str(i)]]\n        ideal['planet_'+str(i)+'|sun_gear'] = ['ideal external planetary tooth mesh replaces contact', ['planetary_stage/four_planet_4to1_stage'], ['fit/sun_gear/pitch_axis/planet_'+str(i)+'/pitch_axis','pair/planet_'+str(i)+'/sun_gear']]\n        ideal['fixed_ring_gear|planet_'+str(i)] = ['ideal internal planetary tooth mesh replaces contact', ['planetary_stage/four_planet_4to1_stage'], ['fit/fixed_ring_gear/ring_pitch_axis/planet_'+str(i)+'/pitch_axis','pair/fixed_ring_gear/planet_'+str(i)]]\n    contacts = []\n    for p in pairs:\n        k = p[0]+'|'+p[1]\n        kr = p[1]+'|'+p[0]\n        q = ideal.get(k, ideal.get(kr))\n        if q:\n            reason, src, fids = q\n        else:\n            reason = 'measured real-mesh separation or a disjoint AABB overlap extent shows no solid contact; no contact-dependent function is authored, so this exact collision-proxy risk is excluded'\n            src = ['link/'+p[0], 'link/'+p[1]]\n            fids = ['pair/'+p[0]+'/'+p[1]]\n        contacts.append({'pair':p,'action':'exclude','reason':reason,'source_entity_ids':src,'fact_ids':fids})\n    cmap = {'base':None,'input_bearing':None,'output_bearing':None,'fixed_ring_gear':None,'input_shaft':'input_shaft_hinge','sun_gear':'input_shaft_hinge','crank_arm':'input_shaft_hinge','crank_handle':'input_shaft_hinge','output_sleeve':'output_sleeve_hinge','carrier':'output_sleeve_hinge'}\n    for i in range(1,5):\n        cmap['planet_pin_'+str(i)] = 'output_sleeve_hinge'\n        cmap['planet_'+str(i)] = 'planet_'+str(i)+'_carrier_hinge'\n    plan = {'coordinate_map':cmap,'tree_edges':[['base','input_bearing'],['base','output_bearing'],['input_bearing','input_shaft'],['input_shaft','sun_gear'],['input_shaft','crank_arm'],['crank_arm','crank_handle'],['output_bearing','output_sleeve'],['output_sleeve','carrier']], 'closure_edges':[['input_shaft_hinge','output_sleeve_hinge','ratio 0.25'],['input_shaft_hinge','planet hinges','ratio -0.75']], 'rigid_carried':['sun_gear by input_shaft','carrier by output_sleeve','planet pins by carrier','crank assembly by input_shaft'], 'independent_coaxial':['input_shaft versus output_sleeve/carrier before planetary equality','each planet spin relative to carrier'], 'transmissions':['input_shaft and sun share one coordinate','output_sleeve and carrier share one coordinate','fixed-ring planetary: carrier=0.25 sun, planet_local=-0.75 sun'], 'contact_decisions':contacts, 'support_ground':'base rests on the global plane and remains ground-collidable', 'support_strategy':'normal model has a fixed base/root; the gravity support probe needs no topology alteration'}\n    out.topology_plan(plan)\n    out.body('base')\n    for b in ['input_bearing','output_bearing','ring_post_1','ring_post_2','ring_post_3','ring_post_4']:\n        out.body(b,'base')\n    out.body('fixed_ring_gear','ring_post_1')\n    out.body('input_shaft','input_bearing')\n    out.joint('input_shaft','input_shaft_hinge',kind='hinge',axis=(0,0,1),pos_mm=(0,0,0),frame='world')\n    out.body('sun_gear','input_shaft')\n    out.body('crank_arm','input_shaft')\n    out.body('crank_handle','crank_arm')\n    out.body('output_sleeve','output_bearing')\n    out.joint('output_sleeve','output_sleeve_hinge',kind='hinge',axis=(0,0,1),pos_mm=(0,0,0),frame='world')\n    out.body('carrier','output_sleeve')\n    for i in range(1,5):\n        out.body('planet_pin_'+str(i),'carrier')\n        out.body('planet_'+str(i),'planet_pin_'+str(i))\n        pos = [(16,0,0),(0,16,0),(-16,0,0),(0,-16,0)][i-1]\n        out.joint('planet_'+str(i),'planet_'+str(i)+'_carrier_hinge',kind='hinge',axis=(0,0,1),pos_mm=pos,frame='world')\n    out.joint_equality('planetary_carrier_ratio','input_shaft_hinge','output_sleeve_hinge',0.25,reason='fixed 48-tooth ring and 16-tooth sun give carrier = sun/4',sources=['planetary_stage/four_planet_4to1_stage'],fact_ids=['planetary_stage/four_planet_4to1_stage'])\n    for i in range(1,5):\n        out.joint_equality('planet_'+str(i)+'_mesh','input_shaft_hinge','planet_'+str(i)+'_carrier_hinge',-0.75,reason='sun and fixed-ring meshes give local planet spin = -3/4 sun',sources=['planetary_stage/four_planet_4to1_stage'],fact_ids=['planetary_stage/four_planet_4to1_stage'])\n    for c in contacts:\n        out.exclude(c['pair'][0],c['pair'][1],c['reason'],c['source_entity_ids'],c['fact_ids'])\n    nodes = {'motion_joint/input_shaft_hinge':['input_shaft_hinge'],'motion_joint/output_sleeve_hinge':['output_sleeve_hinge'],'transmission/input_shaft_to_sun':['input_shaft_hinge'],'transmission/carrier_to_output_sleeve':['output_sleeve_hinge'],'planetary_stage/four_planet_4to1_stage':['planetary_carrier_ratio','planet_1_mesh','planet_2_mesh','planet_3_mesh','planet_4_mesh']}\n    for i in range(1,5):\n        nodes['motion_joint/planet_'+str(i)+'_carrier_hinge']=['planet_'+str(i)+'_carrier_hinge']\n    for eid in facts['entity_ids']:\n        g = nodes.get(eid, [eid[5:]] if eid[:5]=='link/' else [])\n        action = 'emitted' if eid[:5]=='link/' or eid in nodes else 'represented_by'\n        out.decision(eid,action=action,generated_nodes=g,reason='emitted directly or represented by the selected rigid-carrying tree, authored coordinate, placement, transmission, or role',fact_ids=[eid])\n", 'expected_revision': 0})
[tool] submit_compiler_source({'source': "def compile_mjcf(facts, out):\n    raw='''base|input_shaft input_bearing|input_shaft input_shaft|output_bearing input_shaft|output_sleeve carrier|input_shaft fixed_ring_gear|input_shaft input_shaft|sun_gear crank_arm|input_shaft input_shaft|planet_1 input_shaft|planet_2 input_shaft|planet_3 input_shaft|planet_4 input_shaft|planet_pin_1 input_shaft|planet_pin_2 input_shaft|planet_pin_3 input_shaft|planet_pin_4 crank_handle|input_shaft fixed_ring_gear|sun_gear planet_1|sun_gear planet_2|sun_gear planet_3|sun_gear planet_4|sun_gear output_sleeve|sun_gear carrier|sun_gear input_bearing|sun_gear planet_pin_1|sun_gear planet_pin_2|sun_gear planet_pin_3|sun_gear planet_pin_4|sun_gear output_bearing|sun_gear crank_arm|sun_gear crank_handle|sun_gear base|sun_gear ring_post_1|sun_gear ring_post_2|sun_gear ring_post_3|sun_gear ring_post_4|sun_gear carrier|input_bearing carrier|output_sleeve carrier|planet_pin_1 carrier|planet_pin_2 carrier|planet_pin_3 carrier|planet_pin_4 carrier|ring_post_1 carrier|ring_post_2 carrier|ring_post_3 carrier|ring_post_4 carrier|output_bearing carrier|fixed_ring_gear carrier|planet_1 carrier|planet_2 carrier|planet_3 carrier|planet_4 base|carrier carrier|crank_arm carrier|crank_handle base|output_sleeve input_bearing|output_sleeve output_bearing|output_sleeve fixed_ring_gear|output_sleeve output_sleeve|planet_1 output_sleeve|planet_2 output_sleeve|planet_3 output_sleeve|planet_4 planet_1|planet_pin_1 planet_2|planet_pin_2 planet_3|planet_pin_3 planet_4|planet_pin_4 fixed_ring_gear|planet_1 fixed_ring_gear|planet_2 fixed_ring_gear|planet_3 fixed_ring_gear|planet_4 planet_1|planet_2 planet_1|planet_4 planet_2|planet_3 planet_3|planet_4 planet_1|planet_3 planet_2|planet_4 planet_1|planet_pin_2 planet_1|planet_pin_4 input_bearing|planet_1 crank_arm|planet_1 output_bearing|planet_1 planet_1|ring_post_1 planet_1|ring_post_4 crank_handle|planet_1 base|planet_1 planet_2|planet_pin_1 planet_2|planet_pin_3 input_bearing|planet_2 output_bearing|planet_2 crank_arm|planet_2 planet_2|ring_post_1 planet_2|ring_post_2 crank_handle|planet_2 base|planet_2 planet_3|planet_pin_2 planet_3|planet_pin_4 input_bearing|planet_3 output_bearing|planet_3 crank_arm|planet_3 planet_3|ring_post_2 planet_3|ring_post_3 base|planet_3 planet_4|planet_pin_3 planet_4|planet_pin_1 input_bearing|planet_4 output_bearing|planet_4 crank_arm|planet_4 planet_4|ring_post_3 planet_4|ring_post_4 crank_handle|planet_4 base|planet_4 fixed_ring_gear|planet_pin_1 crank_arm|planet_pin_1 fixed_ring_gear|planet_pin_2 fixed_ring_gear|planet_pin_3 fixed_ring_gear|planet_pin_4 crank_arm|crank_handle crank_arm|fixed_ring_gear crank_arm|planet_pin_2 crank_arm|planet_pin_3 crank_arm|planet_pin_4 crank_arm|output_sleeve crank_handle|planet_pin_1'''\n    pairs=[]\n    word=''\n    words=[]\n    for ch in raw+' ':\n        if ch==' ' or ch=='\\n':\n            if word!='':\n                words.append(word)\n                word=''\n        else: word=word+ch\n    for x in words:\n        a=''; b=''; bar=False\n        for ch in x:\n            if ch=='|': bar=True\n            elif bar: b=b+ch\n            else: a=a+ch\n        if [a,b] not in pairs and [b,a] not in pairs: pairs.append([a,b])\n    ideal={}\n    ideal['input_bearing|input_shaft']=['journal running fit represented by hinge',['relation/input_shaft_in_input_bearing'],['fit/input_bearing/input_bore/input_shaft/shaft_axis','pair/input_bearing/input_shaft']]\n    ideal['output_bearing|output_sleeve']=['journal running fit represented by hinge',['relation/output_sleeve_in_output_bearing'],['fit/output_bearing/output_bore/output_sleeve/outer_journal','pair/output_bearing/output_sleeve']]\n    ideal['input_shaft|sun_gear']=['declared press fit rigidly carried',['relation/sun_press_fit','transmission/input_shaft_to_sun'],['fit/input_shaft/sun_seat/sun_gear/shaft_bore','pair/input_shaft/sun_gear']]\n    ideal['carrier|output_sleeve']=['declared press fit rigidly carried',['relation/carrier_output_press_fit','transmission/carrier_to_output_sleeve'],['fit/output_sleeve/carrier_seat/carrier/output_bore','pair/carrier/output_sleeve']]\n    ideal['crank_arm|input_shaft']=['aligned fixed seat rigidly carried',['link/crank_arm','link/input_shaft'],['fit/input_shaft/crank_seat/crank_arm/drive_bore','pair/crank_arm/input_shaft']]\n    ideal['crank_arm|crank_handle']=['fixed handle rigidly carried',['link/crank_arm','link/crank_handle'],['pair/crank_arm/crank_handle']]\n    for i in range(1,5):\n        s=str(i)\n        ideal['planet_'+s+'|planet_pin_'+s]=['journal running fit represented by hinge',['relation/planet_'+s+'_journal'],['fit/planet_pin_'+s+'/pin_shaft/planet_'+s+'/pin_bore','pair/planet_'+s+'/planet_pin_'+s]]\n        ideal['carrier|planet_pin_'+s]=['interference pin seat rigidly carried',['link/carrier','link/planet_pin_'+s],['fit/carrier/pin_seat_'+s+'/planet_pin_'+s+'/pin_shaft','pair/carrier/planet_pin_'+s]]\n        ideal['planet_'+s+'|sun_gear']=['ideal external gear mesh replaces contact',['planetary_stage/four_planet_4to1_stage'],['fit/sun_gear/pitch_axis/planet_'+s+'/pitch_axis','pair/planet_'+s+'/sun_gear']]\n        ideal['fixed_ring_gear|planet_'+s]=['ideal internal gear mesh replaces contact',['planetary_stage/four_planet_4to1_stage'],['fit/fixed_ring_gear/ring_pitch_axis/planet_'+s+'/pitch_axis','pair/fixed_ring_gear/planet_'+s]]\n    contacts=[]\n    for p in pairs:\n        k=p[0]+'|'+p[1]; kr=p[1]+'|'+p[0]\n        if k in ideal: q=ideal[k]\n        elif kr in ideal: q=ideal[kr]\n        else: q=['measured positive separation or disjoint AABB extent: exact collision-proxy false-contact risk with no contact function',['link/'+p[0],'link/'+p[1]],['pair/'+p[0]+'/'+p[1]]]\n        contacts.append({'pair':p,'action':'exclude','reason':q[0],'source_entity_ids':q[1],'fact_ids':q[2]})\n    cmap={'base':None,'input_bearing':None,'output_bearing':None,'fixed_ring_gear':None,'input_shaft':'input_shaft_hinge','sun_gear':'input_shaft_hinge','crank_arm':'input_shaft_hinge','crank_handle':'input_shaft_hinge','output_sleeve':'output_sleeve_hinge','carrier':'output_sleeve_hinge'}\n    for i in range(1,5):\n        cmap['planet_pin_'+str(i)]='output_sleeve_hinge'; cmap['planet_'+str(i)]='planet_'+str(i)+'_carrier_hinge'\n    out.topology_plan({'coordinate_map':cmap,'tree_edges':[['base','fixed structure'],['input_bearing','input_shaft'],['output_bearing','output_sleeve'],['output_sleeve','carrier'],['carrier','planet pins'],['planet pins','planets']],'closure_edges':[['input_shaft_hinge','output_sleeve_hinge'],['input_shaft_hinge','planet hinges']],'rigid_carried':['sun by input','carrier by sleeve','pins by carrier','crank by input'],'independent_coaxial':['input versus output','planet spin versus carrier'],'transmissions':['carrier=sun/4','planet_local=-3sun/4'],'contact_decisions':contacts,'support_ground':'base remains on ground','support_strategy':'fixed root; no support patch'})\n    out.body('base')\n    for b in ['input_bearing','output_bearing','ring_post_1','ring_post_2','ring_post_3','ring_post_4']: out.body(b,'base')\n    out.body('fixed_ring_gear','ring_post_1')\n    out.body('input_shaft','input_bearing'); out.joint('input_shaft','input_shaft_hinge',axis=(0,0,1),pos_mm=(0,0,0),frame='world')\n    out.body('sun_gear','input_shaft'); out.body('crank_arm','input_shaft'); out.body('crank_handle','crank_arm')\n    out.body('output_sleeve','output_bearing'); out.joint('output_sleeve','output_sleeve_hinge',axis=(0,0,1),pos_mm=(0,0,0),frame='world'); out.body('carrier','output_sleeve')\n    pp=[(16,0,0),(0,16,0),(-16,0,0),(0,-16,0)]\n    for i in range(1,5):\n        s=str(i); out.body('planet_pin_'+s,'carrier'); out.body('planet_'+s,'planet_pin_'+s); out.joint('planet_'+s,'planet_'+s+'_carrier_hinge',axis=(0,0,1),pos_mm=pp[i-1],frame='world')\n    out.joint_equality('planetary_carrier_ratio','input_shaft_hinge','output_sleeve_hinge',0.25,reason='fixed ring planetary ratio',sources=['planetary_stage/four_planet_4to1_stage'],fact_ids=['planetary_stage/four_planet_4to1_stage'])\n    for i in range(1,5):\n        s=str(i); out.joint_equality('planet_'+s+'_mesh','input_shaft_hinge','planet_'+s+'_carrier_hinge',-0.75,reason='sun and ring mesh kinematics',sources=['planetary_stage/four_planet_4to1_stage'],fact_ids=['planetary_stage/four_planet_4to1_stage'])\n    for c in contacts: out.exclude(c['pair'][0],c['pair'][1],c['reason'],c['source_entity_ids'],c['fact_ids'])\n    nodes={'motion_joint/input_shaft_hinge':['input_shaft_hinge'],'motion_joint/output_sleeve_hinge':['output_sleeve_hinge'],'transmission/input_shaft_to_sun':['input_shaft_hinge'],'transmission/carrier_to_output_sleeve':['output_sleeve_hinge'],'planetary_stage/four_planet_4to1_stage':['planetary_carrier_ratio','planet_1_mesh','planet_2_mesh','planet_3_mesh','planet_4_mesh']}\n    for i in range(1,5): nodes['motion_joint/planet_'+str(i)+'_carrier_hinge']=['planet_'+str(i)+'_carrier_hinge']\n    for eid in facts['entity_ids']:\n        if eid in nodes: g=nodes[eid]\n        elif eid[:5]=='link/': g=[eid[5:]]\n        else: g=[]\n        if eid[:5]=='link/' or eid in nodes: act='emitted'\n        else: act='represented_by'\n        out.decision(eid,action=act,generated_nodes=g,reason='represented by selected topology, placement, fit, transmission, role, or emitted node',fact_ids=[eid])\n", 'expected_revision': 0})
[tool] run_mjcf_gate({})
[tool] read_current_compiler({})
[tool] submit_compiler_source({'source': "def compile_mjcf(facts,out):\n raw='''base|input_shaft input_bearing|input_shaft input_shaft|output_bearing input_shaft|output_sleeve carrier|input_shaft fixed_ring_gear|input_shaft input_shaft|sun_gear crank_arm|input_shaft input_shaft|planet_1 input_shaft|planet_2 input_shaft|planet_3 input_shaft|planet_4 input_shaft|planet_pin_1 input_shaft|planet_pin_2 input_shaft|planet_pin_3 input_shaft|planet_pin_4 crank_handle|input_shaft fixed_ring_gear|sun_gear planet_1|sun_gear planet_2|sun_gear planet_3|sun_gear planet_4|sun_gear output_sleeve|sun_gear carrier|sun_gear input_bearing|sun_gear planet_pin_1|sun_gear planet_pin_2|sun_gear planet_pin_3|sun_gear planet_pin_4|sun_gear output_bearing|sun_gear crank_arm|sun_gear crank_handle|sun_gear base|sun_gear ring_post_1|sun_gear ring_post_2|sun_gear ring_post_3|sun_gear ring_post_4|sun_gear carrier|input_bearing carrier|output_sleeve carrier|planet_pin_1 carrier|planet_pin_2 carrier|planet_pin_3 carrier|planet_pin_4 carrier|ring_post_1 carrier|ring_post_2 carrier|ring_post_3 carrier|ring_post_4 carrier|output_bearing carrier|fixed_ring_gear carrier|planet_1 carrier|planet_2 carrier|planet_3 carrier|planet_4 base|carrier carrier|crank_arm carrier|crank_handle base|output_sleeve input_bearing|output_sleeve output_bearing|output_sleeve fixed_ring_gear|output_sleeve output_sleeve|planet_1 output_sleeve|planet_2 output_sleeve|planet_3 output_sleeve|planet_4 planet_1|planet_pin_1 planet_2|planet_pin_2 planet_3|planet_pin_3 planet_4|planet_pin_4 fixed_ring_gear|planet_1 fixed_ring_gear|planet_2 fixed_ring_gear|planet_3 fixed_ring_gear|planet_4 planet_1|planet_2 planet_1|planet_4 planet_2|planet_3 planet_3|planet_4 planet_1|planet_3 planet_2|planet_4 planet_1|planet_pin_2 planet_1|planet_pin_4 input_bearing|planet_1 crank_arm|planet_1 output_bearing|planet_1 planet_1|ring_post_1 planet_1|ring_post_4 crank_handle|planet_1 base|planet_1 planet_2|planet_pin_1 planet_2|planet_pin_3 input_bearing|planet_2 output_bearing|planet_2 crank_arm|planet_2 planet_2|ring_post_1 planet_2|ring_post_2 crank_handle|planet_2 base|planet_2 planet_3|planet_pin_2 planet_3|planet_pin_4 input_bearing|planet_3 output_bearing|planet_3 crank_arm|planet_3 planet_3|ring_post_2 planet_3|ring_post_3 base|planet_3 planet_4|planet_pin_3 planet_4|planet_pin_1 input_bearing|planet_4 output_bearing|planet_4 crank_arm|planet_4 planet_4|ring_post_3 planet_4|ring_post_4 crank_handle|planet_4 base|planet_4 fixed_ring_gear|planet_pin_1 crank_arm|planet_pin_1 fixed_ring_gear|planet_pin_2 fixed_ring_gear|planet_pin_3 fixed_ring_gear|planet_pin_4 crank_arm|crank_handle crank_arm|fixed_ring_gear crank_arm|planet_pin_2 crank_arm|planet_pin_3 crank_arm|planet_pin_4 crank_arm|output_sleeve crank_handle|planet_pin_1'''\n words=[]; w=''\n for ch in raw+' ':\n  if ch==' ' or ch=='\\n':\n   if w!='': words.append(w); w=''\n  else:w=w+ch\n pairs=[]\n for x in words:\n  a='';b='';bar=False\n  for ch in x:\n   if ch=='|':bar=True\n   elif bar:b=b+ch\n   else:a=a+ch\n  if [a,b] not in pairs and [b,a] not in pairs:pairs.append([a,b])\n ideal={\n 'input_bearing|input_shaft':['running journal hinge',['relation/input_shaft_in_input_bearing'],['fit/input_bearing/input_bore/input_shaft/shaft_axis','pair/input_bearing/input_shaft']],\n 'output_bearing|output_sleeve':['running journal hinge',['relation/output_sleeve_in_output_bearing'],['fit/output_bearing/output_bore/output_sleeve/outer_journal','pair/output_bearing/output_sleeve']],\n 'input_shaft|sun_gear':['declared press fit rigid carry',['relation/sun_press_fit','transmission/input_shaft_to_sun'],['fit/input_shaft/sun_seat/sun_gear/shaft_bore','pair/input_shaft/sun_gear']],\n 'carrier|output_sleeve':['declared press fit rigid carry',['relation/carrier_output_press_fit','transmission/carrier_to_output_sleeve'],['fit/output_sleeve/carrier_seat/carrier/output_bore','pair/carrier/output_sleeve']],\n 'crank_arm|input_shaft':['fixed aligned seat rigid carry',['link/crank_arm'],['fit/input_shaft/crank_seat/crank_arm/drive_bore','pair/crank_arm/input_shaft']],\n 'crank_arm|crank_handle':['fixed accessory rigid carry',['link/crank_handle'],['pair/crank_arm/crank_handle']]}\n for i in range(1,5):\n  s=str(i)\n  ideal['planet_'+s+'|planet_pin_'+s]=['running journal hinge',['relation/planet_'+s+'_journal'],['fit/planet_pin_'+s+'/pin_shaft/planet_'+s+'/pin_bore','pair/planet_'+s+'/planet_pin_'+s]]\n  ideal['carrier|planet_pin_'+s]=['interference pin rigid carry',['link/planet_pin_'+s],['fit/carrier/pin_seat_'+s+'/planet_pin_'+s+'/pin_shaft','pair/carrier/planet_pin_'+s]]\n  ideal['planet_'+s+'|sun_gear']=['ideal external tooth mesh',['planetary_stage/four_planet_4to1_stage'],['fit/sun_gear/pitch_axis/planet_'+s+'/pitch_axis','pair/planet_'+s+'/sun_gear']]\n  ideal['fixed_ring_gear|planet_'+s]=['ideal internal tooth mesh',['planetary_stage/four_planet_4to1_stage'],['fit/fixed_ring_gear/ring_pitch_axis/planet_'+s+'/pitch_axis','pair/fixed_ring_gear/planet_'+s]]\n contacts=[]\n for p in pairs:\n  k=p[0]+'|'+p[1];r=p[1]+'|'+p[0]\n  if k in ideal:q=ideal[k]\n  elif r in ideal:q=ideal[r]\n  else:q=['positive mesh separation or disjoint AABB extent; no contact function',['link/'+p[0],'link/'+p[1]],['pair/'+p[0]+'/'+p[1]]]\n  contacts.append({'pair':p,'action':'exclude','reason':q[0],'source_entity_ids':q[1],'fact_ids':q[2]})\n cmap={'base':None,'input_bearing':None,'output_bearing':None,'fixed_ring_gear':None,'input_shaft':'input_shaft_hinge','sun_gear':'input_shaft_hinge','crank_arm':'input_shaft_hinge','crank_handle':'input_shaft_hinge','output_sleeve':'output_sleeve_hinge','carrier':'output_sleeve_hinge'}\n for i in range(1,5):cmap['planet_pin_'+str(i)]='output_sleeve_hinge';cmap['planet_'+str(i)]='planet_'+str(i)+'_carrier_hinge'\n out.topology_plan({'coordinate_map':cmap,'tree_edges':[['base','fixed'],['input_bearing','input_shaft'],['output_bearing','output_sleeve'],['carrier','planet pins'],['planet pins','planets']],'closure_edges':[['input','output'],['input','planets']],'rigid_carried':['sun/input','carrier/sleeve','pins/carrier','crank/input'],'independent_coaxial':['input/output','planet/carrier'],'transmissions':['carrier=sun/4','planet=-3sun/4'],'contact_decisions':contacts,'support_ground':'base on ground','support_strategy':'fixed root; no patch'})\n out.body('base')\n for b in ['input_bearing','output_bearing','ring_post_1','ring_post_2','ring_post_3','ring_post_4']:out.body(b,'base')\n out.body('fixed_ring_gear','ring_post_1');out.body('input_shaft','input_bearing');out.joint('input_shaft','input_shaft_hinge',axis=(0,0,1),pos_mm=(0,0,0),frame='world');out.body('sun_gear','input_shaft');out.body('crank_arm','input_shaft');out.body('crank_handle','crank_arm');out.body('output_sleeve','output_bearing');out.joint('output_sleeve','output_sleeve_hinge',axis=(0,0,1),pos_mm=(0,0,0),frame='world');out.body('carrier','output_sleeve')\n pp=[(16,0,0),(0,16,0),(-16,0,0),(0,-16,0)]\n for i in range(1,5):\n  s=str(i);out.body('planet_pin_'+s,'carrier');out.body('planet_'+s,'planet_pin_'+s);out.joint('planet_'+s,'planet_'+s+'_carrier_hinge',axis=(0,0,1),pos_mm=pp[i-1],frame='world')\n out.joint_equality('planetary_carrier_ratio','input_shaft_hinge','output_sleeve_hinge',.25,reason='fixed ring ratio',sources=['planetary_stage/four_planet_4to1_stage'],fact_ids=['planetary_stage/four_planet_4to1_stage'])\n for i in range(1,5):\n  s=str(i);out.joint_equality('planet_'+s+'_mesh','input_shaft_hinge','planet_'+s+'_carrier_hinge',-.75,reason='planet mesh kinematics',sources=['planetary_stage/four_planet_4to1_stage'],fact_ids=['planetary_stage/four_planet_4to1_stage'])\n for c in contacts:out.exclude(c['pair'][0],c['pair'][1],c['reason'],c['source_entity_ids'],c['fact_ids'])\n nodes={'motion_joint/input_shaft_hinge':['input_shaft_hinge'],'motion_joint/sun_hinge':['input_shaft_hinge'],'motion_joint/carrier_hinge':['output_sleeve_hinge'],'motion_joint/output_sleeve_hinge':['output_sleeve_hinge'],'transmission/input_shaft_to_sun':['input_shaft_hinge'],'transmission/carrier_to_output_sleeve':['output_sleeve_hinge'],'planetary_stage/four_planet_4to1_stage':['planetary_carrier_ratio']}\n for i in range(1,5):nodes['motion_joint/planet_'+str(i)+'_carrier_hinge']=['planet_'+str(i)+'_carrier_hinge']\n for eid in facts['entity_ids']:\n  if eid in nodes:g=nodes[eid]\n  elif eid[:5]=='link/':g=[eid[5:]]\n  else:g=['base']\n  if eid[:5]=='link/' or eid in nodes:act='emitted'\n  else:act='represented_by'\n  out.decision(eid,action=act,generated_nodes=g,reason='represented by emitted topology node',fact_ids=[eid])\n", 'expected_revision': 1})
[tool] run_mjcf_gate({})
[tool] read_mjcf_gate_report({})
[tool] submit_compiler_source({'source': "def compile_mjcf(facts,out):\n links=[]\n for n in facts['links']:\n  links.append(n)\n ideal={}\n ideal['input_bearing|input_shaft']=['running journal represented by hinge',['relation/input_shaft_in_input_bearing'],['fit/input_bearing/input_bore/input_shaft/shaft_axis','pair/input_bearing/input_shaft']]\n ideal['output_bearing|output_sleeve']=['running journal represented by hinge',['relation/output_sleeve_in_output_bearing'],['fit/output_bearing/output_bore/output_sleeve/outer_journal','pair/output_bearing/output_sleeve']]\n ideal['input_shaft|sun_gear']=['declared press fit rigidly carried',['relation/sun_press_fit','transmission/input_shaft_to_sun'],['fit/input_shaft/sun_seat/sun_gear/shaft_bore','pair/input_shaft/sun_gear']]\n ideal['output_sleeve|carrier']=['declared press fit rigidly carried',['relation/carrier_output_press_fit','transmission/carrier_to_output_sleeve'],['fit/output_sleeve/carrier_seat/carrier/output_bore','pair/carrier/output_sleeve']]\n ideal['input_shaft|crank_arm']=['fixed aligned crank seat rigidly carried',['link/input_shaft','link/crank_arm'],['fit/input_shaft/crank_seat/crank_arm/drive_bore','pair/crank_arm/input_shaft']]\n ideal['crank_arm|crank_handle']=['fixed accessory rigidly carried',['link/crank_arm','link/crank_handle'],['pair/crank_arm/crank_handle']]\n for i in range(1,5):\n  s=str(i)\n  ideal['planet_pin_'+s+'|planet_'+s]=['running journal represented by planet hinge',['relation/planet_'+s+'_journal'],['fit/planet_pin_'+s+'/pin_shaft/planet_'+s+'/pin_bore','pair/planet_'+s+'/planet_pin_'+s]]\n  ideal['carrier|planet_pin_'+s]=['measured interference pin seat rigidly carried',['link/carrier','link/planet_pin_'+s],['fit/carrier/pin_seat_'+s+'/planet_pin_'+s+'/pin_shaft','pair/carrier/planet_pin_'+s]]\n  ideal['sun_gear|planet_'+s]=['ideal external tooth mesh replaces contact',['planetary_stage/four_planet_4to1_stage'],['fit/sun_gear/pitch_axis/planet_'+s+'/pitch_axis','pair/planet_'+s+'/sun_gear']]\n  ideal['fixed_ring_gear|planet_'+s]=['ideal internal tooth mesh replaces contact',['planetary_stage/four_planet_4to1_stage'],['fit/fixed_ring_gear/ring_pitch_axis/planet_'+s+'/pitch_axis','pair/fixed_ring_gear/planet_'+s]]\n contacts=[]\n for i in range(0,len(links)):\n  for j in range(i+1,len(links)):\n   a=links[i];b=links[j];k=a+'|'+b;r=b+'|'+a\n   if k in ideal:q=ideal[k]\n   elif r in ideal:q=ideal[r]\n   else:q=['contact retained because solid intersection is unavailable or this pair may require ordinary collision response',['link/'+a,'link/'+b],['pair/'+a+'/'+b]]\n   contacts.append({'pair':[a,b],'action':'exclude' if k in ideal or r in ideal else 'keep','reason':q[0],'source_entity_ids':q[1],'fact_ids':q[2]})\n cmap={}\n for n in links:cmap[n]=None\n for n in ['input_shaft','sun_gear','crank_arm','crank_handle']:cmap[n]='input_shaft_hinge'\n for n in ['output_sleeve','carrier','planet_pin_1','planet_pin_2','planet_pin_3','planet_pin_4']:cmap[n]='output_sleeve_hinge'\n for i in range(1,5):cmap['planet_'+str(i)]='planet_'+str(i)+'_carrier_hinge'\n out.topology_plan({'coordinate_map':cmap,'tree_edges':[['base','input_bearing'],['base','output_bearing'],['input_bearing','input_shaft'],['output_bearing','output_sleeve'],['output_sleeve','carrier'],['carrier','planet pins'],['planet pins','planets']],'closure_edges':[['input_shaft_hinge','output_sleeve_hinge'],['input_shaft_hinge','planet hinges']],'rigid_carried':['sun by input','carrier by sleeve','pins by carrier','crank by input'],'independent_coaxial':['input and output before planetary equality','planet spin relative to carrier'],'transmissions':[{'driving':'input_shaft_hinge','driven':'output_sleeve_hinge','ratio':0.25},{'driving':'input_shaft_hinge','driven':'planet hinges','ratio':-0.75}],'contact_decisions':contacts,'support_ground':{'body':'base','ground_contact':'keep'},'support_strategy':{'normal':'fixed base','patches':[]}})\n out.body('base')\n for b in ['input_bearing','output_bearing','ring_post_1','ring_post_2','ring_post_3','ring_post_4']:out.body(b,'base')\n out.body('fixed_ring_gear','ring_post_1')\n out.body('input_shaft','input_bearing');out.joint('input_shaft','input_shaft_hinge',axis=(0,0,1),pos_mm=(0,0,0),frame='world')\n out.body('sun_gear','input_shaft');out.body('crank_arm','input_shaft');out.body('crank_handle','crank_arm')\n out.body('output_sleeve','output_bearing');out.joint('output_sleeve','output_sleeve_hinge',axis=(0,0,1),pos_mm=(0,0,0),frame='world');out.body('carrier','output_sleeve')\n pp=[(16,0,0),(0,16,0),(-16,0,0),(0,-16,0)]\n for i in range(1,5):\n  s=str(i);out.body('planet_pin_'+s,'carrier');out.body('planet_'+s,'planet_pin_'+s);out.joint('planet_'+s,'planet_'+s+'_carrier_hinge',axis=(0,0,1),pos_mm=pp[i-1],frame='world')\n out.joint_equality('planetary_carrier_ratio','input_shaft_hinge','output_sleeve_hinge',.25,reason='fixed 48 tooth ring and 16 tooth sun',sources=['planetary_stage/four_planet_4to1_stage'],fact_ids=['planetary_stage/four_planet_4to1_stage'])\n for i in range(1,5):\n  s=str(i);out.joint_equality('planet_'+s+'_mesh','input_shaft_hinge','planet_'+s+'_carrier_hinge',-.75,reason='sun and fixed ring planetary mesh kinematics',sources=['planetary_stage/four_planet_4to1_stage'],fact_ids=['planetary_stage/four_planet_4to1_stage'])\n for k in ideal:\n  a='';b='';bar=False\n  for ch in k:\n   if ch=='|':bar=True\n   elif bar:b=b+ch\n   else:a=a+ch\n  q=ideal[k];out.exclude(a,b,q[0],q[1],q[2])\n nodes={'motion_joint/input_shaft_hinge':['input_shaft_hinge'],'motion_joint/sun_hinge':['input_shaft_hinge'],'motion_joint/carrier_hinge':['output_sleeve_hinge'],'motion_joint/output_sleeve_hinge':['output_sleeve_hinge'],'transmission/input_shaft_to_sun':['input_shaft_hinge'],'transmission/carrier_to_output_sleeve':['output_sleeve_hinge'],'planetary_stage/four_planet_4to1_stage':['planetary_carrier_ratio']}\n for i in range(1,5):nodes['motion_joint/planet_'+str(i)+'_carrier_hinge']=['planet_'+str(i)+'_carrier_hinge']\n for eid in facts['entity_ids']:\n  if eid in nodes:g=nodes[eid]\n  elif eid[:5]=='link/':g=[eid[5:]]\n  else:g=['base']\n  out.decision(eid,action='emitted' if eid[:5]=='link/' or eid in nodes else 'represented_by',generated_nodes=g,reason='represented by emitted topology node',fact_ids=[eid])\n", 'expected_revision': 2})
[tool] run_mjcf_gate({})
[mjcf-agent] accepted revision 3 after 3 candidate(s)
[support] could not build/load the support model (topology_plan must name a valid support_ground); skipping
Loading weights:   0%|          | 0/103 [00:00<?, ?it/s]Loading weights: 100%|██████████| 103/103 [00:00<00:00, 8403.29it/s]
[physics] corrected input joint 'place_input_shaft' -> 'input_shaft' (role: driver_input)
[physics] driving 'input_shaft' -> output 'place_output_sleeve', watching 7 transmission joints
[physics] mujoco scenario designed: watch 7 joints, output 'place_output_sleeve'
[physics] check 'planetary_reduction_ratio': value=4.0 expected=4.0 +/- 0.08 input-to-carrier, same direction -> OK (Computed from total input_shaft_hinge travel divided by total output_sleeve_hinge travel.)
[physics] mujoco VLM verdict=pass cause=none :: The stable open-frame planetary reducer transmitted the full 12.0 rad input motion to 3.0 rad of car
[single-agent] iter 0 score=-inf (best=-inf)
ARTIFACT_JSON:{"kind": "physics", "iter": 0, "run_dir": "C:\\Users\\t-zhijjiang\\Downloads\\PhysCADResearcher\\output\\comfort_benchmark_v1_20260811\\06_four_planet_4to1\\design_this_as_an_open_demonstra_20260811_171638", "render_dir": "C:\\Users\\t-zhijjiang\\Downloads\\PhysCADResearcher\\output\\comfort_benchmark_v1_20260811\\06_four_planet_4to1\\design_this_as_an_open_demonstra_20260811_171638", "passed": true, "score": -Infinity, "physics": {"passed": true, "verdict": "PASS", "summary": "drive: PASS \u2014 input moved 12.0 rad, 7/7 downstream joints moved reached output", "metrics": {"verdict": "PASS", "test_kind": "driven_mechanism", "survive_s": 3.0, "input_joint": "input_shaft_hinge", "input_part": "input_shaft", "input_travel": 12.0, "input_unit": "rad", "moved_count": 7, "watched_count": 7, "output_reached": true, "exploded": false, "output_travel": 3.0, "output_unit": "rad", "ratio_in_out": 4.0, "displaced_parts": [{"part": "crank_handle", "disp_mm": 36.0}, {"part": "planet_pin_1", "disp_mm": 31.92}, {"part": "planet_1", "disp_mm": 31.92}, {"part": "planet_pin_2", "disp_mm": 31.92}, {"part": "planet_2", "disp_mm": 31.92}, {"part": "planet_pin_3", "disp_mm": 31.92}, {"part": "planet_3", "disp_mm": 31.92}, {"part": "planet_pin_4", "disp_mm": 31.92}], "end_z": 0.0, "max_tilt_deg": 0.0, "max_drift": 0.036, "functional_checks": [{"name": "planetary_reduction_ratio", "value": 4.0, "expected": "4.0 +/- 0.08 input-to-carrier, same direction", "passed": true, "detail": "Computed from total input_shaft_hinge travel divided by total output_sleeve_hinge travel."}], "functional_ok": true}, "stability": {"verdict": "PASS", "exploded": false, "max_disp_m": 0.0, "end_z": 0.0, "displaced_parts": []}, "cause": "none", "reason": "No fault domain survived deterministic verification.", "design": {"input_joint": "input_shaft", "output_joint": "place_output_sleeve", "watch_joints": ["place_output_sleeve", "place_carrier", "place_sun_gear", "place_planet_1", "place_planet_2", "place_planet_3", "place_planet_4"], "propagation_path": ["place_input_shaft", "place_carrier", "place_sun_gear", "place_planet_1", "place_planet_2", "place_planet_3", "place_planet_4", "place_output_sleeve"], "pass_criteria": null, "environment": "Bench-mounted and driven on a stable open demonstration stand. The locked camera uses an unobstructed three-quarter view so the fixed_ring_gear, sun_gear, all four exposed planets and pins, carrier, crank, bearings, and output remain visible.", "camera": {"target_link": "carrier", "azimuth_deg": 40.0, "elevation_deg": -28.0, "distance_scale": 2.5, "locked": true}}, "diagnosis": {"verdict": "pass", "cause": "none", "reason": "No fault domain survived deterministic verification.", "culprit_part": "", "culprit_sub": "", "evidence": [], "fault_domain": "evaluator", "fault_code": "insufficient_verified_evidence", "verified": false, "confidence": 1.0, "culprit_entities": [], "routing": {"action": "halt_harness", "allow_agent_refinement": false}, "diagnosis_version": 2, "persistence": {}, "legacy": {"cause": "structure"}}, "frames_dir": "C:\\Users\\t-zhijjiang\\Downloads\\PhysCADResearcher\\output\\comfort_benchmark_v1_20260811\\06_four_planet_4to1\\design_this_as_an_open_demonstra_20260811_171638\\physics\\mujoco_0\\frames", "video": "physics/mujoco_0/model.mp4", "tests": [{"name": "drive", "strategy": "driven_mechanism", "verdict": "PASS", "metrics": {"verdict": "PASS", "test_kind": "driven_mechanism", "survive_s": 3.0, "input_joint": "input_shaft_hinge", "input_part": "input_shaft", "input_travel": 12.0, "input_unit": "rad", "moved_count": 7, "watched_count": 7, "output_reached": true, "exploded": false, "output_travel": 3.0, "output_unit": "rad", "ratio_in_out": 4.0, "displaced_parts": [{"part": "crank_handle", "disp_mm": 36.0}, {"part": "planet_pin_1", "disp_mm": 31.92}, {"part": "planet_1", "disp_mm": 31.92}, {"part": "planet_pin_2", "disp_mm": 31.92}, {"part": "planet_2", "disp_mm": 31.92}, {"part": "planet_pin_3", "disp_mm": 31.92}, {"part": "planet_3", "disp_mm": 31.92}, {"part": "planet_pin_4", "disp_mm": 31.92}], "end_z": 0.0, "max_tilt_deg": 0.0, "max_drift": 0.036, "functional_checks": [{"name": "planetary_reduction_ratio", "value": 4.0, "expected": "4.0 +/- 0.08 input-to-carrier, same direction", "passed": true, "detail": "Computed from total input_shaft_hinge travel divided by total output_sleeve_hinge travel."}], "functional_ok": true}, "stability": {"verdict": "PASS", "exploded": false, "max_disp_m": 0.0, "end_z": 0.0, "displaced_parts": []}, "summary": "drive: PASS \u2014 input moved 12.0 rad, 7/7 downstream joints moved reached output", "cause": "none", "evidence": [], "reason": "No fault domain survived deterministic verification.", "design": {"input_joint": "input_shaft", "output_joint": "place_output_sleeve", "watch_joints": ["place_output_sleeve", "place_carrier", "place_sun_gear", "place_planet_1", "place_planet_2", "place_planet_3", "place_planet_4"], "propagation_path": ["place_input_shaft", "place_carrier", "place_sun_gear", "place_planet_1", "place_planet_2", "place_planet_3", "place_planet_4", "place_output_sleeve"], "pass_criteria": null, "environment": "Bench-mounted and driven on a stable open demonstration stand. The locked camera uses an unobstructed three-quarter view so the fixed_ring_gear, sun_gear, all four exposed planets and pins, carrier, crank, bearings, and output remain visible.", "camera": {"target_link": "carrier", "azimuth_deg": 40.0, "elevation_deg": -28.0, "distance_scale": 2.5, "locked": true}}, "frames_dir": "C:\\Users\\t-zhijjiang\\Downloads\\PhysCADResearcher\\output\\comfort_benchmark_v1_20260811\\06_four_planet_4to1\\design_this_as_an_open_demonstra_20260811_171638\\physics\\mujoco_0\\frames", "video": "physics/mujoco_0/model.mp4"}]}}
[single-agent] PASS on iteration 0: mechanism transmits
RESULT_JSON:{"ok": true, "run_dir": "C:\\Users\\t-zhijjiang\\Downloads\\PhysCADResearcher\\output\\comfort_benchmark_v1_20260811\\06_four_planet_4to1\\design_this_as_an_open_demonstra_20260811_171638", "render_dir": "C:\\Users\\t-zhijjiang\\Downloads\\PhysCADResearcher\\output\\comfort_benchmark_v1_20260811\\06_four_planet_4to1\\design_this_as_an_open_demonstra_20260811_171638", "iterations": 1, "hierarchy": false, "single_agent": true, "physics": {"passed": true, "verdict": "PASS", "summary": "drive: PASS \u2014 input moved 12.0 rad, 7/7 downstream joints moved reached output", "metrics": {"verdict": "PASS", "test_kind": "driven_mechanism", "survive_s": 3.0, "input_joint": "input_shaft_hinge", "input_part": "input_shaft", "input_travel": 12.0, "input_unit": "rad", "moved_count": 7, "watched_count": 7, "output_reached": true, "exploded": false, "output_travel": 3.0, "output_unit": "rad", "ratio_in_out": 4.0, "displaced_parts": [{"part": "crank_handle", "disp_mm": 36.0}, {"part": "planet_pin_1", "disp_mm": 31.92}, {"part": "planet_1", "disp_mm": 31.92}, {"part": "planet_pin_2", "disp_mm": 31.92}, {"part": "planet_2", "disp_mm": 31.92}, {"part": "planet_pin_3", "disp_mm": 31.92}, {"part": "planet_3", "disp_mm": 31.92}, {"part": "planet_pin_4", "disp_mm": 31.92}], "end_z": 0.0, "max_tilt_deg": 0.0, "max_drift": 0.036, "functional_checks": [{"name": "planetary_reduction_ratio", "value": 4.0, "expected": "4.0 +/- 0.08 input-to-carrier, same direction", "passed": true, "detail": "Computed from total input_shaft_hinge travel divided by total output_sleeve_hinge travel."}], "functional_ok": true}, "stability": {"verdict": "PASS", "exploded": false, "max_disp_m": 0.0, "end_z": 0.0, "displaced_parts": []}, "cause": "none", "reason": "No fault domain survived deterministic verification.", "design": {"input_joint": "input_shaft", "output_joint": "place_output_sleeve", "watch_joints": ["place_output_sleeve", "place_carrier", "place_sun_gear", "place_planet_1", "place_planet_2", "place_planet_3", "place_planet_4"], "propagation_path": ["place_input_shaft", "place_carrier", "place_sun_gear", "place_planet_1", "place_planet_2", "place_planet_3", "place_planet_4", "place_output_sleeve"], "pass_criteria": null, "environment": "Bench-mounted and driven on a stable open demonstration stand. The locked camera uses an unobstructed three-quarter view so the fixed_ring_gear, sun_gear, all four exposed planets and pins, carrier, crank, bearings, and output remain visible.", "camera": {"target_link": "carrier", "azimuth_deg": 40.0, "elevation_deg": -28.0, "distance_scale": 2.5, "locked": true}}, "diagnosis": {"verdict": "pass", "cause": "none", "reason": "No fault domain survived deterministic verification.", "culprit_part": "", "culprit_sub": "", "evidence": [], "fault_domain": "evaluator", "fault_code": "insufficient_verified_evidence", "verified": false, "confidence": 1.0, "culprit_entities": [], "routing": {"action": "halt_harness", "allow_agent_refinement": false}, "diagnosis_version": 2, "persistence": {}, "legacy": {"cause": "structure"}}, "frames_dir": "C:\\Users\\t-zhijjiang\\Downloads\\PhysCADResearcher\\output\\comfort_benchmark_v1_20260811\\06_four_planet_4to1\\design_this_as_an_open_demonstra_20260811_171638\\physics\\mujoco_0\\frames", "video": "physics/mujoco_0/model.mp4", "tests": [{"name": "drive", "strategy": "driven_mechanism", "verdict": "PASS", "metrics": {"verdict": "PASS", "test_kind": "driven_mechanism", "survive_s": 3.0, "input_joint": "input_shaft_hinge", "input_part": "input_shaft", "input_travel": 12.0, "input_unit": "rad", "moved_count": 7, "watched_count": 7, "output_reached": true, "exploded": false, "output_travel": 3.0, "output_unit": "rad", "ratio_in_out": 4.0, "displaced_parts": [{"part": "crank_handle", "disp_mm": 36.0}, {"part": "planet_pin_1", "disp_mm": 31.92}, {"part": "planet_1", "disp_mm": 31.92}, {"part": "planet_pin_2", "disp_mm": 31.92}, {"part": "planet_2", "disp_mm": 31.92}, {"part": "planet_pin_3", "disp_mm": 31.92}, {"part": "planet_3", "disp_mm": 31.92}, {"part": "planet_pin_4", "disp_mm": 31.92}], "end_z": 0.0, "max_tilt_deg": 0.0, "max_drift": 0.036, "functional_checks": [{"name": "planetary_reduction_ratio", "value": 4.0, "expected": "4.0 +/- 0.08 input-to-carrier, same direction", "passed": true, "detail": "Computed from total input_shaft_hinge travel divided by total output_sleeve_hinge travel."}], "functional_ok": true}, "stability": {"verdict": "PASS", "exploded": false, "max_disp_m": 0.0, "end_z": 0.0, "displaced_parts": []}, "summary": "drive: PASS \u2014 input moved 12.0 rad, 7/7 downstream joints moved reached output", "cause": "none", "evidence": [], "reason": "No fault domain survived deterministic verification.", "design": {"input_joint": "input_shaft", "output_joint": "place_output_sleeve", "watch_joints": ["place_output_sleeve", "place_carrier", "place_sun_gear", "place_planet_1", "place_planet_2", "place_planet_3", "place_planet_4"], "propagation_path": ["place_input_shaft", "place_carrier", "place_sun_gear", "place_planet_1", "place_planet_2", "place_planet_3", "place_planet_4", "place_output_sleeve"], "pass_criteria": null, "environment": "Bench-mounted and driven on a stable open demonstration stand. The locked camera uses an unobstructed three-quarter view so the fixed_ring_gear, sun_gear, all four exposed planets and pins, carrier, crank, bearings, and output remain visible.", "camera": {"target_link": "carrier", "azimuth_deg": 40.0, "elevation_deg": -28.0, "distance_scale": 2.5, "locked": true}}, "frames_dir": "C:\\Users\\t-zhijjiang\\Downloads\\PhysCADResearcher\\output\\comfort_benchmark_v1_20260811\\06_four_planet_4to1\\design_this_as_an_open_demonstra_20260811_171638\\physics\\mujoco_0\\frames", "video": "physics/mujoco_0/model.mp4"}]}}
